04:06:20 **** Incremental Build of configuration Debug for project Driver_Interface ****
make all 
'Building file: ../Application/User/CAN.c'
'Invoking: MCU GCC Compiler'
C:\Users\Tom\Documents\CMR\STM32 Development\firmware\Driver_Interface\SW4STM32\Driver_Interface\Debug
arm-none-eabi-gcc -mcpu=cortex-m4 -mthumb -mfloat-abi=hard -mfpu=fpv4-sp-d16 -D__weak="__attribute__((weak))" -D__packed="__attribute__((__packed__))" -DUSE_HAL_DRIVER -DSTM32F429xx -I"C:/Users/Tom/Documents/CMR/STM32 Development/firmware/Driver_Interface/SW4STM32/Driver_Interface/Application/User" -I"C:/Users/Tom/Documents/CMR/STM32 Development/firmware/Driver_Interface/Inc" -I"C:/Users/Tom/Documents/CMR/STM32 Development/firmware/Driver_Interface/Drivers/STM32F4xx_HAL_Driver/Inc" -I"C:/Users/Tom/Documents/CMR/STM32 Development/firmware/Driver_Interface/Drivers/STM32F4xx_HAL_Driver/Inc/Legacy" -I"C:/Users/Tom/Documents/CMR/STM32 Development/firmware/Driver_Interface/Middlewares/Third_Party/FreeRTOS/Source/portable/GCC/ARM_CM4F" -I"C:/Users/Tom/Documents/CMR/STM32 Development/firmware/Driver_Interface/Middlewares/Third_Party/FreeRTOS/Source/include" -I"C:/Users/Tom/Documents/CMR/STM32 Development/firmware/Driver_Interface/Middlewares/Third_Party/FreeRTOS/Source/CMSIS_RTOS" -I"C:/Users/Tom/Documents/CMR/STM32 Development/firmware/Driver_Interface/Drivers/CMSIS/Include" -I"C:/Users/Tom/Documents/CMR/STM32 Development/firmware/Driver_Interface/Drivers/CMSIS/Device/ST/STM32F4xx/Include" -I"C:/Users/Tom/Documents/CMR/STM32 Development/firmware/Driver_Interface/Inc"  -Os -g3 -Wall -fmessage-length=0 -ffunction-sections -c -fmessage-length=0 -MMD -MP -MF"Application/User/CAN.d" -MT"Application/User/CAN.o" -o "Application/User/CAN.o" "../Application/User/CAN.c"
'Finished building: ../Application/User/CAN.c'
' '
'Building file: C:/Users/Tom/Documents/CMR/STM32 Development/firmware/Driver_Interface/Src/main.c'
'Invoking: MCU GCC Compiler'
C:\Users\Tom\Documents\CMR\STM32 Development\firmware\Driver_Interface\SW4STM32\Driver_Interface\Debug
arm-none-eabi-gcc -mcpu=cortex-m4 -mthumb -mfloat-abi=hard -mfpu=fpv4-sp-d16 -D__weak="__attribute__((weak))" -D__packed="__attribute__((__packed__))" -DUSE_HAL_DRIVER -DSTM32F429xx -I"C:/Users/Tom/Documents/CMR/STM32 Development/firmware/Driver_Interface/SW4STM32/Driver_Interface/Application/User" -I"C:/Users/Tom/Documents/CMR/STM32 Development/firmware/Driver_Interface/Inc" -I"C:/Users/Tom/Documents/CMR/STM32 Development/firmware/Driver_Interface/Drivers/STM32F4xx_HAL_Driver/Inc" -I"C:/Users/Tom/Documents/CMR/STM32 Development/firmware/Driver_Interface/Drivers/STM32F4xx_HAL_Driver/Inc/Legacy" -I"C:/Users/Tom/Documents/CMR/STM32 Development/firmware/Driver_Interface/Middlewares/Third_Party/FreeRTOS/Source/portable/GCC/ARM_CM4F" -I"C:/Users/Tom/Documents/CMR/STM32 Development/firmware/Driver_Interface/Middlewares/Third_Party/FreeRTOS/Source/include" -I"C:/Users/Tom/Documents/CMR/STM32 Development/firmware/Driver_Interface/Middlewares/Third_Party/FreeRTOS/Source/CMSIS_RTOS" -I"C:/Users/Tom/Documents/CMR/STM32 Development/firmware/Driver_Interface/Drivers/CMSIS/Include" -I"C:/Users/Tom/Documents/CMR/STM32 Development/firmware/Driver_Interface/Drivers/CMSIS/Device/ST/STM32F4xx/Include" -I"C:/Users/Tom/Documents/CMR/STM32 Development/firmware/Driver_Interface/Inc"  -Os -g3 -Wall -fmessage-length=0 -ffunction-sections -c -fmessage-length=0 -MMD -MP -MF"Application/User/main.d" -MT"Application/User/main.o" -o "Application/User/main.o" "C:/Users/Tom/Documents/CMR/STM32 Development/firmware/Driver_Interface/Src/main.c"
C:/Users/Tom/Documents/CMR/STM32 Development/firmware/Driver_Interface/Src/main.c: In function 'main':
C:/Users/Tom/Documents/CMR/STM32 Development/firmware/Driver_Interface/Src/main.c:118:3: warning: implicit declaration of function 'InitializeCANBUS2' [-Wimplicit-function-declaration]
   InitializeCANBUS2();
   ^
In file included from C:/Users/Tom/Documents/CMR/STM32 Development/firmware/Driver_Interface/Src/main.c:35:0:
C:/Users/Tom/Documents/CMR/STM32 Development/firmware/Driver_Interface/Middlewares/Third_Party/FreeRTOS/Source/CMSIS_RTOS/cmsis_os.h:428:10: warning: initialization from incompatible pointer type [-Wincompatible-pointer-types]
 { #name, (thread), (priority), (instances), (stacksz)  }
          ^
C:/Users/Tom/Documents/CMR/STM32 Development/firmware/Driver_Interface/Src/main.c:140:4: note: in expansion of macro 'osThreadDef'
    osThreadDef(buttonTask, vPollButtonsTask, osPriorityAboveNormal, 1, 128);
    ^
C:/Users/Tom/Documents/CMR/STM32 Development/firmware/Driver_Interface/Middlewares/Third_Party/FreeRTOS/Source/CMSIS_RTOS/cmsis_os.h:428:10: note: (near initialization for 'os_thread_def_buttonTask.pthread')
 { #name, (thread), (priority), (instances), (stacksz)  }
          ^
C:/Users/Tom/Documents/CMR/STM32 Development/firmware/Driver_Interface/Src/main.c:140:4: note: in expansion of macro 'osThreadDef'
    osThreadDef(buttonTask, vPollButtonsTask, osPriorityAboveNormal, 1, 128);
    ^
C:/Users/Tom/Documents/CMR/STM32 Development/firmware/Driver_Interface/Middlewares/Third_Party/FreeRTOS/Source/CMSIS_RTOS/cmsis_os.h:428:10: warning: initialization from incompatible pointer type [-Wincompatible-pointer-types]
 { #name, (thread), (priority), (instances), (stacksz)  }
          ^
C:/Users/Tom/Documents/CMR/STM32 Development/firmware/Driver_Interface/Src/main.c:143:4: note: in expansion of macro 'osThreadDef'
    osThreadDef(ledTask, vLedUpdateTask, osPriorityAboveNormal, 1, 500);
    ^
C:/Users/Tom/Documents/CMR/STM32 Development/firmware/Driver_Interface/Middlewares/Third_Party/FreeRTOS/Source/CMSIS_RTOS/cmsis_os.h:428:10: note: (near initialization for 'os_thread_def_ledTask.pthread')
 { #name, (thread), (priority), (instances), (stacksz)  }
          ^
C:/Users/Tom/Documents/CMR/STM32 Development/firmware/Driver_Interface/Src/main.c:143:4: note: in expansion of macro 'osThreadDef'
    osThreadDef(ledTask, vLedUpdateTask, osPriorityAboveNormal, 1, 500);
    ^
In file included from C:/Users/Tom/Documents/CMR/STM32 Development/firmware/Driver_Interface/Src/main.c:38:0:
C:/Users/Tom/Documents/CMR/STM32 Development/firmware/Driver_Interface/Src/main.c: At top level:
C:/Users/Tom/Documents/CMR/STM32 Development/firmware/Driver_Interface/SW4STM32/Driver_Interface/Application/User/buttons.h:38:20: warning: 'getButtonState' declared 'static' but never defined [-Wunused-function]
 static buttonState getButtonState(GPIO_PinState pinState);
                    ^
C:/Users/Tom/Documents/CMR/STM32 Development/firmware/Driver_Interface/SW4STM32/Driver_Interface/Application/User/buttons.h:39:13: warning: 'updateButton' declared 'static' but never defined [-Wunused-function]
 static void updateButton(GPIO_TypeDef * GPIOx, uint16_t GPIO_pin, ButtonObject buttonObject);
             ^
C:/Users/Tom/Documents/CMR/STM32 Development/firmware/Driver_Interface/Src/main.c:218:6: warning: 'MX_CAN2_Init' defined but not used [-Wunused-function]
 void MX_CAN2_Init(void)
      ^
C:/Users/Tom/Documents/CMR/STM32 Development/firmware/Driver_Interface/Src/main.c:84:13: warning: 'USER_CAN2_Init' declared 'static' but never defined [-Wunused-function]
 static void USER_CAN2_Init(void);
             ^
'Finished building: C:/Users/Tom/Documents/CMR/STM32 Development/firmware/Driver_Interface/Src/main.c'
' '
'Building target: Driver_Interface.elf'
'Invoking: MCU GCC Linker'
arm-none-eabi-gcc -mcpu=cortex-m4 -mthumb -mfloat-abi=hard -mfpu=fpv4-sp-d16 -specs=nosys.specs -specs=nano.specs -T"../STM32F429ZITx_FLASH.ld" -Wl,-Map=output.map -Wl,--gc-sections -lm -o "Driver_Interface.elf" @"objects.list"  
'Finished building target: Driver_Interface.elf'
' '
make --no-print-directory post-build
'Generating binary and Printing size information:'
arm-none-eabi-objcopy -O binary "Driver_Interface.elf" "Driver_Interface.bin"
arm-none-eabi-size "Driver_Interface.elf"
   text	   data	    bss	    dec	    hex	filename
  15984	     20	  18068	  34072	   8518	Driver_Interface.elf
' '

04:06:23 Build Finished (took 2s.649ms)

