03:26:12 **** Incremental Build of configuration Debug for project Driver_Interface ****
make all 
'Building file: C:/Users/Tom/Documents/CMR/STM32 Development/firmware/Driver_Interface/Src/main.c'
'Invoking: MCU GCC Compiler'
C:\Users\Tom\Documents\CMR\STM32 Development\firmware\Driver_Interface\SW4STM32\Driver_Interface\Debug
arm-none-eabi-gcc -mcpu=cortex-m4 -mthumb -mfloat-abi=hard -mfpu=fpv4-sp-d16 -D__weak="__attribute__((weak))" -D__packed="__attribute__((__packed__))" -DUSE_HAL_DRIVER -DSTM32F429xx -I"C:/Users/Tom/Documents/CMR/STM32 Development/firmware/Driver_Interface/SW4STM32/Driver_Interface/Application/User" -I"C:/Users/Tom/Documents/CMR/STM32 Development/firmware/Driver_Interface/Inc" -I"C:/Users/Tom/Documents/CMR/STM32 Development/firmware/Driver_Interface/Drivers/STM32F4xx_HAL_Driver/Inc" -I"C:/Users/Tom/Documents/CMR/STM32 Development/firmware/Driver_Interface/Drivers/STM32F4xx_HAL_Driver/Inc/Legacy" -I"C:/Users/Tom/Documents/CMR/STM32 Development/firmware/Driver_Interface/Middlewares/Third_Party/FreeRTOS/Source/portable/GCC/ARM_CM4F" -I"C:/Users/Tom/Documents/CMR/STM32 Development/firmware/Driver_Interface/Middlewares/Third_Party/FreeRTOS/Source/include" -I"C:/Users/Tom/Documents/CMR/STM32 Development/firmware/Driver_Interface/Middlewares/Third_Party/FreeRTOS/Source/CMSIS_RTOS" -I"C:/Users/Tom/Documents/CMR/STM32 Development/firmware/Driver_Interface/Drivers/CMSIS/Include" -I"C:/Users/Tom/Documents/CMR/STM32 Development/firmware/Driver_Interface/Drivers/CMSIS/Device/ST/STM32F4xx/Include" -I"C:/Users/Tom/Documents/CMR/STM32 Development/firmware/Library"  -Os -g3 -Wall -fmessage-length=0 -ffunction-sections -c -fmessage-length=0 -MMD -MP -MF"Application/User/main.d" -MT"Application/User/main.o" -o "Application/User/main.o" "C:/Users/Tom/Documents/CMR/STM32 Development/firmware/Driver_Interface/Src/main.c"
In file included from C:/Users/Tom/Documents/CMR/STM32 Development/firmware/Driver_Interface/Src/main.c:35:0:
C:/Users/Tom/Documents/CMR/STM32 Development/firmware/Driver_Interface/Src/main.c: In function 'main':
C:/Users/Tom/Documents/CMR/STM32 Development/firmware/Driver_Interface/Middlewares/Third_Party/FreeRTOS/Source/CMSIS_RTOS/cmsis_os.h:428:10: warning: initialization from incompatible pointer type [-Wincompatible-pointer-types]
 { #name, (thread), (priority), (instances), (stacksz)  }
          ^
C:/Users/Tom/Documents/CMR/STM32 Development/firmware/Driver_Interface/Src/main.c:153:4: note: in expansion of macro 'osThreadDef'
    osThreadDef(buttonTask, vPollButtonsTask, osPriorityAboveNormal, 1, 500);
    ^
C:/Users/Tom/Documents/CMR/STM32 Development/firmware/Driver_Interface/Middlewares/Third_Party/FreeRTOS/Source/CMSIS_RTOS/cmsis_os.h:428:10: note: (near initialization for 'os_thread_def_buttonTask.pthread')
 { #name, (thread), (priority), (instances), (stacksz)  }
          ^
C:/Users/Tom/Documents/CMR/STM32 Development/firmware/Driver_Interface/Src/main.c:153:4: note: in expansion of macro 'osThreadDef'
    osThreadDef(buttonTask, vPollButtonsTask, osPriorityAboveNormal, 1, 500);
    ^
C:/Users/Tom/Documents/CMR/STM32 Development/firmware/Driver_Interface/Middlewares/Third_Party/FreeRTOS/Source/CMSIS_RTOS/cmsis_os.h:428:10: warning: initialization from incompatible pointer type [-Wincompatible-pointer-types]
 { #name, (thread), (priority), (instances), (stacksz)  }
          ^
C:/Users/Tom/Documents/CMR/STM32 Development/firmware/Driver_Interface/Src/main.c:156:4: note: in expansion of macro 'osThreadDef'
    osThreadDef(ledTask, vLedUpdateTask, osPriorityAboveNormal, 1, 500);
    ^
C:/Users/Tom/Documents/CMR/STM32 Development/firmware/Driver_Interface/Middlewares/Third_Party/FreeRTOS/Source/CMSIS_RTOS/cmsis_os.h:428:10: note: (near initialization for 'os_thread_def_ledTask.pthread')
 { #name, (thread), (priority), (instances), (stacksz)  }
          ^
C:/Users/Tom/Documents/CMR/STM32 Development/firmware/Driver_Interface/Src/main.c:156:4: note: in expansion of macro 'osThreadDef'
    osThreadDef(ledTask, vLedUpdateTask, osPriorityAboveNormal, 1, 500);
    ^
C:/Users/Tom/Documents/CMR/STM32 Development/firmware/Driver_Interface/Middlewares/Third_Party/FreeRTOS/Source/CMSIS_RTOS/cmsis_os.h:428:10: warning: initialization from incompatible pointer type [-Wincompatible-pointer-types]
 { #name, (thread), (priority), (instances), (stacksz)  }
          ^
C:/Users/Tom/Documents/CMR/STM32 Development/firmware/Driver_Interface/Src/main.c:159:4: note: in expansion of macro 'osThreadDef'
    osThreadDef(canTask, vCanTask, osPriorityAboveNormal, 1, 500);
    ^
C:/Users/Tom/Documents/CMR/STM32 Development/firmware/Driver_Interface/Middlewares/Third_Party/FreeRTOS/Source/CMSIS_RTOS/cmsis_os.h:428:10: note: (near initialization for 'os_thread_def_canTask.pthread')
 { #name, (thread), (priority), (instances), (stacksz)  }
          ^
C:/Users/Tom/Documents/CMR/STM32 Development/firmware/Driver_Interface/Src/main.c:159:4: note: in expansion of macro 'osThreadDef'
    osThreadDef(canTask, vCanTask, osPriorityAboveNormal, 1, 500);
    ^
C:/Users/Tom/Documents/CMR/STM32 Development/firmware/Driver_Interface/Src/main.c: At top level:
C:/Users/Tom/Documents/CMR/STM32 Development/firmware/Driver_Interface/Src/main.c:238:6: warning: 'MX_CAN2_Init' defined but not used [-Wunused-function]
 void MX_CAN2_Init(void)
      ^
'Finished building: C:/Users/Tom/Documents/CMR/STM32 Development/firmware/Driver_Interface/Src/main.c'
' '
'Building target: Driver_Interface.elf'
'Invoking: MCU GCC Linker'
arm-none-eabi-gcc -mcpu=cortex-m4 -mthumb -mfloat-abi=hard -mfpu=fpv4-sp-d16 -specs=nosys.specs -specs=nano.specs -T"../STM32F429ZITx_FLASH.ld" -Wl,-Map=output.map -Wl,--gc-sections -lm -o "Driver_Interface.elf" @"objects.list"  
'Finished building target: Driver_Interface.elf'
' '
make --no-print-directory post-build
'Generating binary and Printing size information:'
arm-none-eabi-objcopy -O binary "Driver_Interface.elf" "Driver_Interface.bin"
arm-none-eabi-size "Driver_Interface.elf"
   text	   data	    bss	    dec	    hex	filename
  17492	     20	  18140	  35652	   8b44	Driver_Interface.elf
' '
