17:36:21 **** Incremental Build of configuration Debug for project Driver_Interface ****
make all 
'Building file: C:/Users/Tom/Documents/CMR/STM32 Development/firmware/Driver_Interface/Middlewares/Third_Party/FreeRTOS/Source/CMSIS_RTOS/cmsis_os.c'
'Invoking: MCU GCC Compiler'
C:\Users\Tom\Documents\CMR\STM32 Development\firmware\Driver_Interface\SW4STM32\Driver_Interface\Debug
arm-none-eabi-gcc -mcpu=cortex-m4 -mthumb -mfloat-abi=hard -mfpu=fpv4-sp-d16 -D__weak="__attribute__((weak))" -D__packed="__attribute__((__packed__))" -DUSE_HAL_DRIVER -DSTM32F429xx -I"C:/Users/Tom/Documents/CMR/STM32 Development/firmware/Driver_Interface/SW4STM32/Driver_Interface/Application/User" -I"C:/Users/Tom/Documents/CMR/STM32 Development/firmware/Driver_Interface/Inc" -I"C:/Users/Tom/Documents/CMR/STM32 Development/firmware/Driver_Interface/Drivers/STM32F4xx_HAL_Driver/Inc" -I"C:/Users/Tom/Documents/CMR/STM32 Development/firmware/Driver_Interface/Drivers/STM32F4xx_HAL_Driver/Inc/Legacy" -I"C:/Users/Tom/Documents/CMR/STM32 Development/firmware/Driver_Interface/Middlewares/Third_Party/FreeRTOS/Source/portable/GCC/ARM_CM4F" -I"C:/Users/Tom/Documents/CMR/STM32 Development/firmware/Driver_Interface/Middlewares/Third_Party/FreeRTOS/Source/include" -I"C:/Users/Tom/Documents/CMR/STM32 Development/firmware/Driver_Interface/Middlewares/Third_Party/FreeRTOS/Source/CMSIS_RTOS" -I"C:/Users/Tom/Documents/CMR/STM32 Development/firmware/Driver_Interface/Drivers/CMSIS/Include" -I"C:/Users/Tom/Documents/CMR/STM32 Development/firmware/Driver_Interface/Drivers/CMSIS/Device/ST/STM32F4xx/Include" -I"C:/Users/Tom/Documents/CMR/STM32 Development/firmware/Driver_Interface/Inc"  -Os -g3 -Wall -fmessage-length=0 -ffunction-sections -c -fmessage-length=0 -MMD -MP -MF"Middlewares/FreeRTOS/cmsis_os.d" -MT"Middlewares/FreeRTOS/cmsis_os.o" -o "Middlewares/FreeRTOS/cmsis_os.o" "C:/Users/Tom/Documents/CMR/STM32 Development/firmware/Driver_Interface/Middlewares/Third_Party/FreeRTOS/Source/CMSIS_RTOS/cmsis_os.c"
'Finished building: C:/Users/Tom/Documents/CMR/STM32 Development/firmware/Driver_Interface/Middlewares/Third_Party/FreeRTOS/Source/CMSIS_RTOS/cmsis_os.c'
' '
'Building file: C:/Users/Tom/Documents/CMR/STM32 Development/firmware/Driver_Interface/Middlewares/Third_Party/FreeRTOS/Source/croutine.c'
'Invoking: MCU GCC Compiler'
C:\Users\Tom\Documents\CMR\STM32 Development\firmware\Driver_Interface\SW4STM32\Driver_Interface\Debug
arm-none-eabi-gcc -mcpu=cortex-m4 -mthumb -mfloat-abi=hard -mfpu=fpv4-sp-d16 -D__weak="__attribute__((weak))" -D__packed="__attribute__((__packed__))" -DUSE_HAL_DRIVER -DSTM32F429xx -I"C:/Users/Tom/Documents/CMR/STM32 Development/firmware/Driver_Interface/SW4STM32/Driver_Interface/Application/User" -I"C:/Users/Tom/Documents/CMR/STM32 Development/firmware/Driver_Interface/Inc" -I"C:/Users/Tom/Documents/CMR/STM32 Development/firmware/Driver_Interface/Drivers/STM32F4xx_HAL_Driver/Inc" -I"C:/Users/Tom/Documents/CMR/STM32 Development/firmware/Driver_Interface/Drivers/STM32F4xx_HAL_Driver/Inc/Legacy" -I"C:/Users/Tom/Documents/CMR/STM32 Development/firmware/Driver_Interface/Middlewares/Third_Party/FreeRTOS/Source/portable/GCC/ARM_CM4F" -I"C:/Users/Tom/Documents/CMR/STM32 Development/firmware/Driver_Interface/Middlewares/Third_Party/FreeRTOS/Source/include" -I"C:/Users/Tom/Documents/CMR/STM32 Development/firmware/Driver_Interface/Middlewares/Third_Party/FreeRTOS/Source/CMSIS_RTOS" -I"C:/Users/Tom/Documents/CMR/STM32 Development/firmware/Driver_Interface/Drivers/CMSIS/Include" -I"C:/Users/Tom/Documents/CMR/STM32 Development/firmware/Driver_Interface/Drivers/CMSIS/Device/ST/STM32F4xx/Include" -I"C:/Users/Tom/Documents/CMR/STM32 Development/firmware/Driver_Interface/Inc"  -Os -g3 -Wall -fmessage-length=0 -ffunction-sections -c -fmessage-length=0 -MMD -MP -MF"Middlewares/FreeRTOS/croutine.d" -MT"Middlewares/FreeRTOS/croutine.o" -o "Middlewares/FreeRTOS/croutine.o" "C:/Users/Tom/Documents/CMR/STM32 Development/firmware/Driver_Interface/Middlewares/Third_Party/FreeRTOS/Source/croutine.c"
'Finished building: C:/Users/Tom/Documents/CMR/STM32 Development/firmware/Driver_Interface/Middlewares/Third_Party/FreeRTOS/Source/croutine.c'
' '
'Building file: C:/Users/Tom/Documents/CMR/STM32 Development/firmware/Driver_Interface/Middlewares/Third_Party/FreeRTOS/Source/event_groups.c'
'Invoking: MCU GCC Compiler'
C:\Users\Tom\Documents\CMR\STM32 Development\firmware\Driver_Interface\SW4STM32\Driver_Interface\Debug
arm-none-eabi-gcc -mcpu=cortex-m4 -mthumb -mfloat-abi=hard -mfpu=fpv4-sp-d16 -D__weak="__attribute__((weak))" -D__packed="__attribute__((__packed__))" -DUSE_HAL_DRIVER -DSTM32F429xx -I"C:/Users/Tom/Documents/CMR/STM32 Development/firmware/Driver_Interface/SW4STM32/Driver_Interface/Application/User" -I"C:/Users/Tom/Documents/CMR/STM32 Development/firmware/Driver_Interface/Inc" -I"C:/Users/Tom/Documents/CMR/STM32 Development/firmware/Driver_Interface/Drivers/STM32F4xx_HAL_Driver/Inc" -I"C:/Users/Tom/Documents/CMR/STM32 Development/firmware/Driver_Interface/Drivers/STM32F4xx_HAL_Driver/Inc/Legacy" -I"C:/Users/Tom/Documents/CMR/STM32 Development/firmware/Driver_Interface/Middlewares/Third_Party/FreeRTOS/Source/portable/GCC/ARM_CM4F" -I"C:/Users/Tom/Documents/CMR/STM32 Development/firmware/Driver_Interface/Middlewares/Third_Party/FreeRTOS/Source/include" -I"C:/Users/Tom/Documents/CMR/STM32 Development/firmware/Driver_Interface/Middlewares/Third_Party/FreeRTOS/Source/CMSIS_RTOS" -I"C:/Users/Tom/Documents/CMR/STM32 Development/firmware/Driver_Interface/Drivers/CMSIS/Include" -I"C:/Users/Tom/Documents/CMR/STM32 Development/firmware/Driver_Interface/Drivers/CMSIS/Device/ST/STM32F4xx/Include" -I"C:/Users/Tom/Documents/CMR/STM32 Development/firmware/Driver_Interface/Inc"  -Os -g3 -Wall -fmessage-length=0 -ffunction-sections -c -fmessage-length=0 -MMD -MP -MF"Middlewares/FreeRTOS/event_groups.d" -MT"Middlewares/FreeRTOS/event_groups.o" -o "Middlewares/FreeRTOS/event_groups.o" "C:/Users/Tom/Documents/CMR/STM32 Development/firmware/Driver_Interface/Middlewares/Third_Party/FreeRTOS/Source/event_groups.c"
'Finished building: C:/Users/Tom/Documents/CMR/STM32 Development/firmware/Driver_Interface/Middlewares/Third_Party/FreeRTOS/Source/event_groups.c'
' '
'Building file: C:/Users/Tom/Documents/CMR/STM32 Development/firmware/Driver_Interface/Middlewares/Third_Party/FreeRTOS/Source/portable/MemMang/heap_4.c'
'Invoking: MCU GCC Compiler'
C:\Users\Tom\Documents\CMR\STM32 Development\firmware\Driver_Interface\SW4STM32\Driver_Interface\Debug
arm-none-eabi-gcc -mcpu=cortex-m4 -mthumb -mfloat-abi=hard -mfpu=fpv4-sp-d16 -D__weak="__attribute__((weak))" -D__packed="__attribute__((__packed__))" -DUSE_HAL_DRIVER -DSTM32F429xx -I"C:/Users/Tom/Documents/CMR/STM32 Development/firmware/Driver_Interface/SW4STM32/Driver_Interface/Application/User" -I"C:/Users/Tom/Documents/CMR/STM32 Development/firmware/Driver_Interface/Inc" -I"C:/Users/Tom/Documents/CMR/STM32 Development/firmware/Driver_Interface/Drivers/STM32F4xx_HAL_Driver/Inc" -I"C:/Users/Tom/Documents/CMR/STM32 Development/firmware/Driver_Interface/Drivers/STM32F4xx_HAL_Driver/Inc/Legacy" -I"C:/Users/Tom/Documents/CMR/STM32 Development/firmware/Driver_Interface/Middlewares/Third_Party/FreeRTOS/Source/portable/GCC/ARM_CM4F" -I"C:/Users/Tom/Documents/CMR/STM32 Development/firmware/Driver_Interface/Middlewares/Third_Party/FreeRTOS/Source/include" -I"C:/Users/Tom/Documents/CMR/STM32 Development/firmware/Driver_Interface/Middlewares/Third_Party/FreeRTOS/Source/CMSIS_RTOS" -I"C:/Users/Tom/Documents/CMR/STM32 Development/firmware/Driver_Interface/Drivers/CMSIS/Include" -I"C:/Users/Tom/Documents/CMR/STM32 Development/firmware/Driver_Interface/Drivers/CMSIS/Device/ST/STM32F4xx/Include" -I"C:/Users/Tom/Documents/CMR/STM32 Development/firmware/Driver_Interface/Inc"  -Os -g3 -Wall -fmessage-length=0 -ffunction-sections -c -fmessage-length=0 -MMD -MP -MF"Middlewares/FreeRTOS/heap_4.d" -MT"Middlewares/FreeRTOS/heap_4.o" -o "Middlewares/FreeRTOS/heap_4.o" "C:/Users/Tom/Documents/CMR/STM32 Development/firmware/Driver_Interface/Middlewares/Third_Party/FreeRTOS/Source/portable/MemMang/heap_4.c"
'Finished building: C:/Users/Tom/Documents/CMR/STM32 Development/firmware/Driver_Interface/Middlewares/Third_Party/FreeRTOS/Source/portable/MemMang/heap_4.c'
' '
'Building file: C:/Users/Tom/Documents/CMR/STM32 Development/firmware/Driver_Interface/Middlewares/Third_Party/FreeRTOS/Source/list.c'
'Invoking: MCU GCC Compiler'
C:\Users\Tom\Documents\CMR\STM32 Development\firmware\Driver_Interface\SW4STM32\Driver_Interface\Debug
arm-none-eabi-gcc -mcpu=cortex-m4 -mthumb -mfloat-abi=hard -mfpu=fpv4-sp-d16 -D__weak="__attribute__((weak))" -D__packed="__attribute__((__packed__))" -DUSE_HAL_DRIVER -DSTM32F429xx -I"C:/Users/Tom/Documents/CMR/STM32 Development/firmware/Driver_Interface/SW4STM32/Driver_Interface/Application/User" -I"C:/Users/Tom/Documents/CMR/STM32 Development/firmware/Driver_Interface/Inc" -I"C:/Users/Tom/Documents/CMR/STM32 Development/firmware/Driver_Interface/Drivers/STM32F4xx_HAL_Driver/Inc" -I"C:/Users/Tom/Documents/CMR/STM32 Development/firmware/Driver_Interface/Drivers/STM32F4xx_HAL_Driver/Inc/Legacy" -I"C:/Users/Tom/Documents/CMR/STM32 Development/firmware/Driver_Interface/Middlewares/Third_Party/FreeRTOS/Source/portable/GCC/ARM_CM4F" -I"C:/Users/Tom/Documents/CMR/STM32 Development/firmware/Driver_Interface/Middlewares/Third_Party/FreeRTOS/Source/include" -I"C:/Users/Tom/Documents/CMR/STM32 Development/firmware/Driver_Interface/Middlewares/Third_Party/FreeRTOS/Source/CMSIS_RTOS" -I"C:/Users/Tom/Documents/CMR/STM32 Development/firmware/Driver_Interface/Drivers/CMSIS/Include" -I"C:/Users/Tom/Documents/CMR/STM32 Development/firmware/Driver_Interface/Drivers/CMSIS/Device/ST/STM32F4xx/Include" -I"C:/Users/Tom/Documents/CMR/STM32 Development/firmware/Driver_Interface/Inc"  -Os -g3 -Wall -fmessage-length=0 -ffunction-sections -c -fmessage-length=0 -MMD -MP -MF"Middlewares/FreeRTOS/list.d" -MT"Middlewares/FreeRTOS/list.o" -o "Middlewares/FreeRTOS/list.o" "C:/Users/Tom/Documents/CMR/STM32 Development/firmware/Driver_Interface/Middlewares/Third_Party/FreeRTOS/Source/list.c"
'Finished building: C:/Users/Tom/Documents/CMR/STM32 Development/firmware/Driver_Interface/Middlewares/Third_Party/FreeRTOS/Source/list.c'
' '
'Building file: C:/Users/Tom/Documents/CMR/STM32 Development/firmware/Driver_Interface/Middlewares/Third_Party/FreeRTOS/Source/portable/GCC/ARM_CM4F/port.c'
'Invoking: MCU GCC Compiler'
C:\Users\Tom\Documents\CMR\STM32 Development\firmware\Driver_Interface\SW4STM32\Driver_Interface\Debug
arm-none-eabi-gcc -mcpu=cortex-m4 -mthumb -mfloat-abi=hard -mfpu=fpv4-sp-d16 -D__weak="__attribute__((weak))" -D__packed="__attribute__((__packed__))" -DUSE_HAL_DRIVER -DSTM32F429xx -I"C:/Users/Tom/Documents/CMR/STM32 Development/firmware/Driver_Interface/SW4STM32/Driver_Interface/Application/User" -I"C:/Users/Tom/Documents/CMR/STM32 Development/firmware/Driver_Interface/Inc" -I"C:/Users/Tom/Documents/CMR/STM32 Development/firmware/Driver_Interface/Drivers/STM32F4xx_HAL_Driver/Inc" -I"C:/Users/Tom/Documents/CMR/STM32 Development/firmware/Driver_Interface/Drivers/STM32F4xx_HAL_Driver/Inc/Legacy" -I"C:/Users/Tom/Documents/CMR/STM32 Development/firmware/Driver_Interface/Middlewares/Third_Party/FreeRTOS/Source/portable/GCC/ARM_CM4F" -I"C:/Users/Tom/Documents/CMR/STM32 Development/firmware/Driver_Interface/Middlewares/Third_Party/FreeRTOS/Source/include" -I"C:/Users/Tom/Documents/CMR/STM32 Development/firmware/Driver_Interface/Middlewares/Third_Party/FreeRTOS/Source/CMSIS_RTOS" -I"C:/Users/Tom/Documents/CMR/STM32 Development/firmware/Driver_Interface/Drivers/CMSIS/Include" -I"C:/Users/Tom/Documents/CMR/STM32 Development/firmware/Driver_Interface/Drivers/CMSIS/Device/ST/STM32F4xx/Include" -I"C:/Users/Tom/Documents/CMR/STM32 Development/firmware/Driver_Interface/Inc"  -Os -g3 -Wall -fmessage-length=0 -ffunction-sections -c -fmessage-length=0 -MMD -MP -MF"Middlewares/FreeRTOS/port.d" -MT"Middlewares/FreeRTOS/port.o" -o "Middlewares/FreeRTOS/port.o" "C:/Users/Tom/Documents/CMR/STM32 Development/firmware/Driver_Interface/Middlewares/Third_Party/FreeRTOS/Source/portable/GCC/ARM_CM4F/port.c"
'Finished building: C:/Users/Tom/Documents/CMR/STM32 Development/firmware/Driver_Interface/Middlewares/Third_Party/FreeRTOS/Source/portable/GCC/ARM_CM4F/port.c'
' '
'Building file: C:/Users/Tom/Documents/CMR/STM32 Development/firmware/Driver_Interface/Middlewares/Third_Party/FreeRTOS/Source/queue.c'
'Invoking: MCU GCC Compiler'
C:\Users\Tom\Documents\CMR\STM32 Development\firmware\Driver_Interface\SW4STM32\Driver_Interface\Debug
arm-none-eabi-gcc -mcpu=cortex-m4 -mthumb -mfloat-abi=hard -mfpu=fpv4-sp-d16 -D__weak="__attribute__((weak))" -D__packed="__attribute__((__packed__))" -DUSE_HAL_DRIVER -DSTM32F429xx -I"C:/Users/Tom/Documents/CMR/STM32 Development/firmware/Driver_Interface/SW4STM32/Driver_Interface/Application/User" -I"C:/Users/Tom/Documents/CMR/STM32 Development/firmware/Driver_Interface/Inc" -I"C:/Users/Tom/Documents/CMR/STM32 Development/firmware/Driver_Interface/Drivers/STM32F4xx_HAL_Driver/Inc" -I"C:/Users/Tom/Documents/CMR/STM32 Development/firmware/Driver_Interface/Drivers/STM32F4xx_HAL_Driver/Inc/Legacy" -I"C:/Users/Tom/Documents/CMR/STM32 Development/firmware/Driver_Interface/Middlewares/Third_Party/FreeRTOS/Source/portable/GCC/ARM_CM4F" -I"C:/Users/Tom/Documents/CMR/STM32 Development/firmware/Driver_Interface/Middlewares/Third_Party/FreeRTOS/Source/include" -I"C:/Users/Tom/Documents/CMR/STM32 Development/firmware/Driver_Interface/Middlewares/Third_Party/FreeRTOS/Source/CMSIS_RTOS" -I"C:/Users/Tom/Documents/CMR/STM32 Development/firmware/Driver_Interface/Drivers/CMSIS/Include" -I"C:/Users/Tom/Documents/CMR/STM32 Development/firmware/Driver_Interface/Drivers/CMSIS/Device/ST/STM32F4xx/Include" -I"C:/Users/Tom/Documents/CMR/STM32 Development/firmware/Driver_Interface/Inc"  -Os -g3 -Wall -fmessage-length=0 -ffunction-sections -c -fmessage-length=0 -MMD -MP -MF"Middlewares/FreeRTOS/queue.d" -MT"Middlewares/FreeRTOS/queue.o" -o "Middlewares/FreeRTOS/queue.o" "C:/Users/Tom/Documents/CMR/STM32 Development/firmware/Driver_Interface/Middlewares/Third_Party/FreeRTOS/Source/queue.c"
'Finished building: C:/Users/Tom/Documents/CMR/STM32 Development/firmware/Driver_Interface/Middlewares/Third_Party/FreeRTOS/Source/queue.c'
' '
'Building file: C:/Users/Tom/Documents/CMR/STM32 Development/firmware/Driver_Interface/Middlewares/Third_Party/FreeRTOS/Source/tasks.c'
'Invoking: MCU GCC Compiler'
C:\Users\Tom\Documents\CMR\STM32 Development\firmware\Driver_Interface\SW4STM32\Driver_Interface\Debug
arm-none-eabi-gcc -mcpu=cortex-m4 -mthumb -mfloat-abi=hard -mfpu=fpv4-sp-d16 -D__weak="__attribute__((weak))" -D__packed="__attribute__((__packed__))" -DUSE_HAL_DRIVER -DSTM32F429xx -I"C:/Users/Tom/Documents/CMR/STM32 Development/firmware/Driver_Interface/SW4STM32/Driver_Interface/Application/User" -I"C:/Users/Tom/Documents/CMR/STM32 Development/firmware/Driver_Interface/Inc" -I"C:/Users/Tom/Documents/CMR/STM32 Development/firmware/Driver_Interface/Drivers/STM32F4xx_HAL_Driver/Inc" -I"C:/Users/Tom/Documents/CMR/STM32 Development/firmware/Driver_Interface/Drivers/STM32F4xx_HAL_Driver/Inc/Legacy" -I"C:/Users/Tom/Documents/CMR/STM32 Development/firmware/Driver_Interface/Middlewares/Third_Party/FreeRTOS/Source/portable/GCC/ARM_CM4F" -I"C:/Users/Tom/Documents/CMR/STM32 Development/firmware/Driver_Interface/Middlewares/Third_Party/FreeRTOS/Source/include" -I"C:/Users/Tom/Documents/CMR/STM32 Development/firmware/Driver_Interface/Middlewares/Third_Party/FreeRTOS/Source/CMSIS_RTOS" -I"C:/Users/Tom/Documents/CMR/STM32 Development/firmware/Driver_Interface/Drivers/CMSIS/Include" -I"C:/Users/Tom/Documents/CMR/STM32 Development/firmware/Driver_Interface/Drivers/CMSIS/Device/ST/STM32F4xx/Include" -I"C:/Users/Tom/Documents/CMR/STM32 Development/firmware/Driver_Interface/Inc"  -Os -g3 -Wall -fmessage-length=0 -ffunction-sections -c -fmessage-length=0 -MMD -MP -MF"Middlewares/FreeRTOS/tasks.d" -MT"Middlewares/FreeRTOS/tasks.o" -o "Middlewares/FreeRTOS/tasks.o" "C:/Users/Tom/Documents/CMR/STM32 Development/firmware/Driver_Interface/Middlewares/Third_Party/FreeRTOS/Source/tasks.c"
'Finished building: C:/Users/Tom/Documents/CMR/STM32 Development/firmware/Driver_Interface/Middlewares/Third_Party/FreeRTOS/Source/tasks.c'
' '
'Building file: C:/Users/Tom/Documents/CMR/STM32 Development/firmware/Driver_Interface/Middlewares/Third_Party/FreeRTOS/Source/timers.c'
'Invoking: MCU GCC Compiler'
C:\Users\Tom\Documents\CMR\STM32 Development\firmware\Driver_Interface\SW4STM32\Driver_Interface\Debug
arm-none-eabi-gcc -mcpu=cortex-m4 -mthumb -mfloat-abi=hard -mfpu=fpv4-sp-d16 -D__weak="__attribute__((weak))" -D__packed="__attribute__((__packed__))" -DUSE_HAL_DRIVER -DSTM32F429xx -I"C:/Users/Tom/Documents/CMR/STM32 Development/firmware/Driver_Interface/SW4STM32/Driver_Interface/Application/User" -I"C:/Users/Tom/Documents/CMR/STM32 Development/firmware/Driver_Interface/Inc" -I"C:/Users/Tom/Documents/CMR/STM32 Development/firmware/Driver_Interface/Drivers/STM32F4xx_HAL_Driver/Inc" -I"C:/Users/Tom/Documents/CMR/STM32 Development/firmware/Driver_Interface/Drivers/STM32F4xx_HAL_Driver/Inc/Legacy" -I"C:/Users/Tom/Documents/CMR/STM32 Development/firmware/Driver_Interface/Middlewares/Third_Party/FreeRTOS/Source/portable/GCC/ARM_CM4F" -I"C:/Users/Tom/Documents/CMR/STM32 Development/firmware/Driver_Interface/Middlewares/Third_Party/FreeRTOS/Source/include" -I"C:/Users/Tom/Documents/CMR/STM32 Development/firmware/Driver_Interface/Middlewares/Third_Party/FreeRTOS/Source/CMSIS_RTOS" -I"C:/Users/Tom/Documents/CMR/STM32 Development/firmware/Driver_Interface/Drivers/CMSIS/Include" -I"C:/Users/Tom/Documents/CMR/STM32 Development/firmware/Driver_Interface/Drivers/CMSIS/Device/ST/STM32F4xx/Include" -I"C:/Users/Tom/Documents/CMR/STM32 Development/firmware/Driver_Interface/Inc"  -Os -g3 -Wall -fmessage-length=0 -ffunction-sections -c -fmessage-length=0 -MMD -MP -MF"Middlewares/FreeRTOS/timers.d" -MT"Middlewares/FreeRTOS/timers.o" -o "Middlewares/FreeRTOS/timers.o" "C:/Users/Tom/Documents/CMR/STM32 Development/firmware/Driver_Interface/Middlewares/Third_Party/FreeRTOS/Source/timers.c"
'Finished building: C:/Users/Tom/Documents/CMR/STM32 Development/firmware/Driver_Interface/Middlewares/Third_Party/FreeRTOS/Source/timers.c'
' '
'Building file: ../Application/User/CAN.c'
'Invoking: MCU GCC Compiler'
C:\Users\Tom\Documents\CMR\STM32 Development\firmware\Driver_Interface\SW4STM32\Driver_Interface\Debug
arm-none-eabi-gcc -mcpu=cortex-m4 -mthumb -mfloat-abi=hard -mfpu=fpv4-sp-d16 -D__weak="__attribute__((weak))" -D__packed="__attribute__((__packed__))" -DUSE_HAL_DRIVER -DSTM32F429xx -I"C:/Users/Tom/Documents/CMR/STM32 Development/firmware/Driver_Interface/SW4STM32/Driver_Interface/Application/User" -I"C:/Users/Tom/Documents/CMR/STM32 Development/firmware/Driver_Interface/Inc" -I"C:/Users/Tom/Documents/CMR/STM32 Development/firmware/Driver_Interface/Drivers/STM32F4xx_HAL_Driver/Inc" -I"C:/Users/Tom/Documents/CMR/STM32 Development/firmware/Driver_Interface/Drivers/STM32F4xx_HAL_Driver/Inc/Legacy" -I"C:/Users/Tom/Documents/CMR/STM32 Development/firmware/Driver_Interface/Middlewares/Third_Party/FreeRTOS/Source/portable/GCC/ARM_CM4F" -I"C:/Users/Tom/Documents/CMR/STM32 Development/firmware/Driver_Interface/Middlewares/Third_Party/FreeRTOS/Source/include" -I"C:/Users/Tom/Documents/CMR/STM32 Development/firmware/Driver_Interface/Middlewares/Third_Party/FreeRTOS/Source/CMSIS_RTOS" -I"C:/Users/Tom/Documents/CMR/STM32 Development/firmware/Driver_Interface/Drivers/CMSIS/Include" -I"C:/Users/Tom/Documents/CMR/STM32 Development/firmware/Driver_Interface/Drivers/CMSIS/Device/ST/STM32F4xx/Include" -I"C:/Users/Tom/Documents/CMR/STM32 Development/firmware/Driver_Interface/Inc"  -Os -g3 -Wall -fmessage-length=0 -ffunction-sections -c -fmessage-length=0 -MMD -MP -MF"Application/User/CAN.d" -MT"Application/User/CAN.o" -o "Application/User/CAN.o" "../Application/User/CAN.c"
../Application/User/CAN.c: In function 'vCanStart':
../Application/User/CAN.c:26:22: warning: pointer targets in passing argument 2 of 'CAN1SendMessage' differ in signedness [-Wpointer-sign]
   CAN1SendMessage(3, "hi");
                      ^
In file included from ../Application/User/CAN.c:1:0:
../Application/User/can.h:35:6: note: expected 'uint8_t * {aka unsigned char *}' but argument is of type 'char *'
 void CAN1SendMessage(uint8_t length, uint8_t *data);
      ^
'Finished building: ../Application/User/CAN.c'
' '
'Building file: ../Application/User/buttons.c'
'Invoking: MCU GCC Compiler'
C:\Users\Tom\Documents\CMR\STM32 Development\firmware\Driver_Interface\SW4STM32\Driver_Interface\Debug
arm-none-eabi-gcc -mcpu=cortex-m4 -mthumb -mfloat-abi=hard -mfpu=fpv4-sp-d16 -D__weak="__attribute__((weak))" -D__packed="__attribute__((__packed__))" -DUSE_HAL_DRIVER -DSTM32F429xx -I"C:/Users/Tom/Documents/CMR/STM32 Development/firmware/Driver_Interface/SW4STM32/Driver_Interface/Application/User" -I"C:/Users/Tom/Documents/CMR/STM32 Development/firmware/Driver_Interface/Inc" -I"C:/Users/Tom/Documents/CMR/STM32 Development/firmware/Driver_Interface/Drivers/STM32F4xx_HAL_Driver/Inc" -I"C:/Users/Tom/Documents/CMR/STM32 Development/firmware/Driver_Interface/Drivers/STM32F4xx_HAL_Driver/Inc/Legacy" -I"C:/Users/Tom/Documents/CMR/STM32 Development/firmware/Driver_Interface/Middlewares/Third_Party/FreeRTOS/Source/portable/GCC/ARM_CM4F" -I"C:/Users/Tom/Documents/CMR/STM32 Development/firmware/Driver_Interface/Middlewares/Third_Party/FreeRTOS/Source/include" -I"C:/Users/Tom/Documents/CMR/STM32 Development/firmware/Driver_Interface/Middlewares/Third_Party/FreeRTOS/Source/CMSIS_RTOS" -I"C:/Users/Tom/Documents/CMR/STM32 Development/firmware/Driver_Interface/Drivers/CMSIS/Include" -I"C:/Users/Tom/Documents/CMR/STM32 Development/firmware/Driver_Interface/Drivers/CMSIS/Device/ST/STM32F4xx/Include" -I"C:/Users/Tom/Documents/CMR/STM32 Development/firmware/Driver_Interface/Inc"  -Os -g3 -Wall -fmessage-length=0 -ffunction-sections -c -fmessage-length=0 -MMD -MP -MF"Application/User/buttons.d" -MT"Application/User/buttons.o" -o "Application/User/buttons.o" "../Application/User/buttons.c"
../Application/User/buttons.c: In function 'updateButton':
../Application/User/buttons.c:47:4: warning: dereferencing type-punned pointer will break strict-aliasing rules [-Wstrict-aliasing]
    uint32_t buttonMsg = * (uint32_t *) &buttonObject;
    ^
../Application/User/buttons.c:48:13: warning: unused variable 'messageStatus' [-Wunused-variable]
    osStatus messageStatus = osMessagePut(buttonQueue, buttonMsg, 0);
             ^
'Finished building: ../Application/User/buttons.c'
' '
'Building file: C:/Users/Tom/Documents/CMR/STM32 Development/firmware/Driver_Interface/Src/freertos.c'
'Invoking: MCU GCC Compiler'
C:\Users\Tom\Documents\CMR\STM32 Development\firmware\Driver_Interface\SW4STM32\Driver_Interface\Debug
arm-none-eabi-gcc -mcpu=cortex-m4 -mthumb -mfloat-abi=hard -mfpu=fpv4-sp-d16 -D__weak="__attribute__((weak))" -D__packed="__attribute__((__packed__))" -DUSE_HAL_DRIVER -DSTM32F429xx -I"C:/Users/Tom/Documents/CMR/STM32 Development/firmware/Driver_Interface/SW4STM32/Driver_Interface/Application/User" -I"C:/Users/Tom/Documents/CMR/STM32 Development/firmware/Driver_Interface/Inc" -I"C:/Users/Tom/Documents/CMR/STM32 Development/firmware/Driver_Interface/Drivers/STM32F4xx_HAL_Driver/Inc" -I"C:/Users/Tom/Documents/CMR/STM32 Development/firmware/Driver_Interface/Drivers/STM32F4xx_HAL_Driver/Inc/Legacy" -I"C:/Users/Tom/Documents/CMR/STM32 Development/firmware/Driver_Interface/Middlewares/Third_Party/FreeRTOS/Source/portable/GCC/ARM_CM4F" -I"C:/Users/Tom/Documents/CMR/STM32 Development/firmware/Driver_Interface/Middlewares/Third_Party/FreeRTOS/Source/include" -I"C:/Users/Tom/Documents/CMR/STM32 Development/firmware/Driver_Interface/Middlewares/Third_Party/FreeRTOS/Source/CMSIS_RTOS" -I"C:/Users/Tom/Documents/CMR/STM32 Development/firmware/Driver_Interface/Drivers/CMSIS/Include" -I"C:/Users/Tom/Documents/CMR/STM32 Development/firmware/Driver_Interface/Drivers/CMSIS/Device/ST/STM32F4xx/Include" -I"C:/Users/Tom/Documents/CMR/STM32 Development/firmware/Driver_Interface/Inc"  -Os -g3 -Wall -fmessage-length=0 -ffunction-sections -c -fmessage-length=0 -MMD -MP -MF"Application/User/freertos.d" -MT"Application/User/freertos.o" -o "Application/User/freertos.o" "C:/Users/Tom/Documents/CMR/STM32 Development/firmware/Driver_Interface/Src/freertos.c"
'Finished building: C:/Users/Tom/Documents/CMR/STM32 Development/firmware/Driver_Interface/Src/freertos.c'
' '
'Building file: ../Application/User/led.c'
'Invoking: MCU GCC Compiler'
C:\Users\Tom\Documents\CMR\STM32 Development\firmware\Driver_Interface\SW4STM32\Driver_Interface\Debug
arm-none-eabi-gcc -mcpu=cortex-m4 -mthumb -mfloat-abi=hard -mfpu=fpv4-sp-d16 -D__weak="__attribute__((weak))" -D__packed="__attribute__((__packed__))" -DUSE_HAL_DRIVER -DSTM32F429xx -I"C:/Users/Tom/Documents/CMR/STM32 Development/firmware/Driver_Interface/SW4STM32/Driver_Interface/Application/User" -I"C:/Users/Tom/Documents/CMR/STM32 Development/firmware/Driver_Interface/Inc" -I"C:/Users/Tom/Documents/CMR/STM32 Development/firmware/Driver_Interface/Drivers/STM32F4xx_HAL_Driver/Inc" -I"C:/Users/Tom/Documents/CMR/STM32 Development/firmware/Driver_Interface/Drivers/STM32F4xx_HAL_Driver/Inc/Legacy" -I"C:/Users/Tom/Documents/CMR/STM32 Development/firmware/Driver_Interface/Middlewares/Third_Party/FreeRTOS/Source/portable/GCC/ARM_CM4F" -I"C:/Users/Tom/Documents/CMR/STM32 Development/firmware/Driver_Interface/Middlewares/Third_Party/FreeRTOS/Source/include" -I"C:/Users/Tom/Documents/CMR/STM32 Development/firmware/Driver_Interface/Middlewares/Third_Party/FreeRTOS/Source/CMSIS_RTOS" -I"C:/Users/Tom/Documents/CMR/STM32 Development/firmware/Driver_Interface/Drivers/CMSIS/Include" -I"C:/Users/Tom/Documents/CMR/STM32 Development/firmware/Driver_Interface/Drivers/CMSIS/Device/ST/STM32F4xx/Include" -I"C:/Users/Tom/Documents/CMR/STM32 Development/firmware/Driver_Interface/Inc"  -Os -g3 -Wall -fmessage-length=0 -ffunction-sections -c -fmessage-length=0 -MMD -MP -MF"Application/User/led.d" -MT"Application/User/led.o" -o "Application/User/led.o" "../Application/User/led.c"
'Finished building: ../Application/User/led.c'
' '
'Building file: C:/Users/Tom/Documents/CMR/STM32 Development/firmware/Driver_Interface/Src/main.c'
'Invoking: MCU GCC Compiler'
C:\Users\Tom\Documents\CMR\STM32 Development\firmware\Driver_Interface\SW4STM32\Driver_Interface\Debug
arm-none-eabi-gcc -mcpu=cortex-m4 -mthumb -mfloat-abi=hard -mfpu=fpv4-sp-d16 -D__weak="__attribute__((weak))" -D__packed="__attribute__((__packed__))" -DUSE_HAL_DRIVER -DSTM32F429xx -I"C:/Users/Tom/Documents/CMR/STM32 Development/firmware/Driver_Interface/SW4STM32/Driver_Interface/Application/User" -I"C:/Users/Tom/Documents/CMR/STM32 Development/firmware/Driver_Interface/Inc" -I"C:/Users/Tom/Documents/CMR/STM32 Development/firmware/Driver_Interface/Drivers/STM32F4xx_HAL_Driver/Inc" -I"C:/Users/Tom/Documents/CMR/STM32 Development/firmware/Driver_Interface/Drivers/STM32F4xx_HAL_Driver/Inc/Legacy" -I"C:/Users/Tom/Documents/CMR/STM32 Development/firmware/Driver_Interface/Middlewares/Third_Party/FreeRTOS/Source/portable/GCC/ARM_CM4F" -I"C:/Users/Tom/Documents/CMR/STM32 Development/firmware/Driver_Interface/Middlewares/Third_Party/FreeRTOS/Source/include" -I"C:/Users/Tom/Documents/CMR/STM32 Development/firmware/Driver_Interface/Middlewares/Third_Party/FreeRTOS/Source/CMSIS_RTOS" -I"C:/Users/Tom/Documents/CMR/STM32 Development/firmware/Driver_Interface/Drivers/CMSIS/Include" -I"C:/Users/Tom/Documents/CMR/STM32 Development/firmware/Driver_Interface/Drivers/CMSIS/Device/ST/STM32F4xx/Include" -I"C:/Users/Tom/Documents/CMR/STM32 Development/firmware/Driver_Interface/Inc"  -Os -g3 -Wall -fmessage-length=0 -ffunction-sections -c -fmessage-length=0 -MMD -MP -MF"Application/User/main.d" -MT"Application/User/main.o" -o "Application/User/main.o" "C:/Users/Tom/Documents/CMR/STM32 Development/firmware/Driver_Interface/Src/main.c"
In file included from C:/Users/Tom/Documents/CMR/STM32 Development/firmware/Driver_Interface/Src/main.c:35:0:
C:/Users/Tom/Documents/CMR/STM32 Development/firmware/Driver_Interface/Src/main.c: In function 'main':
C:/Users/Tom/Documents/CMR/STM32 Development/firmware/Driver_Interface/Middlewares/Third_Party/FreeRTOS/Source/CMSIS_RTOS/cmsis_os.h:428:10: warning: initialization from incompatible pointer type [-Wincompatible-pointer-types]
 { #name, (thread), (priority), (instances), (stacksz)  }
          ^
C:/Users/Tom/Documents/CMR/STM32 Development/firmware/Driver_Interface/Src/main.c:142:4: note: in expansion of macro 'osThreadDef'
    osThreadDef(buttonTask, vPollButtonsTask, osPriorityAboveNormal, 1, 128);
    ^
C:/Users/Tom/Documents/CMR/STM32 Development/firmware/Driver_Interface/Middlewares/Third_Party/FreeRTOS/Source/CMSIS_RTOS/cmsis_os.h:428:10: note: (near initialization for 'os_thread_def_buttonTask.pthread')
 { #name, (thread), (priority), (instances), (stacksz)  }
          ^
C:/Users/Tom/Documents/CMR/STM32 Development/firmware/Driver_Interface/Src/main.c:142:4: note: in expansion of macro 'osThreadDef'
    osThreadDef(buttonTask, vPollButtonsTask, osPriorityAboveNormal, 1, 128);
    ^
C:/Users/Tom/Documents/CMR/STM32 Development/firmware/Driver_Interface/Middlewares/Third_Party/FreeRTOS/Source/CMSIS_RTOS/cmsis_os.h:428:10: warning: initialization from incompatible pointer type [-Wincompatible-pointer-types]
 { #name, (thread), (priority), (instances), (stacksz)  }
          ^
C:/Users/Tom/Documents/CMR/STM32 Development/firmware/Driver_Interface/Src/main.c:145:4: note: in expansion of macro 'osThreadDef'
    osThreadDef(ledTask, vLedUpdateTask, osPriorityAboveNormal, 1, 500);
    ^
C:/Users/Tom/Documents/CMR/STM32 Development/firmware/Driver_Interface/Middlewares/Third_Party/FreeRTOS/Source/CMSIS_RTOS/cmsis_os.h:428:10: note: (near initialization for 'os_thread_def_ledTask.pthread')
 { #name, (thread), (priority), (instances), (stacksz)  }
          ^
C:/Users/Tom/Documents/CMR/STM32 Development/firmware/Driver_Interface/Src/main.c:145:4: note: in expansion of macro 'osThreadDef'
    osThreadDef(ledTask, vLedUpdateTask, osPriorityAboveNormal, 1, 500);
    ^
C:/Users/Tom/Documents/CMR/STM32 Development/firmware/Driver_Interface/Middlewares/Third_Party/FreeRTOS/Source/CMSIS_RTOS/cmsis_os.h:428:10: warning: initialization from incompatible pointer type [-Wincompatible-pointer-types]
 { #name, (thread), (priority), (instances), (stacksz)  }
          ^
C:/Users/Tom/Documents/CMR/STM32 Development/firmware/Driver_Interface/Src/main.c:148:4: note: in expansion of macro 'osThreadDef'
    osThreadDef(canTask, vCanStart, osPriorityAboveNormal, 1, 500);
    ^
C:/Users/Tom/Documents/CMR/STM32 Development/firmware/Driver_Interface/Middlewares/Third_Party/FreeRTOS/Source/CMSIS_RTOS/cmsis_os.h:428:10: note: (near initialization for 'os_thread_def_canTask.pthread')
 { #name, (thread), (priority), (instances), (stacksz)  }
          ^
C:/Users/Tom/Documents/CMR/STM32 Development/firmware/Driver_Interface/Src/main.c:148:4: note: in expansion of macro 'osThreadDef'
    osThreadDef(canTask, vCanStart, osPriorityAboveNormal, 1, 500);
    ^
C:/Users/Tom/Documents/CMR/STM32 Development/firmware/Driver_Interface/Src/main.c: At top level:
C:/Users/Tom/Documents/CMR/STM32 Development/firmware/Driver_Interface/Src/main.c:223:6: warning: 'MX_CAN2_Init' defined but not used [-Wunused-function]
 void MX_CAN2_Init(void)
      ^
'Finished building: C:/Users/Tom/Documents/CMR/STM32 Development/firmware/Driver_Interface/Src/main.c'
' '
'Building file: C:/Users/Tom/Documents/CMR/STM32 Development/firmware/Driver_Interface/Src/stm32f4xx_it.c'
'Invoking: MCU GCC Compiler'
C:\Users\Tom\Documents\CMR\STM32 Development\firmware\Driver_Interface\SW4STM32\Driver_Interface\Debug
arm-none-eabi-gcc -mcpu=cortex-m4 -mthumb -mfloat-abi=hard -mfpu=fpv4-sp-d16 -D__weak="__attribute__((weak))" -D__packed="__attribute__((__packed__))" -DUSE_HAL_DRIVER -DSTM32F429xx -I"C:/Users/Tom/Documents/CMR/STM32 Development/firmware/Driver_Interface/SW4STM32/Driver_Interface/Application/User" -I"C:/Users/Tom/Documents/CMR/STM32 Development/firmware/Driver_Interface/Inc" -I"C:/Users/Tom/Documents/CMR/STM32 Development/firmware/Driver_Interface/Drivers/STM32F4xx_HAL_Driver/Inc" -I"C:/Users/Tom/Documents/CMR/STM32 Development/firmware/Driver_Interface/Drivers/STM32F4xx_HAL_Driver/Inc/Legacy" -I"C:/Users/Tom/Documents/CMR/STM32 Development/firmware/Driver_Interface/Middlewares/Third_Party/FreeRTOS/Source/portable/GCC/ARM_CM4F" -I"C:/Users/Tom/Documents/CMR/STM32 Development/firmware/Driver_Interface/Middlewares/Third_Party/FreeRTOS/Source/include" -I"C:/Users/Tom/Documents/CMR/STM32 Development/firmware/Driver_Interface/Middlewares/Third_Party/FreeRTOS/Source/CMSIS_RTOS" -I"C:/Users/Tom/Documents/CMR/STM32 Development/firmware/Driver_Interface/Drivers/CMSIS/Include" -I"C:/Users/Tom/Documents/CMR/STM32 Development/firmware/Driver_Interface/Drivers/CMSIS/Device/ST/STM32F4xx/Include" -I"C:/Users/Tom/Documents/CMR/STM32 Development/firmware/Driver_Interface/Inc"  -Os -g3 -Wall -fmessage-length=0 -ffunction-sections -c -fmessage-length=0 -MMD -MP -MF"Application/User/stm32f4xx_it.d" -MT"Application/User/stm32f4xx_it.o" -o "Application/User/stm32f4xx_it.o" "C:/Users/Tom/Documents/CMR/STM32 Development/firmware/Driver_Interface/Src/stm32f4xx_it.c"
'Finished building: C:/Users/Tom/Documents/CMR/STM32 Development/firmware/Driver_Interface/Src/stm32f4xx_it.c'
' '
'Building target: Driver_Interface.elf'
'Invoking: MCU GCC Linker'
arm-none-eabi-gcc -mcpu=cortex-m4 -mthumb -mfloat-abi=hard -mfpu=fpv4-sp-d16 -specs=nosys.specs -specs=nano.specs -T"../STM32F429ZITx_FLASH.ld" -Wl,-Map=output.map -Wl,--gc-sections -lm -o "Driver_Interface.elf" @"objects.list"  
'Finished building target: Driver_Interface.elf'
' '
make --no-print-directory post-build
'Generating binary and Printing size information:'
arm-none-eabi-objcopy -O binary "Driver_Interface.elf" "Driver_Interface.bin"
arm-none-eabi-size "Driver_Interface.elf"
   text	   data	    bss	    dec	    hex	filename
  16512	     20	  18132	  34664	   8768	Driver_Interface.elf
' '
17:36:38 **** Incremental Build of configuration Debug for project Driver_Interface ****
make all 
make: Nothing to be done for `all'.
17:36:44 **** Incremental Build of configuration Debug for project Driver_Interface ****
make all 
make: Nothing to be done for `all'.
