Archive member included because of file (symbol)

C:\Users\shep\Documents\15e\vehicle_software\Library\cmr_library_64c1\Debug\libcmr_library_64c1.a(can_lib.o)
                              UM6 Node.o (can_init)
C:\Users\shep\Documents\15e\vehicle_software\Library\cmr_library_64c1\Debug\libcmr_library_64c1.a(cmr_library_64c1.o)
                              um6.o (set_io_pin)
C:\Users\shep\Documents\15e\vehicle_software\Library\cmr_library_64c1\Debug\libcmr_library_64c1.a(can_drv.o)
                              C:\Users\shep\Documents\15e\vehicle_software\Library\cmr_library_64c1\Debug\libcmr_library_64c1.a(can_lib.o) (can_clear_all_mob)
c:/program files (x86)/atmel/atmel toolchain/avr8 gcc/native/3.4.2.939/avr8-gnu-toolchain/bin/../lib/gcc/avr/4.7.2/avr5\libgcc.a(_exit.o)
                              c:/program files (x86)/atmel/atmel toolchain/avr8 gcc/native/3.4.2.939/avr8-gnu-toolchain/bin/../lib/gcc/avr/4.7.2/../../../../avr/lib/avr5/crtm64c1.o (exit)
c:/program files (x86)/atmel/atmel toolchain/avr8 gcc/native/3.4.2.939/avr8-gnu-toolchain/bin/../lib/gcc/avr/4.7.2/avr5\libgcc.a(_clear_bss.o)
                              UM6 Node.o (__do_clear_bss)

Allocating common symbols
Common symbol       size              file

can_send_buffer     0x8               UM6 Node.o
can_state_buffer    0x1               UM6 Node.o
can_send_msg        0xc               UM6 Node.o
can_receive_msg     0xc               UM6 Node.o
um6_data            0x12              UM6 Node.o

Discarded input sections

 .bss           0x00000000        0x0 c:/program files (x86)/atmel/atmel toolchain/avr8 gcc/native/3.4.2.939/avr8-gnu-toolchain/bin/../lib/gcc/avr/4.7.2/../../../../avr/lib/avr5/crtm64c1.o
 .text          0x00000000        0x0 init.o
 .bss           0x00000000        0x0 init.o
 .text          0x00000000        0x0 UM6 Node.o
 .bss           0x00000000        0x0 UM6 Node.o
 .text          0x00000000        0x0 um6.o
 .bss           0x00000000        0x0 um6.o
 .text          0x00000000        0x0 C:\Users\shep\Documents\15e\vehicle_software\Library\cmr_library_64c1\Debug\libcmr_library_64c1.a(can_lib.o)
 .bss           0x00000000        0x0 C:\Users\shep\Documents\15e\vehicle_software\Library\cmr_library_64c1\Debug\libcmr_library_64c1.a(can_lib.o)
 .text          0x00000000        0x0 C:\Users\shep\Documents\15e\vehicle_software\Library\cmr_library_64c1\Debug\libcmr_library_64c1.a(cmr_library_64c1.o)
 .bss           0x00000000        0x0 C:\Users\shep\Documents\15e\vehicle_software\Library\cmr_library_64c1\Debug\libcmr_library_64c1.a(cmr_library_64c1.o)
 .text.adc_read
                0x00000000       0x30 C:\Users\shep\Documents\15e\vehicle_software\Library\cmr_library_64c1\Debug\libcmr_library_64c1.a(cmr_library_64c1.o)
 .text.can_rx_sync
                0x00000000       0x4e C:\Users\shep\Documents\15e\vehicle_software\Library\cmr_library_64c1\Debug\libcmr_library_64c1.a(cmr_library_64c1.o)
 .text.SPI_read
                0x00000000        0xa C:\Users\shep\Documents\15e\vehicle_software\Library\cmr_library_64c1\Debug\libcmr_library_64c1.a(cmr_library_64c1.o)
 .text          0x00000000        0x0 C:\Users\shep\Documents\15e\vehicle_software\Library\cmr_library_64c1\Debug\libcmr_library_64c1.a(can_drv.o)
 .bss           0x00000000        0x0 C:\Users\shep\Documents\15e\vehicle_software\Library\cmr_library_64c1\Debug\libcmr_library_64c1.a(can_drv.o)
 .text.can_auto_baudrate
                0x00000000      0x3fe C:\Users\shep\Documents\15e\vehicle_software\Library\cmr_library_64c1\Debug\libcmr_library_64c1.a(can_drv.o)
 .text          0x00000000        0x0 c:/program files (x86)/atmel/atmel toolchain/avr8 gcc/native/3.4.2.939/avr8-gnu-toolchain/bin/../lib/gcc/avr/4.7.2/avr5\libgcc.a(_exit.o)
 .bss           0x00000000        0x0 c:/program files (x86)/atmel/atmel toolchain/avr8 gcc/native/3.4.2.939/avr8-gnu-toolchain/bin/../lib/gcc/avr/4.7.2/avr5\libgcc.a(_exit.o)
 .text.libgcc.mul
                0x00000000        0x0 c:/program files (x86)/atmel/atmel toolchain/avr8 gcc/native/3.4.2.939/avr8-gnu-toolchain/bin/../lib/gcc/avr/4.7.2/avr5\libgcc.a(_exit.o)
 .text.libgcc.div
                0x00000000        0x0 c:/program files (x86)/atmel/atmel toolchain/avr8 gcc/native/3.4.2.939/avr8-gnu-toolchain/bin/../lib/gcc/avr/4.7.2/avr5\libgcc.a(_exit.o)
 .text.libgcc   0x00000000        0x0 c:/program files (x86)/atmel/atmel toolchain/avr8 gcc/native/3.4.2.939/avr8-gnu-toolchain/bin/../lib/gcc/avr/4.7.2/avr5\libgcc.a(_exit.o)
 .text.libgcc.prologue
                0x00000000        0x0 c:/program files (x86)/atmel/atmel toolchain/avr8 gcc/native/3.4.2.939/avr8-gnu-toolchain/bin/../lib/gcc/avr/4.7.2/avr5\libgcc.a(_exit.o)
 .text.libgcc.builtins
                0x00000000        0x0 c:/program files (x86)/atmel/atmel toolchain/avr8 gcc/native/3.4.2.939/avr8-gnu-toolchain/bin/../lib/gcc/avr/4.7.2/avr5\libgcc.a(_exit.o)
 .text.libgcc.fmul
                0x00000000        0x0 c:/program files (x86)/atmel/atmel toolchain/avr8 gcc/native/3.4.2.939/avr8-gnu-toolchain/bin/../lib/gcc/avr/4.7.2/avr5\libgcc.a(_exit.o)
 .text          0x00000000        0x0 c:/program files (x86)/atmel/atmel toolchain/avr8 gcc/native/3.4.2.939/avr8-gnu-toolchain/bin/../lib/gcc/avr/4.7.2/avr5\libgcc.a(_clear_bss.o)
 .bss           0x00000000        0x0 c:/program files (x86)/atmel/atmel toolchain/avr8 gcc/native/3.4.2.939/avr8-gnu-toolchain/bin/../lib/gcc/avr/4.7.2/avr5\libgcc.a(_clear_bss.o)
 .text.libgcc.mul
                0x00000000        0x0 c:/program files (x86)/atmel/atmel toolchain/avr8 gcc/native/3.4.2.939/avr8-gnu-toolchain/bin/../lib/gcc/avr/4.7.2/avr5\libgcc.a(_clear_bss.o)
 .text.libgcc.div
                0x00000000        0x0 c:/program files (x86)/atmel/atmel toolchain/avr8 gcc/native/3.4.2.939/avr8-gnu-toolchain/bin/../lib/gcc/avr/4.7.2/avr5\libgcc.a(_clear_bss.o)
 .text.libgcc   0x00000000        0x0 c:/program files (x86)/atmel/atmel toolchain/avr8 gcc/native/3.4.2.939/avr8-gnu-toolchain/bin/../lib/gcc/avr/4.7.2/avr5\libgcc.a(_clear_bss.o)
 .text.libgcc.prologue
                0x00000000        0x0 c:/program files (x86)/atmel/atmel toolchain/avr8 gcc/native/3.4.2.939/avr8-gnu-toolchain/bin/../lib/gcc/avr/4.7.2/avr5\libgcc.a(_clear_bss.o)
 .text.libgcc.builtins
                0x00000000        0x0 c:/program files (x86)/atmel/atmel toolchain/avr8 gcc/native/3.4.2.939/avr8-gnu-toolchain/bin/../lib/gcc/avr/4.7.2/avr5\libgcc.a(_clear_bss.o)
 .text.libgcc.fmul
                0x00000000        0x0 c:/program files (x86)/atmel/atmel toolchain/avr8 gcc/native/3.4.2.939/avr8-gnu-toolchain/bin/../lib/gcc/avr/4.7.2/avr5\libgcc.a(_clear_bss.o)

Memory Configuration

Name             Origin             Length             Attributes
text             0x00000000         0x00020000         xr
data             0x00800060         0x0000ffa0         rw !x
eeprom           0x00810000         0x00010000         rw !x
fuse             0x00820000         0x00000400         rw !x
lock             0x00830000         0x00000400         rw !x
signature        0x00840000         0x00000400         rw !x
user_signatures  0x00850000         0x00000400         rw !x
*default*        0x00000000         0xffffffff

Linker script and memory map

Address of section .data set to 0x800100
LOAD c:/program files (x86)/atmel/atmel toolchain/avr8 gcc/native/3.4.2.939/avr8-gnu-toolchain/bin/../lib/gcc/avr/4.7.2/../../../../avr/lib/avr5/crtm64c1.o
LOAD init.o
LOAD UM6 Node.o
LOAD um6.o
START GROUP
LOAD c:/program files (x86)/atmel/atmel toolchain/avr8 gcc/native/3.4.2.939/avr8-gnu-toolchain/bin/../lib/gcc/avr/4.7.2/../../../../avr/lib/avr5\libm.a
LOAD C:\Users\shep\Documents\15e\vehicle_software\Library\cmr_library_64c1\Debug\libcmr_library_64c1.a
END GROUP
LOAD c:/program files (x86)/atmel/atmel toolchain/avr8 gcc/native/3.4.2.939/avr8-gnu-toolchain/bin/../lib/gcc/avr/4.7.2/avr5\libgcc.a
LOAD c:/program files (x86)/atmel/atmel toolchain/avr8 gcc/native/3.4.2.939/avr8-gnu-toolchain/bin/../lib/gcc/avr/4.7.2/../../../../avr/lib/avr5\libc.a
LOAD c:/program files (x86)/atmel/atmel toolchain/avr8 gcc/native/3.4.2.939/avr8-gnu-toolchain/bin/../lib/gcc/avr/4.7.2/avr5\libgcc.a

.hash
 *(.hash)

.dynsym
 *(.dynsym)

.dynstr
 *(.dynstr)

.gnu.version
 *(.gnu.version)

.gnu.version_d
 *(.gnu.version_d)

.gnu.version_r
 *(.gnu.version_r)

.rel.init
 *(.rel.init)

.rela.init
 *(.rela.init)

.rel.text
 *(.rel.text)
 *(.rel.text.*)
 *(.rel.gnu.linkonce.t*)

.rela.text
 *(.rela.text)
 *(.rela.text.*)
 *(.rela.gnu.linkonce.t*)

.rel.fini
 *(.rel.fini)

.rela.fini
 *(.rela.fini)

.rel.rodata
 *(.rel.rodata)
 *(.rel.rodata.*)
 *(.rel.gnu.linkonce.r*)

.rela.rodata
 *(.rela.rodata)
 *(.rela.rodata.*)
 *(.rela.gnu.linkonce.r*)

.rel.data
 *(.rel.data)
 *(.rel.data.*)
 *(.rel.gnu.linkonce.d*)

.rela.data
 *(.rela.data)
 *(.rela.data.*)
 *(.rela.gnu.linkonce.d*)

.rel.ctors
 *(.rel.ctors)

.rela.ctors
 *(.rela.ctors)

.rel.dtors
 *(.rel.dtors)

.rela.dtors
 *(.rela.dtors)

.rel.got
 *(.rel.got)

.rela.got
 *(.rela.got)

.rel.bss
 *(.rel.bss)

.rela.bss
 *(.rela.bss)

.rel.plt
 *(.rel.plt)

.rela.plt
 *(.rela.plt)

.text           0x00000000     0x133a
 *(.vectors)
 .vectors       0x00000000       0x7c c:/program files (x86)/atmel/atmel toolchain/avr8 gcc/native/3.4.2.939/avr8-gnu-toolchain/bin/../lib/gcc/avr/4.7.2/../../../../avr/lib/avr5/crtm64c1.o
                0x00000000                __vector_default
                0x00000000                __vectors
 *(.vectors)
 *(.progmem.gcc*)
 *(.progmem*)
                0x0000007c                . = ALIGN (0x2)
                0x0000007c                __trampolines_start = .
 *(.trampolines)
 .trampolines   0x0000007c        0x0 linker stubs
 *(.trampolines*)
                0x0000007c                __trampolines_end = .
 *(.jumptables)
 *(.jumptables*)
 *(.lowtext)
 *(.lowtext*)
                0x0000007c                __ctors_start = .
 *(.ctors)
                0x0000007c                __ctors_end = .
                0x0000007c                __dtors_start = .
 *(.dtors)
                0x0000007c                __dtors_end = .
 SORT(*)(.ctors)
 SORT(*)(.dtors)
 *(.init0)
 .init0         0x0000007c        0x0 c:/program files (x86)/atmel/atmel toolchain/avr8 gcc/native/3.4.2.939/avr8-gnu-toolchain/bin/../lib/gcc/avr/4.7.2/../../../../avr/lib/avr5/crtm64c1.o
                0x0000007c                __init
 *(.init0)
 *(.init1)
 *(.init1)
 *(.init2)
 .init2         0x0000007c        0xc c:/program files (x86)/atmel/atmel toolchain/avr8 gcc/native/3.4.2.939/avr8-gnu-toolchain/bin/../lib/gcc/avr/4.7.2/../../../../avr/lib/avr5/crtm64c1.o
 *(.init2)
 *(.init3)
 *(.init3)
 *(.init4)
 .init4         0x00000088       0x10 c:/program files (x86)/atmel/atmel toolchain/avr8 gcc/native/3.4.2.939/avr8-gnu-toolchain/bin/../lib/gcc/avr/4.7.2/avr5\libgcc.a(_clear_bss.o)
                0x00000088                __do_clear_bss
 *(.init4)
 *(.init5)
 *(.init5)
 *(.init6)
 *(.init6)
 *(.init7)
 *(.init7)
 *(.init8)
 *(.init8)
 *(.init9)
 .init9         0x00000098        0x8 c:/program files (x86)/atmel/atmel toolchain/avr8 gcc/native/3.4.2.939/avr8-gnu-toolchain/bin/../lib/gcc/avr/4.7.2/../../../../avr/lib/avr5/crtm64c1.o
 *(.init9)
 *(.text)
 .text          0x000000a0        0x4 c:/program files (x86)/atmel/atmel toolchain/avr8 gcc/native/3.4.2.939/avr8-gnu-toolchain/bin/../lib/gcc/avr/4.7.2/../../../../avr/lib/avr5/crtm64c1.o
                0x000000a0                __vector_22
                0x000000a0                __vector_28
                0x000000a0                __vector_1
                0x000000a0                __vector_24
                0x000000a0                __bad_interrupt
                0x000000a0                __vector_6
                0x000000a0                __vector_3
                0x000000a0                __vector_23
                0x000000a0                __vector_30
                0x000000a0                __vector_25
                0x000000a0                __vector_11
                0x000000a0                __vector_17
                0x000000a0                __vector_19
                0x000000a0                __vector_7
                0x000000a0                __vector_27
                0x000000a0                __vector_5
                0x000000a0                __vector_4
                0x000000a0                __vector_9
                0x000000a0                __vector_2
                0x000000a0                __vector_21
                0x000000a0                __vector_15
                0x000000a0                __vector_29
                0x000000a0                __vector_8
                0x000000a0                __vector_26
                0x000000a0                __vector_14
                0x000000a0                __vector_10
                0x000000a0                __vector_16
                0x000000a0                __vector_18
                0x000000a0                __vector_20
                0x000000a4                . = ALIGN (0x2)
 *(.text.*)
 .text.init_interrupts
                0x000000a4       0x3e init.o
                0x000000a4                init_interrupts
 .text.init_io  0x000000e2        0x2 init.o
                0x000000e2                init_io
 .text.init_sample_interrupt
                0x000000e4       0x18 init.o
                0x000000e4                init_sample_interrupt
 .text.init_watchdog
                0x000000fc       0x28 init.o
                0x000000fc                init_watchdog
 .text.init_state_capture
                0x00000124       0x2a init.o
                0x00000124                init_state_capture
 .text.init_UM6
                0x0000014e        0x8 init.o
                0x0000014e                init_UM6
 .text.__vector_13
                0x00000156      0x116 UM6 Node.o
                0x00000156                __vector_13
 .text.__vector_12
                0x0000026c      0x102 UM6 Node.o
                0x0000026c                __vector_12
 .text.main     0x0000036e       0x3c UM6 Node.o
                0x0000036e                main
 .text.um6_command
                0x000003aa       0xc2 um6.o
                0x000003aa                um6_command
 .text.can_init
                0x0000046c       0x1e C:\Users\shep\Documents\15e\vehicle_software\Library\cmr_library_64c1\Debug\libcmr_library_64c1.a(can_lib.o)
                0x0000046c                can_init
 .text.can_cmd  0x0000048a      0xa98 C:\Users\shep\Documents\15e\vehicle_software\Library\cmr_library_64c1\Debug\libcmr_library_64c1.a(can_lib.o)
                0x0000048a                can_cmd
 .text.can_get_status
                0x00000f22      0x150 C:\Users\shep\Documents\15e\vehicle_software\Library\cmr_library_64c1\Debug\libcmr_library_64c1.a(can_lib.o)
                0x00000f22                can_get_status
 .text.config_io_pin
                0x00001072       0x72 C:\Users\shep\Documents\15e\vehicle_software\Library\cmr_library_64c1\Debug\libcmr_library_64c1.a(cmr_library_64c1.o)
                0x00001072                config_io_pin
 .text.set_io_pin
                0x000010e4       0x72 C:\Users\shep\Documents\15e\vehicle_software\Library\cmr_library_64c1\Debug\libcmr_library_64c1.a(cmr_library_64c1.o)
                0x000010e4                set_io_pin
 .text.can_tx_sync
                0x00001156       0x4e C:\Users\shep\Documents\15e\vehicle_software\Library\cmr_library_64c1\Debug\libcmr_library_64c1.a(cmr_library_64c1.o)
                0x00001156                can_tx_sync
 .text.SPI_init
                0x000011a4       0x9c C:\Users\shep\Documents\15e\vehicle_software\Library\cmr_library_64c1\Debug\libcmr_library_64c1.a(cmr_library_64c1.o)
                0x000011a4                SPI_init
 .text.SPI_transaction
                0x00001240       0x10 C:\Users\shep\Documents\15e\vehicle_software\Library\cmr_library_64c1\Debug\libcmr_library_64c1.a(cmr_library_64c1.o)
                0x00001240                SPI_transaction
 .text.SPI_write
                0x00001250        0x8 C:\Users\shep\Documents\15e\vehicle_software\Library\cmr_library_64c1\Debug\libcmr_library_64c1.a(cmr_library_64c1.o)
                0x00001250                SPI_write
 .text.can_clear_all_mob
                0x00001258       0x24 C:\Users\shep\Documents\15e\vehicle_software\Library\cmr_library_64c1\Debug\libcmr_library_64c1.a(can_drv.o)
                0x00001258                can_clear_all_mob
 .text.can_get_mob_free
                0x0000127c       0x40 C:\Users\shep\Documents\15e\vehicle_software\Library\cmr_library_64c1\Debug\libcmr_library_64c1.a(can_drv.o)
                0x0000127c                can_get_mob_free
 .text.can_get_mob_status
                0x000012bc       0x26 C:\Users\shep\Documents\15e\vehicle_software\Library\cmr_library_64c1\Debug\libcmr_library_64c1.a(can_drv.o)
                0x000012bc                can_get_mob_status
 .text.can_get_data
                0x000012e2       0x38 C:\Users\shep\Documents\15e\vehicle_software\Library\cmr_library_64c1\Debug\libcmr_library_64c1.a(can_drv.o)
                0x000012e2                can_get_data
 .text.can_fixed_baudrate
                0x0000131a       0x1c C:\Users\shep\Documents\15e\vehicle_software\Library\cmr_library_64c1\Debug\libcmr_library_64c1.a(can_drv.o)
                0x0000131a                can_fixed_baudrate
                0x00001336                . = ALIGN (0x2)
 *(.fini9)
 .fini9         0x00001336        0x0 c:/program files (x86)/atmel/atmel toolchain/avr8 gcc/native/3.4.2.939/avr8-gnu-toolchain/bin/../lib/gcc/avr/4.7.2/avr5\libgcc.a(_exit.o)
                0x00001336                _exit
                0x00001336                exit
 *(.fini9)
 *(.fini8)
 *(.fini8)
 *(.fini7)
 *(.fini7)
 *(.fini6)
 *(.fini6)
 *(.fini5)
 *(.fini5)
 *(.fini4)
 *(.fini4)
 *(.fini3)
 *(.fini3)
 *(.fini2)
 *(.fini2)
 *(.fini1)
 *(.fini1)
 *(.fini0)
 .fini0         0x00001336        0x4 c:/program files (x86)/atmel/atmel toolchain/avr8 gcc/native/3.4.2.939/avr8-gnu-toolchain/bin/../lib/gcc/avr/4.7.2/avr5\libgcc.a(_exit.o)
 *(.fini0)
                0x0000133a                _etext = .

.data           0x00800100        0x0 load address 0x0000133a
                0x00800100                PROVIDE (__data_start, .)
 *(.data)
 .data          0x00800100        0x0 c:/program files (x86)/atmel/atmel toolchain/avr8 gcc/native/3.4.2.939/avr8-gnu-toolchain/bin/../lib/gcc/avr/4.7.2/../../../../avr/lib/avr5/crtm64c1.o
 .data          0x00800100        0x0 init.o
 .data          0x00800100        0x0 UM6 Node.o
 .data          0x00800100        0x0 um6.o
 .data          0x00800100        0x0 C:\Users\shep\Documents\15e\vehicle_software\Library\cmr_library_64c1\Debug\libcmr_library_64c1.a(can_lib.o)
 .data          0x00800100        0x0 C:\Users\shep\Documents\15e\vehicle_software\Library\cmr_library_64c1\Debug\libcmr_library_64c1.a(cmr_library_64c1.o)
 .data          0x00800100        0x0 C:\Users\shep\Documents\15e\vehicle_software\Library\cmr_library_64c1\Debug\libcmr_library_64c1.a(can_drv.o)
 .data          0x00800100        0x0 c:/program files (x86)/atmel/atmel toolchain/avr8 gcc/native/3.4.2.939/avr8-gnu-toolchain/bin/../lib/gcc/avr/4.7.2/avr5\libgcc.a(_exit.o)
 .data          0x00800100        0x0 c:/program files (x86)/atmel/atmel toolchain/avr8 gcc/native/3.4.2.939/avr8-gnu-toolchain/bin/../lib/gcc/avr/4.7.2/avr5\libgcc.a(_clear_bss.o)
 *(.data*)
 *(.rodata)
 *(.rodata*)
 *(.gnu.linkonce.d*)
                0x00800100                . = ALIGN (0x2)
                0x00800100                _edata = .
                0x00800100                PROVIDE (__data_end, .)

.bss            0x00800100       0x34
                0x00800100                PROVIDE (__bss_start, .)
 *(.bss)
 *(.bss*)
 .bss.state     0x00800100        0x1 UM6 Node.o
                0x00800100                state
 *(COMMON)
 COMMON         0x00800101       0x33 UM6 Node.o
                0x00800101                can_send_buffer
                0x00800109                can_state_buffer
                0x0080010a                can_send_msg
                0x00800116                can_receive_msg
                0x00800122                um6_data
                0x00800134                PROVIDE (__bss_end, .)
                0x0000133a                __data_load_start = LOADADDR (.data)
                0x0000133a                __data_load_end = (__data_load_start + SIZEOF (.data))

.noinit         0x00800134        0x0
                0x00800134                PROVIDE (__noinit_start, .)
 *(.noinit*)
                0x00800134                PROVIDE (__noinit_end, .)
                0x00800134                _end = .
                0x00800134                PROVIDE (__heap_start, .)

.eeprom         0x00810000        0x0
 *(.eeprom*)
                0x00810000                __eeprom_end = .

.fuse
 *(.fuse)
 *(.lfuse)
 *(.hfuse)
 *(.efuse)

.lock
 *(.lock*)

.signature
 *(.signature*)

.user_signatures
 *(.user_signatures*)

.stab           0x00000000      0x6cc
 *(.stab)
 .stab          0x00000000      0x6cc c:/program files (x86)/atmel/atmel toolchain/avr8 gcc/native/3.4.2.939/avr8-gnu-toolchain/bin/../lib/gcc/avr/4.7.2/../../../../avr/lib/avr5/crtm64c1.o

.stabstr        0x00000000       0x97
 *(.stabstr)
 .stabstr       0x00000000       0x97 c:/program files (x86)/atmel/atmel toolchain/avr8 gcc/native/3.4.2.939/avr8-gnu-toolchain/bin/../lib/gcc/avr/4.7.2/../../../../avr/lib/avr5/crtm64c1.o

.stab.excl
 *(.stab.excl)

.stab.exclstr
 *(.stab.exclstr)

.stab.index
 *(.stab.index)

.stab.indexstr
 *(.stab.indexstr)

.comment        0x00000000       0x2f
 *(.comment)
 .comment       0x00000000       0x2f init.o
                                 0x30 (size before relaxing)
 .comment       0x00000000       0x30 UM6 Node.o
 .comment       0x00000000       0x30 um6.o
 .comment       0x00000000       0x30 C:\Users\shep\Documents\15e\vehicle_software\Library\cmr_library_64c1\Debug\libcmr_library_64c1.a(can_lib.o)
 .comment       0x00000000       0x30 C:\Users\shep\Documents\15e\vehicle_software\Library\cmr_library_64c1\Debug\libcmr_library_64c1.a(cmr_library_64c1.o)
 .comment       0x00000000       0x30 C:\Users\shep\Documents\15e\vehicle_software\Library\cmr_library_64c1\Debug\libcmr_library_64c1.a(can_drv.o)

.debug
 *(.debug)

.line
 *(.line)

.debug_srcinfo
 *(.debug_srcinfo)

.debug_sfnames
 *(.debug_sfnames)

.debug_aranges  0x00000000      0x170
 *(.debug_aranges)
 .debug_aranges
                0x00000000       0x48 init.o
 .debug_aranges
                0x00000048       0x30 UM6 Node.o
 .debug_aranges
                0x00000078       0x20 um6.o
 .debug_aranges
                0x00000098       0x30 C:\Users\shep\Documents\15e\vehicle_software\Library\cmr_library_64c1\Debug\libcmr_library_64c1.a(can_lib.o)
 .debug_aranges
                0x000000c8       0x60 C:\Users\shep\Documents\15e\vehicle_software\Library\cmr_library_64c1\Debug\libcmr_library_64c1.a(cmr_library_64c1.o)
 .debug_aranges
                0x00000128       0x48 C:\Users\shep\Documents\15e\vehicle_software\Library\cmr_library_64c1\Debug\libcmr_library_64c1.a(can_drv.o)

.debug_pubnames
 *(.debug_pubnames)

.debug_info     0x00000000     0x19bd
 *(.debug_info)
 .debug_info    0x00000000      0x2fc init.o
 .debug_info    0x000002fc      0x85c UM6 Node.o
 .debug_info    0x00000b58      0x2b5 um6.o
 .debug_info    0x00000e0d      0x376 C:\Users\shep\Documents\15e\vehicle_software\Library\cmr_library_64c1\Debug\libcmr_library_64c1.a(can_lib.o)
 .debug_info    0x00001183      0x548 C:\Users\shep\Documents\15e\vehicle_software\Library\cmr_library_64c1\Debug\libcmr_library_64c1.a(cmr_library_64c1.o)
 .debug_info    0x000016cb      0x2f2 C:\Users\shep\Documents\15e\vehicle_software\Library\cmr_library_64c1\Debug\libcmr_library_64c1.a(can_drv.o)
 *(.gnu.linkonce.wi.*)

.debug_abbrev   0x00000000      0x95c
 *(.debug_abbrev)
 .debug_abbrev  0x00000000      0x14e init.o
 .debug_abbrev  0x0000014e      0x219 UM6 Node.o
 .debug_abbrev  0x00000367      0x114 um6.o
 .debug_abbrev  0x0000047b      0x1aa C:\Users\shep\Documents\15e\vehicle_software\Library\cmr_library_64c1\Debug\libcmr_library_64c1.a(can_lib.o)
 .debug_abbrev  0x00000625      0x1ef C:\Users\shep\Documents\15e\vehicle_software\Library\cmr_library_64c1\Debug\libcmr_library_64c1.a(cmr_library_64c1.o)
 .debug_abbrev  0x00000814      0x148 C:\Users\shep\Documents\15e\vehicle_software\Library\cmr_library_64c1\Debug\libcmr_library_64c1.a(can_drv.o)

.debug_line     0x00000000      0xc33
 *(.debug_line)
 .debug_line    0x00000000      0x18c init.o
 .debug_line    0x0000018c      0x231 UM6 Node.o
 .debug_line    0x000003bd      0x147 um6.o
 .debug_line    0x00000504      0x2a3 C:\Users\shep\Documents\15e\vehicle_software\Library\cmr_library_64c1\Debug\libcmr_library_64c1.a(can_lib.o)
 .debug_line    0x000007a7      0x1ce C:\Users\shep\Documents\15e\vehicle_software\Library\cmr_library_64c1\Debug\libcmr_library_64c1.a(cmr_library_64c1.o)
 .debug_line    0x00000975      0x2be C:\Users\shep\Documents\15e\vehicle_software\Library\cmr_library_64c1\Debug\libcmr_library_64c1.a(can_drv.o)

.debug_frame    0x00000000      0x3cc
 *(.debug_frame)
 .debug_frame   0x00000000       0x80 init.o
 .debug_frame   0x00000080       0xe4 UM6 Node.o
 .debug_frame   0x00000164       0x40 um6.o
 .debug_frame   0x000001a4       0x7c C:\Users\shep\Documents\15e\vehicle_software\Library\cmr_library_64c1\Debug\libcmr_library_64c1.a(can_lib.o)
 .debug_frame   0x00000220       0xcc C:\Users\shep\Documents\15e\vehicle_software\Library\cmr_library_64c1\Debug\libcmr_library_64c1.a(cmr_library_64c1.o)
 .debug_frame   0x000002ec       0xe0 C:\Users\shep\Documents\15e\vehicle_software\Library\cmr_library_64c1\Debug\libcmr_library_64c1.a(can_drv.o)

.debug_str      0x00000000      0x643
 *(.debug_str)
 .debug_str     0x00000000      0x226 init.o
                                0x26d (size before relaxing)
 .debug_str     0x00000226      0x181 UM6 Node.o
                                0x3c0 (size before relaxing)
 .debug_str     0x000003a7       0x4f um6.o
                                0x185 (size before relaxing)
 .debug_str     0x000003f6       0xe0 C:\Users\shep\Documents\15e\vehicle_software\Library\cmr_library_64c1\Debug\libcmr_library_64c1.a(can_lib.o)
                                0x283 (size before relaxing)
 .debug_str     0x000004d6       0x7b C:\Users\shep\Documents\15e\vehicle_software\Library\cmr_library_64c1\Debug\libcmr_library_64c1.a(cmr_library_64c1.o)
                                0x2a2 (size before relaxing)
 .debug_str     0x00000551       0xf2 C:\Users\shep\Documents\15e\vehicle_software\Library\cmr_library_64c1\Debug\libcmr_library_64c1.a(can_drv.o)
                                0x22d (size before relaxing)

.debug_loc      0x00000000     0x13fa
 *(.debug_loc)
 .debug_loc     0x00000000       0xac init.o
 .debug_loc     0x000000ac      0x1c9 UM6 Node.o
 .debug_loc     0x00000275      0x1c0 um6.o
 .debug_loc     0x00000435      0x32a C:\Users\shep\Documents\15e\vehicle_software\Library\cmr_library_64c1\Debug\libcmr_library_64c1.a(can_lib.o)
 .debug_loc     0x0000075f      0x474 C:\Users\shep\Documents\15e\vehicle_software\Library\cmr_library_64c1\Debug\libcmr_library_64c1.a(cmr_library_64c1.o)
 .debug_loc     0x00000bd3      0x827 C:\Users\shep\Documents\15e\vehicle_software\Library\cmr_library_64c1\Debug\libcmr_library_64c1.a(can_drv.o)

.debug_macinfo
 *(.debug_macinfo)

.debug_pubtypes
 *(.debug_pubtypes)

.debug_ranges   0x00000000      0x110
 *(.debug_ranges)
 .debug_ranges  0x00000000       0x38 init.o
 .debug_ranges  0x00000038       0x20 UM6 Node.o
 .debug_ranges  0x00000058       0x10 um6.o
 .debug_ranges  0x00000068       0x20 C:\Users\shep\Documents\15e\vehicle_software\Library\cmr_library_64c1\Debug\libcmr_library_64c1.a(can_lib.o)
 .debug_ranges  0x00000088       0x50 C:\Users\shep\Documents\15e\vehicle_software\Library\cmr_library_64c1\Debug\libcmr_library_64c1.a(cmr_library_64c1.o)
 .debug_ranges  0x000000d8       0x38 C:\Users\shep\Documents\15e\vehicle_software\Library\cmr_library_64c1\Debug\libcmr_library_64c1.a(can_drv.o)

.debug_macro
 *(.debug_macro)
OUTPUT(UM6 Node.elf elf32-avr)
LOAD linker stubs
