Archive member included to satisfy reference by file (symbol)

C:\Users\shep\git\firmware\Library\Library\Debug\libCMRLibrary.a(cmr_64c1_lib.o)
                              Drivers/SPI/spi.o (config_io_pin)
c:/program files (x86)/atmel/studio/7.0/toolchain/avr8/avr8-gnu-toolchain/bin/../lib/gcc/avr/4.9.2/avr5\libgcc.a(_exit.o)
                              C:/Program Files (x86)/Atmel/Studio/7.0/Packs/atmel/ATmega_DFP/1.0.90/gcc/dev/atmega64c1/avr5/crtatmega64c1.o (exit)
c:/program files (x86)/atmel/studio/7.0/toolchain/avr8/avr8-gnu-toolchain/bin/../lib/gcc/avr/4.9.2/avr5\libgcc.a(_copy_data.o)
                              Drivers/ADC/adc.o (__do_copy_data)
c:/program files (x86)/atmel/studio/7.0/toolchain/avr8/avr8-gnu-toolchain/bin/../lib/gcc/avr/4.9.2/avr5\libgcc.a(_clear_bss.o)
                              Drivers/ADC/adc.o (__do_clear_bss)
c:/program files (x86)/atmel/studio/7.0/toolchain/avr8/avr8-gnu-toolchain/bin/../lib/gcc/avr/4.9.2/../../../../avr/lib/avr5\libc.a(abort.o)
                              Drivers/CAN/frtos_can.o (abort)
c:/program files (x86)/atmel/studio/7.0/toolchain/avr8/avr8-gnu-toolchain/bin/../lib/gcc/avr/4.9.2/../../../../avr/lib/avr5\libc.a(memcpy.o)
                              Source/queue.o (memcpy)

Allocating common symbols
Common symbol       size              file

channels            0xc               Drivers/CAN/frtos_can.o
CANdumpQueue        0x2               Drivers/CAN/frtos_can.o

Discarded input sections

 .data          0x00000000        0x0 C:/Program Files (x86)/Atmel/Studio/7.0/Packs/atmel/ATmega_DFP/1.0.90/gcc/dev/atmega64c1/avr5/crtatmega64c1.o
 .bss           0x00000000        0x0 C:/Program Files (x86)/Atmel/Studio/7.0/Packs/atmel/ATmega_DFP/1.0.90/gcc/dev/atmega64c1/avr5/crtatmega64c1.o
 .text          0x00000000        0x0 Drivers/ADC/adc.o
 .data          0x00000000        0x0 Drivers/ADC/adc.o
 .bss           0x00000000        0x0 Drivers/ADC/adc.o
 .text.adcVal   0x00000000       0x18 Drivers/ADC/adc.o
 .text          0x00000000        0x0 Drivers/CAN/frtos_can.o
 .data          0x00000000        0x0 Drivers/CAN/frtos_can.o
 .bss           0x00000000        0x0 Drivers/CAN/frtos_can.o
 .text.CAN_callback
                0x00000000       0x70 Drivers/CAN/frtos_can.o
 .text.can_dump_init
                0x00000000       0x3a Drivers/CAN/frtos_can.o
 .text.xCANQueueCreate
                0x00000000       0x6c Drivers/CAN/frtos_can.o
 .text.get_free_mob
                0x00000000       0x44 Drivers/CAN/frtos_can.o
 .text.can_send
                0x00000000       0xa2 Drivers/CAN/frtos_can.o
 .debug_info    0x00000000      0x549 Drivers/CAN/frtos_can.o
 .debug_abbrev  0x00000000      0x1e3 Drivers/CAN/frtos_can.o
 .debug_loc     0x00000000      0x46d Drivers/CAN/frtos_can.o
 .debug_aranges
                0x00000000       0x40 Drivers/CAN/frtos_can.o
 .debug_ranges  0x00000000       0x30 Drivers/CAN/frtos_can.o
 .debug_line    0x00000000      0x1b5 Drivers/CAN/frtos_can.o
 .debug_str     0x00000000      0x2fa Drivers/CAN/frtos_can.o
 .comment       0x00000000       0x31 Drivers/CAN/frtos_can.o
 .debug_frame   0x00000000       0xcc Drivers/CAN/frtos_can.o
 COMMON         0x00000000        0xe Drivers/CAN/frtos_can.o
 .text          0x00000000        0x0 Drivers/SPI/spi.o
 .data          0x00000000        0x0 Drivers/SPI/spi.o
 .bss           0x00000000        0x0 Drivers/SPI/spi.o
 .text.spiSwitchSlave
                0x00000000       0x16 Drivers/SPI/spi.o
 .text.SPI_read
                0x00000000        0xa Drivers/SPI/spi.o
 .text          0x00000000        0x0 main.o
 .data          0x00000000        0x0 main.o
 .bss           0x00000000        0x0 main.o
 .text          0x00000000        0x0 Source/list.o
 .data          0x00000000        0x0 Source/list.o
 .bss           0x00000000        0x0 Source/list.o
 .text          0x00000000        0x0 Source/portable/GCC/ATmega64c1/port.o
 .data          0x00000000        0x0 Source/portable/GCC/ATmega64c1/port.o
 .bss           0x00000000        0x0 Source/portable/GCC/ATmega64c1/port.o
 .text.vPortEndScheduler
                0x00000000        0x2 Source/portable/GCC/ATmega64c1/port.o
 .text          0x00000000        0x0 Source/portable/MemMang/heap_1.o
 .data          0x00000000        0x0 Source/portable/MemMang/heap_1.o
 .bss           0x00000000        0x0 Source/portable/MemMang/heap_1.o
 .text.vPortInitialiseBlocks
                0x00000000        0xa Source/portable/MemMang/heap_1.o
 .text.xPortGetFreeHeapSize
                0x00000000       0x12 Source/portable/MemMang/heap_1.o
 .text          0x00000000        0x0 Source/queue.o
 .data          0x00000000        0x0 Source/queue.o
 .bss           0x00000000        0x0 Source/queue.o
 .text.prvCopyDataToQueue
                0x00000000       0x9a Source/queue.o
 .text.prvCopyDataFromQueue
                0x00000000       0x34 Source/queue.o
 .text.prvUnlockQueue
                0x00000000       0x98 Source/queue.o
 .text.xQueueGenericReset
                0x00000000       0x7a Source/queue.o
 .text.xQueueGenericCreate
                0x00000000       0x58 Source/queue.o
 .text.xQueueGenericSend
                0x00000000      0x142 Source/queue.o
 .text.xQueueGenericSendFromISR
                0x00000000       0x70 Source/queue.o
 .text.xQueueGiveFromISR
                0x00000000       0x56 Source/queue.o
 .text.xQueueGenericReceive
                0x00000000      0x158 Source/queue.o
 .text.xQueueReceiveFromISR
                0x00000000       0x66 Source/queue.o
 .text.xQueuePeekFromISR
                0x00000000       0x2e Source/queue.o
 .text.uxQueueMessagesWaiting
                0x00000000       0x10 Source/queue.o
 .text.uxQueueSpacesAvailable
                0x00000000       0x14 Source/queue.o
 .text.uxQueueMessagesWaitingFromISR
                0x00000000        0x6 Source/queue.o
 .text.vQueueDelete
                0x00000000        0x6 Source/queue.o
 .text.xQueueIsQueueEmptyFromISR
                0x00000000        0xc Source/queue.o
 .text.xQueueIsQueueFullFromISR
                0x00000000        0xe Source/queue.o
 .debug_info    0x00000000      0xf7d Source/queue.o
 .debug_abbrev  0x00000000      0x2a0 Source/queue.o
 .debug_loc     0x00000000     0x11b6 Source/queue.o
 .debug_aranges
                0x00000000       0xa0 Source/queue.o
 .debug_ranges  0x00000000       0x90 Source/queue.o
 .debug_line    0x00000000      0x401 Source/queue.o
 .debug_str     0x00000000      0x6b4 Source/queue.o
 .comment       0x00000000       0x31 Source/queue.o
 .debug_frame   0x00000000      0x230 Source/queue.o
 .text          0x00000000        0x0 Source/tasks.o
 .data          0x00000000        0x0 Source/tasks.o
 .bss           0x00000000        0x0 Source/tasks.o
 .text.vTaskDelete
                0x00000000       0x8e Source/tasks.o
 .text.vTaskResume
                0x00000000       0x9e Source/tasks.o
 .text.xTaskResumeFromISR
                0x00000000       0xae Source/tasks.o
 .text.vTaskEndScheduler
                0x00000000        0xc Source/tasks.o
 .text.xTaskGetTickCountFromISR
                0x00000000        0xa Source/tasks.o
 .text.uxTaskGetNumberOfTasks
                0x00000000        0x6 Source/tasks.o
 .text.vTaskDelay
                0x00000000       0x40 Source/tasks.o
 .text.vTaskSuspend
                0x00000000       0x9e Source/tasks.o
 .text.vTaskPlaceOnEventList
                0x00000000       0x5a Source/tasks.o
 .text.vTaskPlaceOnUnorderedEventList
                0x00000000       0x66 Source/tasks.o
 .text.xTaskRemoveFromEventList
                0x00000000       0x90 Source/tasks.o
 .text.xTaskRemoveFromUnorderedEventList
                0x00000000       0x74 Source/tasks.o
 .text.vTaskSetTimeOutState
                0x00000000       0x16 Source/tasks.o
 .text.xTaskCheckForTimeOut
                0x00000000       0x72 Source/tasks.o
 .text.vTaskMissedYield
                0x00000000        0x8 Source/tasks.o
 .text.uxTaskResetEventItemValue
                0x00000000       0x2e Source/tasks.o
 .text.ulTaskNotifyTake
                0x00000000       0xec Source/tasks.o
 .text.xTaskNotifyWait
                0x00000000      0x13e Source/tasks.o
 .text.xTaskGenericNotify
                0x00000000       0xfc Source/tasks.o
 .text.xTaskGenericNotifyFromISR
                0x00000000      0x11c Source/tasks.o
 .text.vTaskNotifyGiveFromISR
                0x00000000       0xae Source/tasks.o
 .text.xTaskNotifyStateClear
                0x00000000       0x28 Source/tasks.o
 .text          0x00000000        0x0 node_tasks.o
 .data          0x00000000        0x0 node_tasks.o
 .bss           0x00000000        0x0 node_tasks.o
 .text.vWatchdogTask
                0x00000000        0x2 node_tasks.o
 .text.vThermistorReadTask
                0x00000000       0x44 node_tasks.o
 .bss.maxThermistorValue
                0x00000000        0x2 node_tasks.o
 .text          0x00000000        0x0 C:\Users\shep\git\firmware\Library\Library\Debug\libCMRLibrary.a(cmr_64c1_lib.o)
 .data          0x00000000        0x0 C:\Users\shep\git\firmware\Library\Library\Debug\libCMRLibrary.a(cmr_64c1_lib.o)
 .bss           0x00000000        0x0 C:\Users\shep\git\firmware\Library\Library\Debug\libCMRLibrary.a(cmr_64c1_lib.o)
 .text          0x00000000        0x0 c:/program files (x86)/atmel/studio/7.0/toolchain/avr8/avr8-gnu-toolchain/bin/../lib/gcc/avr/4.9.2/avr5\libgcc.a(_exit.o)
 .data          0x00000000        0x0 c:/program files (x86)/atmel/studio/7.0/toolchain/avr8/avr8-gnu-toolchain/bin/../lib/gcc/avr/4.9.2/avr5\libgcc.a(_exit.o)
 .bss           0x00000000        0x0 c:/program files (x86)/atmel/studio/7.0/toolchain/avr8/avr8-gnu-toolchain/bin/../lib/gcc/avr/4.9.2/avr5\libgcc.a(_exit.o)
 .text.libgcc.mul
                0x00000000        0x0 c:/program files (x86)/atmel/studio/7.0/toolchain/avr8/avr8-gnu-toolchain/bin/../lib/gcc/avr/4.9.2/avr5\libgcc.a(_exit.o)
 .text.libgcc.div
                0x00000000        0x0 c:/program files (x86)/atmel/studio/7.0/toolchain/avr8/avr8-gnu-toolchain/bin/../lib/gcc/avr/4.9.2/avr5\libgcc.a(_exit.o)
 .text.libgcc   0x00000000        0x0 c:/program files (x86)/atmel/studio/7.0/toolchain/avr8/avr8-gnu-toolchain/bin/../lib/gcc/avr/4.9.2/avr5\libgcc.a(_exit.o)
 .text.libgcc.prologue
                0x00000000        0x0 c:/program files (x86)/atmel/studio/7.0/toolchain/avr8/avr8-gnu-toolchain/bin/../lib/gcc/avr/4.9.2/avr5\libgcc.a(_exit.o)
 .text.libgcc.builtins
                0x00000000        0x0 c:/program files (x86)/atmel/studio/7.0/toolchain/avr8/avr8-gnu-toolchain/bin/../lib/gcc/avr/4.9.2/avr5\libgcc.a(_exit.o)
 .text.libgcc.fmul
                0x00000000        0x0 c:/program files (x86)/atmel/studio/7.0/toolchain/avr8/avr8-gnu-toolchain/bin/../lib/gcc/avr/4.9.2/avr5\libgcc.a(_exit.o)
 .text.libgcc.fixed
                0x00000000        0x0 c:/program files (x86)/atmel/studio/7.0/toolchain/avr8/avr8-gnu-toolchain/bin/../lib/gcc/avr/4.9.2/avr5\libgcc.a(_exit.o)
 .text          0x00000000        0x0 c:/program files (x86)/atmel/studio/7.0/toolchain/avr8/avr8-gnu-toolchain/bin/../lib/gcc/avr/4.9.2/avr5\libgcc.a(_copy_data.o)
 .data          0x00000000        0x0 c:/program files (x86)/atmel/studio/7.0/toolchain/avr8/avr8-gnu-toolchain/bin/../lib/gcc/avr/4.9.2/avr5\libgcc.a(_copy_data.o)
 .bss           0x00000000        0x0 c:/program files (x86)/atmel/studio/7.0/toolchain/avr8/avr8-gnu-toolchain/bin/../lib/gcc/avr/4.9.2/avr5\libgcc.a(_copy_data.o)
 .text.libgcc.mul
                0x00000000        0x0 c:/program files (x86)/atmel/studio/7.0/toolchain/avr8/avr8-gnu-toolchain/bin/../lib/gcc/avr/4.9.2/avr5\libgcc.a(_copy_data.o)
 .text.libgcc.div
                0x00000000        0x0 c:/program files (x86)/atmel/studio/7.0/toolchain/avr8/avr8-gnu-toolchain/bin/../lib/gcc/avr/4.9.2/avr5\libgcc.a(_copy_data.o)
 .text.libgcc   0x00000000        0x0 c:/program files (x86)/atmel/studio/7.0/toolchain/avr8/avr8-gnu-toolchain/bin/../lib/gcc/avr/4.9.2/avr5\libgcc.a(_copy_data.o)
 .text.libgcc.prologue
                0x00000000        0x0 c:/program files (x86)/atmel/studio/7.0/toolchain/avr8/avr8-gnu-toolchain/bin/../lib/gcc/avr/4.9.2/avr5\libgcc.a(_copy_data.o)
 .text.libgcc.builtins
                0x00000000        0x0 c:/program files (x86)/atmel/studio/7.0/toolchain/avr8/avr8-gnu-toolchain/bin/../lib/gcc/avr/4.9.2/avr5\libgcc.a(_copy_data.o)
 .text.libgcc.fmul
                0x00000000        0x0 c:/program files (x86)/atmel/studio/7.0/toolchain/avr8/avr8-gnu-toolchain/bin/../lib/gcc/avr/4.9.2/avr5\libgcc.a(_copy_data.o)
 .text.libgcc.fixed
                0x00000000        0x0 c:/program files (x86)/atmel/studio/7.0/toolchain/avr8/avr8-gnu-toolchain/bin/../lib/gcc/avr/4.9.2/avr5\libgcc.a(_copy_data.o)
 .text          0x00000000        0x0 c:/program files (x86)/atmel/studio/7.0/toolchain/avr8/avr8-gnu-toolchain/bin/../lib/gcc/avr/4.9.2/avr5\libgcc.a(_clear_bss.o)
 .data          0x00000000        0x0 c:/program files (x86)/atmel/studio/7.0/toolchain/avr8/avr8-gnu-toolchain/bin/../lib/gcc/avr/4.9.2/avr5\libgcc.a(_clear_bss.o)
 .bss           0x00000000        0x0 c:/program files (x86)/atmel/studio/7.0/toolchain/avr8/avr8-gnu-toolchain/bin/../lib/gcc/avr/4.9.2/avr5\libgcc.a(_clear_bss.o)
 .text.libgcc.mul
                0x00000000        0x0 c:/program files (x86)/atmel/studio/7.0/toolchain/avr8/avr8-gnu-toolchain/bin/../lib/gcc/avr/4.9.2/avr5\libgcc.a(_clear_bss.o)
 .text.libgcc.div
                0x00000000        0x0 c:/program files (x86)/atmel/studio/7.0/toolchain/avr8/avr8-gnu-toolchain/bin/../lib/gcc/avr/4.9.2/avr5\libgcc.a(_clear_bss.o)
 .text.libgcc   0x00000000        0x0 c:/program files (x86)/atmel/studio/7.0/toolchain/avr8/avr8-gnu-toolchain/bin/../lib/gcc/avr/4.9.2/avr5\libgcc.a(_clear_bss.o)
 .text.libgcc.prologue
                0x00000000        0x0 c:/program files (x86)/atmel/studio/7.0/toolchain/avr8/avr8-gnu-toolchain/bin/../lib/gcc/avr/4.9.2/avr5\libgcc.a(_clear_bss.o)
 .text.libgcc.builtins
                0x00000000        0x0 c:/program files (x86)/atmel/studio/7.0/toolchain/avr8/avr8-gnu-toolchain/bin/../lib/gcc/avr/4.9.2/avr5\libgcc.a(_clear_bss.o)
 .text.libgcc.fmul
                0x00000000        0x0 c:/program files (x86)/atmel/studio/7.0/toolchain/avr8/avr8-gnu-toolchain/bin/../lib/gcc/avr/4.9.2/avr5\libgcc.a(_clear_bss.o)
 .text.libgcc.fixed
                0x00000000        0x0 c:/program files (x86)/atmel/studio/7.0/toolchain/avr8/avr8-gnu-toolchain/bin/../lib/gcc/avr/4.9.2/avr5\libgcc.a(_clear_bss.o)
 .text          0x00000000        0x0 c:/program files (x86)/atmel/studio/7.0/toolchain/avr8/avr8-gnu-toolchain/bin/../lib/gcc/avr/4.9.2/../../../../avr/lib/avr5\libc.a(abort.o)
 .data          0x00000000        0x0 c:/program files (x86)/atmel/studio/7.0/toolchain/avr8/avr8-gnu-toolchain/bin/../lib/gcc/avr/4.9.2/../../../../avr/lib/avr5\libc.a(abort.o)
 .bss           0x00000000        0x0 c:/program files (x86)/atmel/studio/7.0/toolchain/avr8/avr8-gnu-toolchain/bin/../lib/gcc/avr/4.9.2/../../../../avr/lib/avr5\libc.a(abort.o)
 .text.avr-libc
                0x00000000        0xa c:/program files (x86)/atmel/studio/7.0/toolchain/avr8/avr8-gnu-toolchain/bin/../lib/gcc/avr/4.9.2/../../../../avr/lib/avr5\libc.a(abort.o)
 .text          0x00000000        0x0 c:/program files (x86)/atmel/studio/7.0/toolchain/avr8/avr8-gnu-toolchain/bin/../lib/gcc/avr/4.9.2/../../../../avr/lib/avr5\libc.a(memcpy.o)
 .data          0x00000000        0x0 c:/program files (x86)/atmel/studio/7.0/toolchain/avr8/avr8-gnu-toolchain/bin/../lib/gcc/avr/4.9.2/../../../../avr/lib/avr5\libc.a(memcpy.o)
 .bss           0x00000000        0x0 c:/program files (x86)/atmel/studio/7.0/toolchain/avr8/avr8-gnu-toolchain/bin/../lib/gcc/avr/4.9.2/../../../../avr/lib/avr5\libc.a(memcpy.o)
 .text.avr-libc
                0x00000000       0x12 c:/program files (x86)/atmel/studio/7.0/toolchain/avr8/avr8-gnu-toolchain/bin/../lib/gcc/avr/4.9.2/../../../../avr/lib/avr5\libc.a(memcpy.o)

Memory Configuration

Name             Origin             Length             Attributes
text             0x00000000         0x00020000         xr
data             0x00800060         0x0000ffa0         rw !x
eeprom           0x00810000         0x00010000         rw !x
fuse             0x00820000         0x00000400         rw !x
lock             0x00830000         0x00000400         rw !x
signature        0x00840000         0x00000400         rw !x
user_signatures  0x00850000         0x00000400         rw !x
*default*        0x00000000         0xffffffff

Linker script and memory map

Address of section .data set to 0x800100
LOAD C:/Program Files (x86)/Atmel/Studio/7.0/Packs/atmel/ATmega_DFP/1.0.90/gcc/dev/atmega64c1/avr5/crtatmega64c1.o
LOAD Drivers/ADC/adc.o
LOAD Drivers/CAN/frtos_can.o
LOAD Drivers/SPI/spi.o
LOAD main.o
LOAD Source/list.o
LOAD Source/portable/GCC/ATmega64c1/port.o
LOAD Source/portable/MemMang/heap_1.o
LOAD Source/queue.o
LOAD Source/tasks.o
LOAD node_tasks.o
START GROUP
LOAD C:\Users\shep\git\firmware\Library\Library\Debug\libCMRLibrary.a
END GROUP
START GROUP
LOAD c:/program files (x86)/atmel/studio/7.0/toolchain/avr8/avr8-gnu-toolchain/bin/../lib/gcc/avr/4.9.2/avr5\libgcc.a
LOAD c:/program files (x86)/atmel/studio/7.0/toolchain/avr8/avr8-gnu-toolchain/bin/../lib/gcc/avr/4.9.2/../../../../avr/lib/avr5\libm.a
LOAD c:/program files (x86)/atmel/studio/7.0/toolchain/avr8/avr8-gnu-toolchain/bin/../lib/gcc/avr/4.9.2/../../../../avr/lib/avr5\libc.a
LOAD C:/Program Files (x86)/Atmel/Studio/7.0/Packs/atmel/ATmega_DFP/1.0.90/gcc/dev/atmega64c1/avr5\libatmega64c1.a
END GROUP

.hash
 *(.hash)

.dynsym
 *(.dynsym)

.dynstr
 *(.dynstr)

.gnu.version
 *(.gnu.version)

.gnu.version_d
 *(.gnu.version_d)

.gnu.version_r
 *(.gnu.version_r)

.rel.init
 *(.rel.init)

.rela.init
 *(.rela.init)

.rel.text
 *(.rel.text)
 *(.rel.text.*)
 *(.rel.gnu.linkonce.t*)

.rela.text
 *(.rela.text)
 *(.rela.text.*)
 *(.rela.gnu.linkonce.t*)

.rel.fini
 *(.rel.fini)

.rela.fini
 *(.rela.fini)

.rel.rodata
 *(.rel.rodata)
 *(.rel.rodata.*)
 *(.rel.gnu.linkonce.r*)

.rela.rodata
 *(.rela.rodata)
 *(.rela.rodata.*)
 *(.rela.gnu.linkonce.r*)

.rel.data
 *(.rel.data)
 *(.rel.data.*)
 *(.rel.gnu.linkonce.d*)

.rela.data
 *(.rela.data)
 *(.rela.data.*)
 *(.rela.gnu.linkonce.d*)

.rel.ctors
 *(.rel.ctors)

.rela.ctors
 *(.rela.ctors)

.rel.dtors
 *(.rel.dtors)

.rela.dtors
 *(.rela.dtors)

.rel.got
 *(.rel.got)

.rela.got
 *(.rela.got)

.rel.bss
 *(.rel.bss)

.rela.bss
 *(.rela.bss)

.rel.plt
 *(.rel.plt)

.rela.plt
 *(.rela.plt)

.text           0x00000000     0x10b8
 *(.vectors)
 .vectors       0x00000000       0x7c C:/Program Files (x86)/Atmel/Studio/7.0/Packs/atmel/ATmega_DFP/1.0.90/gcc/dev/atmega64c1/avr5/crtatmega64c1.o
                0x00000000                __vector_default
                0x00000000                __vectors
 *(.vectors)
 *(.progmem.gcc*)
                0x0000007c                . = ALIGN (0x2)
                0x0000007c                __trampolines_start = .
 *(.trampolines)
 .trampolines   0x0000007c        0x0 linker stubs
 *(.trampolines*)
                0x0000007c                __trampolines_end = .
 *(.progmem*)
                0x0000007c                . = ALIGN (0x2)
 *(.jumptables)
 *(.jumptables*)
 *(.lowtext)
 *(.lowtext*)
                0x0000007c                __ctors_start = .
 *(.ctors)
                0x0000007c                __ctors_end = .
                0x0000007c                __dtors_start = .
 *(.dtors)
                0x0000007c                __dtors_end = .
 SORT(*)(.ctors)
 SORT(*)(.dtors)
 *(.init0)
 .init0         0x0000007c        0x0 C:/Program Files (x86)/Atmel/Studio/7.0/Packs/atmel/ATmega_DFP/1.0.90/gcc/dev/atmega64c1/avr5/crtatmega64c1.o
                0x0000007c                __init
 *(.init0)
 *(.init1)
 *(.init1)
 *(.init2)
 .init2         0x0000007c        0xc C:/Program Files (x86)/Atmel/Studio/7.0/Packs/atmel/ATmega_DFP/1.0.90/gcc/dev/atmega64c1/avr5/crtatmega64c1.o
 *(.init2)
 *(.init3)
 *(.init3)
 *(.init4)
 .init4         0x00000088       0x16 c:/program files (x86)/atmel/studio/7.0/toolchain/avr8/avr8-gnu-toolchain/bin/../lib/gcc/avr/4.9.2/avr5\libgcc.a(_copy_data.o)
                0x00000088                __do_copy_data
 .init4         0x0000009e       0x10 c:/program files (x86)/atmel/studio/7.0/toolchain/avr8/avr8-gnu-toolchain/bin/../lib/gcc/avr/4.9.2/avr5\libgcc.a(_clear_bss.o)
                0x0000009e                __do_clear_bss
 *(.init4)
 *(.init5)
 *(.init5)
 *(.init6)
 *(.init6)
 *(.init7)
 *(.init7)
 *(.init8)
 *(.init8)
 *(.init9)
 .init9         0x000000ae        0x8 C:/Program Files (x86)/Atmel/Studio/7.0/Packs/atmel/ATmega_DFP/1.0.90/gcc/dev/atmega64c1/avr5/crtatmega64c1.o
 *(.init9)
 *(.text)
 .text          0x000000b6        0x4 C:/Program Files (x86)/Atmel/Studio/7.0/Packs/atmel/ATmega_DFP/1.0.90/gcc/dev/atmega64c1/avr5/crtatmega64c1.o
                0x000000b6                __vector_22
                0x000000b6                __vector_28
                0x000000b6                __vector_1
                0x000000b6                __vector_24
                0x000000b6                __bad_interrupt
                0x000000b6                __vector_6
                0x000000b6                __vector_3
                0x000000b6                __vector_23
                0x000000b6                __vector_30
                0x000000b6                __vector_25
                0x000000b6                __vector_11
                0x000000b6                __vector_13
                0x000000b6                __vector_17
                0x000000b6                __vector_19
                0x000000b6                __vector_7
                0x000000b6                __vector_27
                0x000000b6                __vector_5
                0x000000b6                __vector_4
                0x000000b6                __vector_9
                0x000000b6                __vector_2
                0x000000b6                __vector_21
                0x000000b6                __vector_15
                0x000000b6                __vector_29
                0x000000b6                __vector_8
                0x000000b6                __vector_26
                0x000000b6                __vector_14
                0x000000b6                __vector_10
                0x000000b6                __vector_16
                0x000000b6                __vector_18
                0x000000b6                __vector_20
                0x000000ba                . = ALIGN (0x2)
 *(.text.*)
 .text.initAdc  0x000000ba       0x48 Drivers/ADC/adc.o
                0x000000ba                initAdc
 .text.adcRead  0x00000102       0x38 Drivers/ADC/adc.o
                0x00000102                adcRead
 .text.adcReadUpdate
                0x0000013a       0x2c Drivers/ADC/adc.o
                0x0000013a                adcReadUpdate
 .text.spiSetClockDivider
                0x00000166       0x1c Drivers/SPI/spi.o
                0x00000166                spiSetClockDivider
 .text.spiSetBitOrder
                0x00000182       0x14 Drivers/SPI/spi.o
                0x00000182                spiSetBitOrder
 .text.spiSetDataMode
                0x00000196        0xa Drivers/SPI/spi.o
                0x00000196                spiSetDataMode
 .text.spiSelect
                0x000001a0       0x14 Drivers/SPI/spi.o
                0x000001a0                spiSelect
 .text.spiDeselect
                0x000001b4       0x14 Drivers/SPI/spi.o
                0x000001b4                spiDeselect
 .text.spiDeselectAll
                0x000001c8       0x18 Drivers/SPI/spi.o
                0x000001c8                spiDeselectAll
 .text.spiInit  0x000001e0       0x40 Drivers/SPI/spi.o
                0x000001e0                spiInit
 .text.SPI_transaction
                0x00000220       0x1c Drivers/SPI/spi.o
                0x00000220                SPI_transaction
 .text.spiWrite
                0x0000023c        0x8 Drivers/SPI/spi.o
                0x0000023c                spiWrite
 .text.main     0x00000244       0xb6 main.o
                0x00000244                main
 .text.vListInitialise
                0x000002fa       0x1c Source/list.o
                0x000002fa                vListInitialise
 .text.vListInitialiseItem
                0x00000316        0x8 Source/list.o
                0x00000316                vListInitialiseItem
 .text.vListInsertEnd
                0x0000031e       0x42 Source/list.o
                0x0000031e                vListInsertEnd
 .text.vListInsert
                0x00000360       0x62 Source/list.o
                0x00000360                vListInsert
 .text.uxListRemove
                0x000003c2       0x4c Source/list.o
                0x000003c2                uxListRemove
 .text.pxPortInitialiseStack
                0x0000040e       0xd8 Source/portable/GCC/ATmega64c1/port.o
                0x0000040e                pxPortInitialiseStack
 .text.xPortStartScheduler
                0x000004e6       0x7c Source/portable/GCC/ATmega64c1/port.o
                0x000004e6                xPortStartScheduler
 .text.vPortYield
                0x00000562       0xb2 Source/portable/GCC/ATmega64c1/port.o
                0x00000562                vPortYield
 .text.vPortYieldFromTick
                0x00000614       0xb8 Source/portable/GCC/ATmega64c1/port.o
                0x00000614                vPortYieldFromTick
 .text.__vector_12
                0x000006cc        0x6 Source/portable/GCC/ATmega64c1/port.o
                0x000006cc                __vector_12
 .text.pvPortMalloc
                0x000006d2       0x6a Source/portable/MemMang/heap_1.o
                0x000006d2                pvPortMalloc
 .text.vPortFree
                0x0000073c        0x2 Source/portable/MemMang/heap_1.o
                0x0000073c                vPortFree
 .text.prvResetNextTaskUnblockTime
                0x0000073e       0x3e Source/tasks.o
 .text.prvAddCurrentTaskToDelayedList
                0x0000077c       0x6e Source/tasks.o
 .text.xTaskGenericCreate
                0x000007ea      0x22e Source/tasks.o
                0x000007ea                xTaskGenericCreate
 .text.vTaskStartScheduler
                0x00000a18       0x64 Source/tasks.o
                0x00000a18                vTaskStartScheduler
 .text.vTaskSuspendAll
                0x00000a7c        0xc Source/tasks.o
                0x00000a7c                vTaskSuspendAll
 .text.xTaskGetTickCount
                0x00000a88       0x14 Source/tasks.o
                0x00000a88                xTaskGetTickCount
 .text.xTaskIncrementTick
                0x00000a9c      0x17a Source/tasks.o
                0x00000a9c                xTaskIncrementTick
 .text.xTaskResumeAll
                0x00000c16      0x104 Source/tasks.o
                0x00000c16                xTaskResumeAll
 .text.vTaskDelayUntil
                0x00000d1a       0x84 Source/tasks.o
                0x00000d1a                vTaskDelayUntil
 .text.prvIdleTask
                0x00000d9e       0x7a Source/tasks.o
 .text.vTaskSwitchContext
                0x00000e18       0xda Source/tasks.o
                0x00000e18                vTaskSwitchContext
 .text.vMCUStatusTask
                0x00000ef2       0x3a node_tasks.o
                0x00000ef2                vMCUStatusTask
 .text.vADCSampleTask
                0x00000f2c       0x30 node_tasks.o
                0x00000f2c                vADCSampleTask
 .text.vThermistorWriteTask
                0x00000f5c       0x5c node_tasks.o
                0x00000f5c                vThermistorWriteTask
 .text.config_io_pin
                0x00000fb8       0x7e C:\Users\shep\git\firmware\Library\Library\Debug\libCMRLibrary.a(cmr_64c1_lib.o)
                0x00000fb8                config_io_pin
 .text.set_io_pin
                0x00001036       0x7e C:\Users\shep\git\firmware\Library\Library\Debug\libCMRLibrary.a(cmr_64c1_lib.o)
                0x00001036                set_io_pin
                0x000010b4                . = ALIGN (0x2)
 *(.fini9)
 .fini9         0x000010b4        0x0 c:/program files (x86)/atmel/studio/7.0/toolchain/avr8/avr8-gnu-toolchain/bin/../lib/gcc/avr/4.9.2/avr5\libgcc.a(_exit.o)
                0x000010b4                _exit
                0x000010b4                exit
 *(.fini9)
 *(.fini8)
 *(.fini8)
 *(.fini7)
 *(.fini7)
 *(.fini6)
 *(.fini6)
 *(.fini5)
 *(.fini5)
 *(.fini4)
 *(.fini4)
 *(.fini3)
 *(.fini3)
 *(.fini2)
 *(.fini2)
 *(.fini1)
 *(.fini1)
 *(.fini0)
 .fini0         0x000010b4        0x4 c:/program files (x86)/atmel/studio/7.0/toolchain/avr8/avr8-gnu-toolchain/bin/../lib/gcc/avr/4.9.2/avr5\libgcc.a(_exit.o)
 *(.fini0)
                0x000010b8                _etext = .

.data           0x00800100       0x22 load address 0x000010b8
                0x00800100                PROVIDE (__data_start, .)
 *(.data)
 *(.data*)
 *(.rodata)
 *(.rodata*)
 .rodata.adcChannelMap
                0x00800100        0x8 Drivers/ADC/adc.o
 .rodata.spiSlaves
                0x00800108        0x2 Drivers/SPI/spi.o
 .rodata.str1.1
                0x0080010a       0x13 main.o
 .rodata.str1.1
                0x0080011d        0x5 Source/tasks.o
 *(.gnu.linkonce.d*)
                0x00800122                . = ALIGN (0x2)
                0x00800122                _edata = .
                0x00800122                PROVIDE (__data_end, .)

.bss            0x00800122      0xa56
                0x00800122                PROVIDE (__bss_start, .)
 *(.bss)
 *(.bss*)
 .bss.adcChannels
                0x00800122       0x18 Drivers/ADC/adc.o
 .bss.pucAlignedHeap.1889
                0x0080013a        0x2 Source/portable/MemMang/heap_1.o
 .bss.xNextFreeByte
                0x0080013c        0x2 Source/portable/MemMang/heap_1.o
 .bss.ucHeap    0x0080013e      0x9c4 Source/portable/MemMang/heap_1.o
 .bss.uxSchedulerSuspended
                0x00800b02        0x1 Source/tasks.o
 .bss.xNextTaskUnblockTime
                0x00800b03        0x2 Source/tasks.o
 .bss.uxTaskNumber
                0x00800b05        0x1 Source/tasks.o
 .bss.xNumOfOverflows
                0x00800b06        0x1 Source/tasks.o
 .bss.xYieldPending
                0x00800b07        0x1 Source/tasks.o
 .bss.uxPendedTicks
                0x00800b08        0x1 Source/tasks.o
 .bss.xSchedulerRunning
                0x00800b09        0x1 Source/tasks.o
 .bss.uxTopReadyPriority
                0x00800b0a        0x1 Source/tasks.o
 .bss.xTickCount
                0x00800b0b        0x2 Source/tasks.o
 .bss.uxCurrentNumberOfTasks
                0x00800b0d        0x1 Source/tasks.o
 .bss.xSuspendedTaskList
                0x00800b0e        0x9 Source/tasks.o
 .bss.uxTasksDeleted
                0x00800b17        0x1 Source/tasks.o
 .bss.xTasksWaitingTermination
                0x00800b18        0x9 Source/tasks.o
 .bss.xPendingReadyList
                0x00800b21        0x9 Source/tasks.o
 .bss.pxOverflowDelayedTaskList
                0x00800b2a        0x2 Source/tasks.o
 .bss.pxDelayedTaskList
                0x00800b2c        0x2 Source/tasks.o
 .bss.xDelayedTaskList2
                0x00800b2e        0x9 Source/tasks.o
 .bss.xDelayedTaskList1
                0x00800b37        0x9 Source/tasks.o
 .bss.pxReadyTasksLists
                0x00800b40       0x36 Source/tasks.o
 .bss.pxCurrentTCB
                0x00800b76        0x2 Source/tasks.o
                0x00800b76                pxCurrentTCB
 *(COMMON)
                0x00800b78                PROVIDE (__bss_end, .)
                0x000010b8                __data_load_start = LOADADDR (.data)
                0x000010da                __data_load_end = (__data_load_start + SIZEOF (.data))

.noinit         0x00800b78        0x0
                0x00800b78                PROVIDE (__noinit_start, .)
 *(.noinit*)
                0x00800b78                PROVIDE (__noinit_end, .)
                0x00800b78                _end = .
                0x00800b78                PROVIDE (__heap_start, .)

.eeprom         0x00810000        0x0
 *(.eeprom*)
                0x00810000                __eeprom_end = .

.fuse
 *(.fuse)
 *(.lfuse)
 *(.hfuse)
 *(.efuse)

.lock
 *(.lock*)

.signature
 *(.signature*)

.user_signatures
 *(.user_signatures*)

.stab
 *(.stab)

.stabstr
 *(.stabstr)

.stab.excl
 *(.stab.excl)

.stab.exclstr
 *(.stab.exclstr)

.stab.index
 *(.stab.index)

.stab.indexstr
 *(.stab.indexstr)

.comment        0x00000000       0x30
 *(.comment)
 .comment       0x00000000       0x30 Drivers/ADC/adc.o
                                 0x31 (size before relaxing)
 .comment       0x00000030       0x31 Drivers/SPI/spi.o
 .comment       0x00000030       0x31 main.o
 .comment       0x00000030       0x31 Source/list.o
 .comment       0x00000030       0x31 Source/portable/GCC/ATmega64c1/port.o
 .comment       0x00000030       0x31 Source/portable/MemMang/heap_1.o
 .comment       0x00000030       0x31 Source/tasks.o
 .comment       0x00000030       0x31 node_tasks.o
 .comment       0x00000030       0x31 C:\Users\shep\git\firmware\Library\Library\Debug\libCMRLibrary.a(cmr_64c1_lib.o)

.note.gnu.avr.deviceinfo
                0x00000000       0x40
 .note.gnu.avr.deviceinfo
                0x00000000       0x40 C:/Program Files (x86)/Atmel/Studio/7.0/Packs/atmel/ATmega_DFP/1.0.90/gcc/dev/atmega64c1/avr5/crtatmega64c1.o

.note.gnu.build-id
 *(.note.gnu.build-id)

.debug
 *(.debug)

.line
 *(.line)

.debug_srcinfo
 *(.debug_srcinfo)

.debug_sfnames
 *(.debug_sfnames)

.debug_aranges  0x00000000      0x310
 *(.debug_aranges)
 .debug_aranges
                0x00000000       0x38 Drivers/ADC/adc.o
 .debug_aranges
                0x00000038       0x70 Drivers/SPI/spi.o
 .debug_aranges
                0x000000a8       0x20 main.o
 .debug_aranges
                0x000000c8       0x40 Source/list.o
 .debug_aranges
                0x00000108       0x48 Source/portable/GCC/ATmega64c1/port.o
 .debug_aranges
                0x00000150       0x38 Source/portable/MemMang/heap_1.o
 .debug_aranges
                0x00000188      0x120 Source/tasks.o
 .debug_aranges
                0x000002a8       0x40 node_tasks.o
 .debug_aranges
                0x000002e8       0x28 C:\Users\shep\git\firmware\Library\Library\Debug\libCMRLibrary.a(cmr_64c1_lib.o)

.debug_pubnames
 *(.debug_pubnames)

.debug_info     0x00000000     0x34fe
 *(.debug_info .gnu.linkonce.wi.*)
 .debug_info    0x00000000      0x246 Drivers/ADC/adc.o
 .debug_info    0x00000246      0x461 Drivers/SPI/spi.o
 .debug_info    0x000006a7      0x5aa main.o
 .debug_info    0x00000c51      0x2c6 Source/list.o
 .debug_info    0x00000f17      0x261 Source/portable/GCC/ATmega64c1/port.o
 .debug_info    0x00001178      0x1ad Source/portable/MemMang/heap_1.o
 .debug_info    0x00001325     0x1adf Source/tasks.o
 .debug_info    0x00002e04      0x605 node_tasks.o
 .debug_info    0x00003409       0xf5 C:\Users\shep\git\firmware\Library\Library\Debug\libCMRLibrary.a(cmr_64c1_lib.o)

.debug_abbrev   0x00000000      0xd81
 *(.debug_abbrev)
 .debug_abbrev  0x00000000      0x134 Drivers/ADC/adc.o
 .debug_abbrev  0x00000134      0x17b Drivers/SPI/spi.o
 .debug_abbrev  0x000002af      0x180 main.o
 .debug_abbrev  0x0000042f       0xf8 Source/list.o
 .debug_abbrev  0x00000527      0x167 Source/portable/GCC/ATmega64c1/port.o
 .debug_abbrev  0x0000068e      0x12e Source/portable/MemMang/heap_1.o
 .debug_abbrev  0x000007bc      0x338 Source/tasks.o
 .debug_abbrev  0x00000af4      0x1f5 node_tasks.o
 .debug_abbrev  0x00000ce9       0x98 C:\Users\shep\git\firmware\Library\Library\Debug\libCMRLibrary.a(cmr_64c1_lib.o)

.debug_line     0x00000000     0x1316
 *(.debug_line .debug_line.* .debug_line_end)
 .debug_line    0x00000000      0x11e Drivers/ADC/adc.o
 .debug_line    0x0000011e      0x1bb Drivers/SPI/spi.o
 .debug_line    0x000002d9      0x19b main.o
 .debug_line    0x00000474      0x15a Source/list.o
 .debug_line    0x000005ce      0x1b6 Source/portable/GCC/ATmega64c1/port.o
 .debug_line    0x00000784      0x1ba Source/portable/MemMang/heap_1.o
 .debug_line    0x0000093e      0x6ef Source/tasks.o
 .debug_line    0x0000102d      0x228 node_tasks.o
 .debug_line    0x00001255       0xc1 C:\Users\shep\git\firmware\Library\Library\Debug\libCMRLibrary.a(cmr_64c1_lib.o)

.debug_frame    0x00000000      0x7f8
 *(.debug_frame)
 .debug_frame   0x00000000       0x60 Drivers/ADC/adc.o
 .debug_frame   0x00000060       0xd0 Drivers/SPI/spi.o
 .debug_frame   0x00000130       0x48 main.o
 .debug_frame   0x00000178       0x88 Source/list.o
 .debug_frame   0x00000200       0x74 Source/portable/GCC/ATmega64c1/port.o
 .debug_frame   0x00000274       0x60 Source/portable/MemMang/heap_1.o
 .debug_frame   0x000002d4      0x44c Source/tasks.o
 .debug_frame   0x00000720       0xa4 node_tasks.o
 .debug_frame   0x000007c4       0x34 C:\Users\shep\git\firmware\Library\Library\Debug\libCMRLibrary.a(cmr_64c1_lib.o)

.debug_str      0x00000000     0x10d6
 *(.debug_str)
 .debug_str     0x00000000      0x242 Drivers/ADC/adc.o
                                0x27b (size before relaxing)
 .debug_str     0x00000242      0x1b9 Drivers/SPI/spi.o
                                0x339 (size before relaxing)
 .debug_str     0x000003fb       0xd1 main.o
                                0x429 (size before relaxing)
 .debug_str     0x000004cc      0x139 Source/list.o
                                0x2c3 (size before relaxing)
 .debug_str     0x00000605      0x11b Source/portable/GCC/ATmega64c1/port.o
                                0x2de (size before relaxing)
 .debug_str     0x00000720       0xc5 Source/portable/MemMang/heap_1.o
                                0x259 (size before relaxing)
 .debug_str     0x000007e5      0x7c2 Source/tasks.o
                                0xbe1 (size before relaxing)
 .debug_str     0x00000fa7       0xe2 node_tasks.o
                                0x3be (size before relaxing)
 .debug_str     0x00001089       0x4d C:\Users\shep\git\firmware\Library\Library\Debug\libCMRLibrary.a(cmr_64c1_lib.o)
                                0x183 (size before relaxing)

.debug_loc      0x00000000     0x2888
 *(.debug_loc)
 .debug_loc     0x00000000      0x15b Drivers/ADC/adc.o
 .debug_loc     0x0000015b      0x182 Drivers/SPI/spi.o
 .debug_loc     0x000002dd       0x70 main.o
 .debug_loc     0x0000034d      0x145 Source/list.o
 .debug_loc     0x00000492      0x2a0 Source/portable/GCC/ATmega64c1/port.o
 .debug_loc     0x00000732       0xf1 Source/portable/MemMang/heap_1.o
 .debug_loc     0x00000823     0x1c7a Source/tasks.o
 .debug_loc     0x0000249d      0x29f node_tasks.o
 .debug_loc     0x0000273c      0x14c C:\Users\shep\git\firmware\Library\Library\Debug\libCMRLibrary.a(cmr_64c1_lib.o)

.debug_macinfo
 *(.debug_macinfo)

.debug_weaknames
 *(.debug_weaknames)

.debug_funcnames
 *(.debug_funcnames)

.debug_typenames
 *(.debug_typenames)

.debug_varnames
 *(.debug_varnames)

.debug_pubtypes
 *(.debug_pubtypes)

.debug_ranges   0x00000000      0x2f8
 *(.debug_ranges)
 .debug_ranges  0x00000000       0x28 Drivers/ADC/adc.o
 .debug_ranges  0x00000028       0x60 Drivers/SPI/spi.o
 .debug_ranges  0x00000088       0x10 main.o
 .debug_ranges  0x00000098       0x30 Source/list.o
 .debug_ranges  0x000000c8       0x38 Source/portable/GCC/ATmega64c1/port.o
 .debug_ranges  0x00000100       0x28 Source/portable/MemMang/heap_1.o
 .debug_ranges  0x00000128      0x188 Source/tasks.o
 .debug_ranges  0x000002b0       0x30 node_tasks.o
 .debug_ranges  0x000002e0       0x18 C:\Users\shep\git\firmware\Library\Library\Debug\libCMRLibrary.a(cmr_64c1_lib.o)

.debug_macro
 *(.debug_macro)
OUTPUT(ThermistorExpansionModule.elf elf32-avr)
LOAD linker stubs
