Archive member included to satisfy reference by file (symbol)

C:\Users\skir0\git\firmware\15e Firmware Archive\Library\cmr_library_64c1\Debug\libcmr_library_64c1.a(can_lib.o)
                              Front Sensor Node.o (can_init)
C:\Users\skir0\git\firmware\15e Firmware Archive\Library\cmr_library_64c1\Debug\libcmr_library_64c1.a(cmr_library_64c1.o)
                              Front Sensor Node.o (adc_read)
C:\Users\skir0\git\firmware\15e Firmware Archive\Library\cmr_library_64c1\Debug\libcmr_library_64c1.a(can_drv.o)
                              C:\Users\skir0\git\firmware\15e Firmware Archive\Library\cmr_library_64c1\Debug\libcmr_library_64c1.a(can_lib.o) (can_clear_all_mob)
c:/program files (x86)/atmel/studio/7.0/toolchain/avr8/avr8-gnu-toolchain/bin/../lib/gcc/avr/4.9.2/avr5\libgcc.a(_udivmodhi4.o)
                              Front Sensor Node.o (__udivmodhi4)
c:/program files (x86)/atmel/studio/7.0/toolchain/avr8/avr8-gnu-toolchain/bin/../lib/gcc/avr/4.9.2/avr5\libgcc.a(_exit.o)
                              C:/Program Files (x86)/Atmel/Studio/7.0/Packs/atmel/ATmega_DFP/1.0.90/gcc/dev/atmega64c1/avr5/crtatmega64c1.o (exit)
c:/program files (x86)/atmel/studio/7.0/toolchain/avr8/avr8-gnu-toolchain/bin/../lib/gcc/avr/4.9.2/avr5\libgcc.a(_tablejump2.o)
                              C:\Users\skir0\git\firmware\15e Firmware Archive\Library\cmr_library_64c1\Debug\libcmr_library_64c1.a(can_lib.o) (__tablejump2__)
c:/program files (x86)/atmel/studio/7.0/toolchain/avr8/avr8-gnu-toolchain/bin/../lib/gcc/avr/4.9.2/avr5\libgcc.a(_clear_bss.o)
                              Front Sensor Node.o (__do_clear_bss)

Allocating common symbols
Common symbol       size              file

can_send_buffer     0x8               init.o
fsn_heartbeat       0x4               init.o
can_rcv_buffer      0x28              init.o
heartbeat_cmd_st    0xc               init.o
rcv_cmd_st          0x3c              init.o
adc_values          0xe               Front Sensor Node.o

Discarded input sections

 .data          0x00000000        0x0 C:/Program Files (x86)/Atmel/Studio/7.0/Packs/atmel/ATmega_DFP/1.0.90/gcc/dev/atmega64c1/avr5/crtatmega64c1.o
 .bss           0x00000000        0x0 C:/Program Files (x86)/Atmel/Studio/7.0/Packs/atmel/ATmega_DFP/1.0.90/gcc/dev/atmega64c1/avr5/crtatmega64c1.o
 .text          0x00000000        0x0 Front Sensor Node.o
 .data          0x00000000        0x0 Front Sensor Node.o
 .bss           0x00000000        0x0 Front Sensor Node.o
 .text          0x00000000        0x0 init.o
 .data          0x00000000        0x0 init.o
 .bss           0x00000000        0x0 init.o
 .text.init_watchdog
                0x00000000       0x2c init.o
 .text          0x00000000        0x0 C:\Users\skir0\git\firmware\15e Firmware Archive\Library\cmr_library_64c1\Debug\libcmr_library_64c1.a(can_lib.o)
 .data          0x00000000        0x0 C:\Users\skir0\git\firmware\15e Firmware Archive\Library\cmr_library_64c1\Debug\libcmr_library_64c1.a(can_lib.o)
 .bss           0x00000000        0x0 C:\Users\skir0\git\firmware\15e Firmware Archive\Library\cmr_library_64c1\Debug\libcmr_library_64c1.a(can_lib.o)
 .text          0x00000000        0x0 C:\Users\skir0\git\firmware\15e Firmware Archive\Library\cmr_library_64c1\Debug\libcmr_library_64c1.a(cmr_library_64c1.o)
 .data          0x00000000        0x0 C:\Users\skir0\git\firmware\15e Firmware Archive\Library\cmr_library_64c1\Debug\libcmr_library_64c1.a(cmr_library_64c1.o)
 .bss           0x00000000        0x0 C:\Users\skir0\git\firmware\15e Firmware Archive\Library\cmr_library_64c1\Debug\libcmr_library_64c1.a(cmr_library_64c1.o)
 .text.can_rx_sync
                0x00000000       0x4e C:\Users\skir0\git\firmware\15e Firmware Archive\Library\cmr_library_64c1\Debug\libcmr_library_64c1.a(cmr_library_64c1.o)
 .text.SPI_init
                0x00000000       0x9c C:\Users\skir0\git\firmware\15e Firmware Archive\Library\cmr_library_64c1\Debug\libcmr_library_64c1.a(cmr_library_64c1.o)
 .text.SPI_transaction
                0x00000000       0x10 C:\Users\skir0\git\firmware\15e Firmware Archive\Library\cmr_library_64c1\Debug\libcmr_library_64c1.a(cmr_library_64c1.o)
 .text.SPI_read
                0x00000000        0xa C:\Users\skir0\git\firmware\15e Firmware Archive\Library\cmr_library_64c1\Debug\libcmr_library_64c1.a(cmr_library_64c1.o)
 .text.SPI_write
                0x00000000        0x8 C:\Users\skir0\git\firmware\15e Firmware Archive\Library\cmr_library_64c1\Debug\libcmr_library_64c1.a(cmr_library_64c1.o)
 .text          0x00000000        0x0 C:\Users\skir0\git\firmware\15e Firmware Archive\Library\cmr_library_64c1\Debug\libcmr_library_64c1.a(can_drv.o)
 .data          0x00000000        0x0 C:\Users\skir0\git\firmware\15e Firmware Archive\Library\cmr_library_64c1\Debug\libcmr_library_64c1.a(can_drv.o)
 .bss           0x00000000        0x0 C:\Users\skir0\git\firmware\15e Firmware Archive\Library\cmr_library_64c1\Debug\libcmr_library_64c1.a(can_drv.o)
 .text.can_auto_baudrate
                0x00000000      0x3e6 C:\Users\skir0\git\firmware\15e Firmware Archive\Library\cmr_library_64c1\Debug\libcmr_library_64c1.a(can_drv.o)
 .text          0x00000000        0x0 c:/program files (x86)/atmel/studio/7.0/toolchain/avr8/avr8-gnu-toolchain/bin/../lib/gcc/avr/4.9.2/avr5\libgcc.a(_udivmodhi4.o)
 .data          0x00000000        0x0 c:/program files (x86)/atmel/studio/7.0/toolchain/avr8/avr8-gnu-toolchain/bin/../lib/gcc/avr/4.9.2/avr5\libgcc.a(_udivmodhi4.o)
 .bss           0x00000000        0x0 c:/program files (x86)/atmel/studio/7.0/toolchain/avr8/avr8-gnu-toolchain/bin/../lib/gcc/avr/4.9.2/avr5\libgcc.a(_udivmodhi4.o)
 .text.libgcc.mul
                0x00000000        0x0 c:/program files (x86)/atmel/studio/7.0/toolchain/avr8/avr8-gnu-toolchain/bin/../lib/gcc/avr/4.9.2/avr5\libgcc.a(_udivmodhi4.o)
 .text.libgcc   0x00000000        0x0 c:/program files (x86)/atmel/studio/7.0/toolchain/avr8/avr8-gnu-toolchain/bin/../lib/gcc/avr/4.9.2/avr5\libgcc.a(_udivmodhi4.o)
 .text.libgcc.prologue
                0x00000000        0x0 c:/program files (x86)/atmel/studio/7.0/toolchain/avr8/avr8-gnu-toolchain/bin/../lib/gcc/avr/4.9.2/avr5\libgcc.a(_udivmodhi4.o)
 .text.libgcc.builtins
                0x00000000        0x0 c:/program files (x86)/atmel/studio/7.0/toolchain/avr8/avr8-gnu-toolchain/bin/../lib/gcc/avr/4.9.2/avr5\libgcc.a(_udivmodhi4.o)
 .text.libgcc.fmul
                0x00000000        0x0 c:/program files (x86)/atmel/studio/7.0/toolchain/avr8/avr8-gnu-toolchain/bin/../lib/gcc/avr/4.9.2/avr5\libgcc.a(_udivmodhi4.o)
 .text.libgcc.fixed
                0x00000000        0x0 c:/program files (x86)/atmel/studio/7.0/toolchain/avr8/avr8-gnu-toolchain/bin/../lib/gcc/avr/4.9.2/avr5\libgcc.a(_udivmodhi4.o)
 .text          0x00000000        0x0 c:/program files (x86)/atmel/studio/7.0/toolchain/avr8/avr8-gnu-toolchain/bin/../lib/gcc/avr/4.9.2/avr5\libgcc.a(_exit.o)
 .data          0x00000000        0x0 c:/program files (x86)/atmel/studio/7.0/toolchain/avr8/avr8-gnu-toolchain/bin/../lib/gcc/avr/4.9.2/avr5\libgcc.a(_exit.o)
 .bss           0x00000000        0x0 c:/program files (x86)/atmel/studio/7.0/toolchain/avr8/avr8-gnu-toolchain/bin/../lib/gcc/avr/4.9.2/avr5\libgcc.a(_exit.o)
 .text.libgcc.mul
                0x00000000        0x0 c:/program files (x86)/atmel/studio/7.0/toolchain/avr8/avr8-gnu-toolchain/bin/../lib/gcc/avr/4.9.2/avr5\libgcc.a(_exit.o)
 .text.libgcc.div
                0x00000000        0x0 c:/program files (x86)/atmel/studio/7.0/toolchain/avr8/avr8-gnu-toolchain/bin/../lib/gcc/avr/4.9.2/avr5\libgcc.a(_exit.o)
 .text.libgcc   0x00000000        0x0 c:/program files (x86)/atmel/studio/7.0/toolchain/avr8/avr8-gnu-toolchain/bin/../lib/gcc/avr/4.9.2/avr5\libgcc.a(_exit.o)
 .text.libgcc.prologue
                0x00000000        0x0 c:/program files (x86)/atmel/studio/7.0/toolchain/avr8/avr8-gnu-toolchain/bin/../lib/gcc/avr/4.9.2/avr5\libgcc.a(_exit.o)
 .text.libgcc.builtins
                0x00000000        0x0 c:/program files (x86)/atmel/studio/7.0/toolchain/avr8/avr8-gnu-toolchain/bin/../lib/gcc/avr/4.9.2/avr5\libgcc.a(_exit.o)
 .text.libgcc.fmul
                0x00000000        0x0 c:/program files (x86)/atmel/studio/7.0/toolchain/avr8/avr8-gnu-toolchain/bin/../lib/gcc/avr/4.9.2/avr5\libgcc.a(_exit.o)
 .text.libgcc.fixed
                0x00000000        0x0 c:/program files (x86)/atmel/studio/7.0/toolchain/avr8/avr8-gnu-toolchain/bin/../lib/gcc/avr/4.9.2/avr5\libgcc.a(_exit.o)
 .text          0x00000000        0x0 c:/program files (x86)/atmel/studio/7.0/toolchain/avr8/avr8-gnu-toolchain/bin/../lib/gcc/avr/4.9.2/avr5\libgcc.a(_tablejump2.o)
 .data          0x00000000        0x0 c:/program files (x86)/atmel/studio/7.0/toolchain/avr8/avr8-gnu-toolchain/bin/../lib/gcc/avr/4.9.2/avr5\libgcc.a(_tablejump2.o)
 .bss           0x00000000        0x0 c:/program files (x86)/atmel/studio/7.0/toolchain/avr8/avr8-gnu-toolchain/bin/../lib/gcc/avr/4.9.2/avr5\libgcc.a(_tablejump2.o)
 .text.libgcc.mul
                0x00000000        0x0 c:/program files (x86)/atmel/studio/7.0/toolchain/avr8/avr8-gnu-toolchain/bin/../lib/gcc/avr/4.9.2/avr5\libgcc.a(_tablejump2.o)
 .text.libgcc.div
                0x00000000        0x0 c:/program files (x86)/atmel/studio/7.0/toolchain/avr8/avr8-gnu-toolchain/bin/../lib/gcc/avr/4.9.2/avr5\libgcc.a(_tablejump2.o)
 .text.libgcc.prologue
                0x00000000        0x0 c:/program files (x86)/atmel/studio/7.0/toolchain/avr8/avr8-gnu-toolchain/bin/../lib/gcc/avr/4.9.2/avr5\libgcc.a(_tablejump2.o)
 .text.libgcc.builtins
                0x00000000        0x0 c:/program files (x86)/atmel/studio/7.0/toolchain/avr8/avr8-gnu-toolchain/bin/../lib/gcc/avr/4.9.2/avr5\libgcc.a(_tablejump2.o)
 .text.libgcc.fmul
                0x00000000        0x0 c:/program files (x86)/atmel/studio/7.0/toolchain/avr8/avr8-gnu-toolchain/bin/../lib/gcc/avr/4.9.2/avr5\libgcc.a(_tablejump2.o)
 .text.libgcc.fixed
                0x00000000        0x0 c:/program files (x86)/atmel/studio/7.0/toolchain/avr8/avr8-gnu-toolchain/bin/../lib/gcc/avr/4.9.2/avr5\libgcc.a(_tablejump2.o)
 .text          0x00000000        0x0 c:/program files (x86)/atmel/studio/7.0/toolchain/avr8/avr8-gnu-toolchain/bin/../lib/gcc/avr/4.9.2/avr5\libgcc.a(_clear_bss.o)
 .data          0x00000000        0x0 c:/program files (x86)/atmel/studio/7.0/toolchain/avr8/avr8-gnu-toolchain/bin/../lib/gcc/avr/4.9.2/avr5\libgcc.a(_clear_bss.o)
 .bss           0x00000000        0x0 c:/program files (x86)/atmel/studio/7.0/toolchain/avr8/avr8-gnu-toolchain/bin/../lib/gcc/avr/4.9.2/avr5\libgcc.a(_clear_bss.o)
 .text.libgcc.mul
                0x00000000        0x0 c:/program files (x86)/atmel/studio/7.0/toolchain/avr8/avr8-gnu-toolchain/bin/../lib/gcc/avr/4.9.2/avr5\libgcc.a(_clear_bss.o)
 .text.libgcc.div
                0x00000000        0x0 c:/program files (x86)/atmel/studio/7.0/toolchain/avr8/avr8-gnu-toolchain/bin/../lib/gcc/avr/4.9.2/avr5\libgcc.a(_clear_bss.o)
 .text.libgcc   0x00000000        0x0 c:/program files (x86)/atmel/studio/7.0/toolchain/avr8/avr8-gnu-toolchain/bin/../lib/gcc/avr/4.9.2/avr5\libgcc.a(_clear_bss.o)
 .text.libgcc.prologue
                0x00000000        0x0 c:/program files (x86)/atmel/studio/7.0/toolchain/avr8/avr8-gnu-toolchain/bin/../lib/gcc/avr/4.9.2/avr5\libgcc.a(_clear_bss.o)
 .text.libgcc.builtins
                0x00000000        0x0 c:/program files (x86)/atmel/studio/7.0/toolchain/avr8/avr8-gnu-toolchain/bin/../lib/gcc/avr/4.9.2/avr5\libgcc.a(_clear_bss.o)
 .text.libgcc.fmul
                0x00000000        0x0 c:/program files (x86)/atmel/studio/7.0/toolchain/avr8/avr8-gnu-toolchain/bin/../lib/gcc/avr/4.9.2/avr5\libgcc.a(_clear_bss.o)
 .text.libgcc.fixed
                0x00000000        0x0 c:/program files (x86)/atmel/studio/7.0/toolchain/avr8/avr8-gnu-toolchain/bin/../lib/gcc/avr/4.9.2/avr5\libgcc.a(_clear_bss.o)

Memory Configuration

Name             Origin             Length             Attributes
text             0x00000000         0x00020000         xr
data             0x00800060         0x0000ffa0         rw !x
eeprom           0x00810000         0x00010000         rw !x
fuse             0x00820000         0x00000400         rw !x
lock             0x00830000         0x00000400         rw !x
signature        0x00840000         0x00000400         rw !x
user_signatures  0x00850000         0x00000400         rw !x
*default*        0x00000000         0xffffffff

Linker script and memory map

Address of section .data set to 0x800100
LOAD C:/Program Files (x86)/Atmel/Studio/7.0/Packs/atmel/ATmega_DFP/1.0.90/gcc/dev/atmega64c1/avr5/crtatmega64c1.o
LOAD Front Sensor Node.o
LOAD init.o
START GROUP
LOAD c:/program files (x86)/atmel/studio/7.0/toolchain/avr8/avr8-gnu-toolchain/bin/../lib/gcc/avr/4.9.2/../../../../avr/lib/avr5\libm.a
LOAD C:\Users\skir0\git\firmware\15e Firmware Archive\Library\cmr_library_64c1\Debug\libcmr_library_64c1.a
END GROUP
START GROUP
LOAD c:/program files (x86)/atmel/studio/7.0/toolchain/avr8/avr8-gnu-toolchain/bin/../lib/gcc/avr/4.9.2/avr5\libgcc.a
LOAD c:/program files (x86)/atmel/studio/7.0/toolchain/avr8/avr8-gnu-toolchain/bin/../lib/gcc/avr/4.9.2/../../../../avr/lib/avr5\libm.a
LOAD c:/program files (x86)/atmel/studio/7.0/toolchain/avr8/avr8-gnu-toolchain/bin/../lib/gcc/avr/4.9.2/../../../../avr/lib/avr5\libc.a
LOAD C:/Program Files (x86)/Atmel/Studio/7.0/Packs/atmel/ATmega_DFP/1.0.90/gcc/dev/atmega64c1/avr5\libatmega64c1.a
END GROUP

.hash
 *(.hash)

.dynsym
 *(.dynsym)

.dynstr
 *(.dynstr)

.gnu.version
 *(.gnu.version)

.gnu.version_d
 *(.gnu.version_d)

.gnu.version_r
 *(.gnu.version_r)

.rel.init
 *(.rel.init)

.rela.init
 *(.rela.init)

.rel.text
 *(.rel.text)
 *(.rel.text.*)
 *(.rel.gnu.linkonce.t*)

.rela.text
 *(.rela.text)
 *(.rela.text.*)
 *(.rela.gnu.linkonce.t*)

.rel.fini
 *(.rel.fini)

.rela.fini
 *(.rela.fini)

.rel.rodata
 *(.rel.rodata)
 *(.rel.rodata.*)
 *(.rel.gnu.linkonce.r*)

.rela.rodata
 *(.rela.rodata)
 *(.rela.rodata.*)
 *(.rela.gnu.linkonce.r*)

.rel.data
 *(.rel.data)
 *(.rel.data.*)
 *(.rel.gnu.linkonce.d*)

.rela.data
 *(.rela.data)
 *(.rela.data.*)
 *(.rela.gnu.linkonce.d*)

.rel.ctors
 *(.rel.ctors)

.rela.ctors
 *(.rela.ctors)

.rel.dtors
 *(.rel.dtors)

.rela.dtors
 *(.rela.dtors)

.rel.got
 *(.rel.got)

.rela.got
 *(.rela.got)

.rel.bss
 *(.rel.bss)

.rela.bss
 *(.rela.bss)

.rel.plt
 *(.rel.plt)

.rela.plt
 *(.rela.plt)

.text           0x00000000     0x1262
 *(.vectors)
 .vectors       0x00000000       0x7c C:/Program Files (x86)/Atmel/Studio/7.0/Packs/atmel/ATmega_DFP/1.0.90/gcc/dev/atmega64c1/avr5/crtatmega64c1.o
                0x00000000                __vector_default
                0x00000000                __vectors
 *(.vectors)
 *(.progmem.gcc*)
 .progmem.gcc_sw_table.can_cmd
                0x0000007c       0x16 C:\Users\skir0\git\firmware\15e Firmware Archive\Library\cmr_library_64c1\Debug\libcmr_library_64c1.a(can_lib.o)
                0x00000092                . = ALIGN (0x2)
                0x00000092                __trampolines_start = .
 *(.trampolines)
 .trampolines   0x00000092        0x0 linker stubs
 *(.trampolines*)
                0x00000092                __trampolines_end = .
 *(.progmem*)
                0x00000092                . = ALIGN (0x2)
 *(.jumptables)
 *(.jumptables*)
 *(.lowtext)
 *(.lowtext*)
                0x00000092                __ctors_start = .
 *(.ctors)
                0x00000092                __ctors_end = .
                0x00000092                __dtors_start = .
 *(.dtors)
                0x00000092                __dtors_end = .
 SORT(*)(.ctors)
 SORT(*)(.dtors)
 *(.init0)
 .init0         0x00000092        0x0 C:/Program Files (x86)/Atmel/Studio/7.0/Packs/atmel/ATmega_DFP/1.0.90/gcc/dev/atmega64c1/avr5/crtatmega64c1.o
                0x00000092                __init
 *(.init0)
 *(.init1)
 *(.init1)
 *(.init2)
 .init2         0x00000092        0xc C:/Program Files (x86)/Atmel/Studio/7.0/Packs/atmel/ATmega_DFP/1.0.90/gcc/dev/atmega64c1/avr5/crtatmega64c1.o
 *(.init2)
 *(.init3)
 *(.init3)
 *(.init4)
 .init4         0x0000009e       0x10 c:/program files (x86)/atmel/studio/7.0/toolchain/avr8/avr8-gnu-toolchain/bin/../lib/gcc/avr/4.9.2/avr5\libgcc.a(_clear_bss.o)
                0x0000009e                __do_clear_bss
 *(.init4)
 *(.init5)
 *(.init5)
 *(.init6)
 *(.init6)
 *(.init7)
 *(.init7)
 *(.init8)
 *(.init8)
 *(.init9)
 .init9         0x000000ae        0x8 C:/Program Files (x86)/Atmel/Studio/7.0/Packs/atmel/ATmega_DFP/1.0.90/gcc/dev/atmega64c1/avr5/crtatmega64c1.o
 *(.init9)
 *(.text)
 .text          0x000000b6        0x4 C:/Program Files (x86)/Atmel/Studio/7.0/Packs/atmel/ATmega_DFP/1.0.90/gcc/dev/atmega64c1/avr5/crtatmega64c1.o
                0x000000b6                __vector_22
                0x000000b6                __vector_28
                0x000000b6                __vector_1
                0x000000b6                __vector_24
                0x000000b6                __bad_interrupt
                0x000000b6                __vector_6
                0x000000b6                __vector_3
                0x000000b6                __vector_23
                0x000000b6                __vector_30
                0x000000b6                __vector_25
                0x000000b6                __vector_11
                0x000000b6                __vector_17
                0x000000b6                __vector_19
                0x000000b6                __vector_7
                0x000000b6                __vector_27
                0x000000b6                __vector_5
                0x000000b6                __vector_4
                0x000000b6                __vector_9
                0x000000b6                __vector_2
                0x000000b6                __vector_21
                0x000000b6                __vector_15
                0x000000b6                __vector_29
                0x000000b6                __vector_8
                0x000000b6                __vector_26
                0x000000b6                __vector_14
                0x000000b6                __vector_10
                0x000000b6                __vector_16
                0x000000b6                __vector_18
                0x000000b6                __vector_20
                0x000000ba                . = ALIGN (0x2)
 *(.text.*)
 .text.__vector_13
                0x000000ba       0x7e Front Sensor Node.o
                0x000000ba                __vector_13
 .text.__vector_12
                0x00000138      0x138 Front Sensor Node.o
                0x00000138                __vector_12
 .text.main     0x00000270       0x2a Front Sensor Node.o
                0x00000270                main
 .text.init_interrupts
                0x0000029a       0x3e init.o
                0x0000029a                init_interrupts
 .text.init_io  0x000002d8        0xc init.o
                0x000002d8                init_io
 .text.init_adc
                0x000002e4       0x42 init.o
                0x000002e4                init_adc
 .text.init_can_mailboxes
                0x00000326       0x26 init.o
                0x00000326                init_can_mailboxes
 .text.can_init
                0x0000034c       0x1a C:\Users\skir0\git\firmware\15e Firmware Archive\Library\cmr_library_64c1\Debug\libcmr_library_64c1.a(can_lib.o)
                0x0000034c                can_init
 .text.can_cmd  0x00000366      0xac0 C:\Users\skir0\git\firmware\15e Firmware Archive\Library\cmr_library_64c1\Debug\libcmr_library_64c1.a(can_lib.o)
                0x00000366                can_cmd
 .text.can_get_status
                0x00000e26      0x152 C:\Users\skir0\git\firmware\15e Firmware Archive\Library\cmr_library_64c1\Debug\libcmr_library_64c1.a(can_lib.o)
                0x00000e26                can_get_status
 .text.adc_read
                0x00000f78       0x30 C:\Users\skir0\git\firmware\15e Firmware Archive\Library\cmr_library_64c1\Debug\libcmr_library_64c1.a(cmr_library_64c1.o)
                0x00000f78                adc_read
 .text.config_io_pin
                0x00000fa8       0x7e C:\Users\skir0\git\firmware\15e Firmware Archive\Library\cmr_library_64c1\Debug\libcmr_library_64c1.a(cmr_library_64c1.o)
                0x00000fa8                config_io_pin
 .text.set_io_pin
                0x00001026       0x7e C:\Users\skir0\git\firmware\15e Firmware Archive\Library\cmr_library_64c1\Debug\libcmr_library_64c1.a(cmr_library_64c1.o)
                0x00001026                set_io_pin
 .text.can_tx_sync
                0x000010a4       0x4e C:\Users\skir0\git\firmware\15e Firmware Archive\Library\cmr_library_64c1\Debug\libcmr_library_64c1.a(cmr_library_64c1.o)
                0x000010a4                can_tx_sync
 .text.setup_can_rcv
                0x000010f2       0x26 C:\Users\skir0\git\firmware\15e Firmware Archive\Library\cmr_library_64c1\Debug\libcmr_library_64c1.a(cmr_library_64c1.o)
                0x000010f2                setup_can_rcv
 .text.setup_can_send
                0x00001118       0x26 C:\Users\skir0\git\firmware\15e Firmware Archive\Library\cmr_library_64c1\Debug\libcmr_library_64c1.a(cmr_library_64c1.o)
                0x00001118                setup_can_send
 .text.can_clear_all_mob
                0x0000113e       0x26 C:\Users\skir0\git\firmware\15e Firmware Archive\Library\cmr_library_64c1\Debug\libcmr_library_64c1.a(can_drv.o)
                0x0000113e                can_clear_all_mob
 .text.can_get_mob_free
                0x00001164       0x40 C:\Users\skir0\git\firmware\15e Firmware Archive\Library\cmr_library_64c1\Debug\libcmr_library_64c1.a(can_drv.o)
                0x00001164                can_get_mob_free
 .text.can_get_mob_status
                0x000011a4       0x30 C:\Users\skir0\git\firmware\15e Firmware Archive\Library\cmr_library_64c1\Debug\libcmr_library_64c1.a(can_drv.o)
                0x000011a4                can_get_mob_status
 .text.can_get_data
                0x000011d4       0x3a C:\Users\skir0\git\firmware\15e Firmware Archive\Library\cmr_library_64c1\Debug\libcmr_library_64c1.a(can_drv.o)
                0x000011d4                can_get_data
 .text.can_fixed_baudrate
                0x0000120e       0x1c C:\Users\skir0\git\firmware\15e Firmware Archive\Library\cmr_library_64c1\Debug\libcmr_library_64c1.a(can_drv.o)
                0x0000120e                can_fixed_baudrate
 .text.libgcc.div
                0x0000122a       0x28 c:/program files (x86)/atmel/studio/7.0/toolchain/avr8/avr8-gnu-toolchain/bin/../lib/gcc/avr/4.9.2/avr5\libgcc.a(_udivmodhi4.o)
                0x0000122a                __udivmodhi4
 .text.libgcc   0x00001252        0xc c:/program files (x86)/atmel/studio/7.0/toolchain/avr8/avr8-gnu-toolchain/bin/../lib/gcc/avr/4.9.2/avr5\libgcc.a(_tablejump2.o)
                0x00001252                __tablejump2__
                0x0000125e                . = ALIGN (0x2)
 *(.fini9)
 .fini9         0x0000125e        0x0 c:/program files (x86)/atmel/studio/7.0/toolchain/avr8/avr8-gnu-toolchain/bin/../lib/gcc/avr/4.9.2/avr5\libgcc.a(_exit.o)
                0x0000125e                _exit
                0x0000125e                exit
 *(.fini9)
 *(.fini8)
 *(.fini8)
 *(.fini7)
 *(.fini7)
 *(.fini6)
 *(.fini6)
 *(.fini5)
 *(.fini5)
 *(.fini4)
 *(.fini4)
 *(.fini3)
 *(.fini3)
 *(.fini2)
 *(.fini2)
 *(.fini1)
 *(.fini1)
 *(.fini0)
 .fini0         0x0000125e        0x4 c:/program files (x86)/atmel/studio/7.0/toolchain/avr8/avr8-gnu-toolchain/bin/../lib/gcc/avr/4.9.2/avr5\libgcc.a(_exit.o)
 *(.fini0)
                0x00001262                _etext = .

.data           0x00800100        0x0 load address 0x00001262
                0x00800100                PROVIDE (__data_start, .)
 *(.data)
 *(.data*)
 *(.rodata)
 *(.rodata*)
 *(.gnu.linkonce.d*)
                0x00800100                . = ALIGN (0x2)
                0x00800100                _edata = .
                0x00800100                PROVIDE (__data_end, .)

.bss            0x00800100       0x8d
                0x00800100                PROVIDE (__bss_start, .)
 *(.bss)
 *(.bss*)
 .bss.error_flag
                0x00800100        0x1 Front Sensor Node.o
                0x00800100                error_flag
 .bss.throttle_pos
                0x00800101        0x1 Front Sensor Node.o
                0x00800101                throttle_pos
 .bss.state     0x00800102        0x1 Front Sensor Node.o
                0x00800102                state
 *(COMMON)
 COMMON         0x00800103        0xe Front Sensor Node.o
                0x00800103                adc_values
 COMMON         0x00800111       0x7c init.o
                0x00800111                can_send_buffer
                0x00800119                fsn_heartbeat
                0x0080011d                can_rcv_buffer
                0x00800145                heartbeat_cmd_st
                0x00800151                rcv_cmd_st
                0x0080018d                PROVIDE (__bss_end, .)
                0x00001262                __data_load_start = LOADADDR (.data)
                0x00001262                __data_load_end = (__data_load_start + SIZEOF (.data))

.noinit         0x0080018d        0x0
                0x0080018d                PROVIDE (__noinit_start, .)
 *(.noinit*)
                0x0080018d                PROVIDE (__noinit_end, .)
                0x0080018d                _end = .
                0x0080018d                PROVIDE (__heap_start, .)

.eeprom         0x00810000        0x0
 *(.eeprom*)
                0x00810000                __eeprom_end = .

.fuse
 *(.fuse)
 *(.lfuse)
 *(.hfuse)
 *(.efuse)

.lock
 *(.lock*)

.signature
 *(.signature*)

.user_signatures
 *(.user_signatures*)

.stab
 *(.stab)

.stabstr
 *(.stabstr)

.stab.excl
 *(.stab.excl)

.stab.exclstr
 *(.stab.exclstr)

.stab.index
 *(.stab.index)

.stab.indexstr
 *(.stab.indexstr)

.comment        0x00000000       0x5f
 *(.comment)
 .comment       0x00000000       0x2f Front Sensor Node.o
                                 0x30 (size before relaxing)
 .comment       0x0000002f       0x30 init.o
                                 0x31 (size before relaxing)
 .comment       0x0000005f       0x31 C:\Users\skir0\git\firmware\15e Firmware Archive\Library\cmr_library_64c1\Debug\libcmr_library_64c1.a(can_lib.o)
 .comment       0x0000005f       0x31 C:\Users\skir0\git\firmware\15e Firmware Archive\Library\cmr_library_64c1\Debug\libcmr_library_64c1.a(cmr_library_64c1.o)
 .comment       0x0000005f       0x31 C:\Users\skir0\git\firmware\15e Firmware Archive\Library\cmr_library_64c1\Debug\libcmr_library_64c1.a(can_drv.o)

.note.gnu.avr.deviceinfo
                0x00000000       0x40
 .note.gnu.avr.deviceinfo
                0x00000000       0x40 C:/Program Files (x86)/Atmel/Studio/7.0/Packs/atmel/ATmega_DFP/1.0.90/gcc/dev/atmega64c1/avr5/crtatmega64c1.o

.note.gnu.build-id
 *(.note.gnu.build-id)

.debug
 *(.debug)

.line
 *(.line)

.debug_srcinfo
 *(.debug_srcinfo)

.debug_sfnames
 *(.debug_sfnames)

.debug_aranges  0x00000000      0x158
 *(.debug_aranges)
 .debug_aranges
                0x00000000       0x30 Front Sensor Node.o
 .debug_aranges
                0x00000030       0x40 init.o
 .debug_aranges
                0x00000070       0x30 C:\Users\skir0\git\firmware\15e Firmware Archive\Library\cmr_library_64c1\Debug\libcmr_library_64c1.a(can_lib.o)
 .debug_aranges
                0x000000a0       0x70 C:\Users\skir0\git\firmware\15e Firmware Archive\Library\cmr_library_64c1\Debug\libcmr_library_64c1.a(cmr_library_64c1.o)
 .debug_aranges
                0x00000110       0x48 C:\Users\skir0\git\firmware\15e Firmware Archive\Library\cmr_library_64c1\Debug\libcmr_library_64c1.a(can_drv.o)

.debug_pubnames
 *(.debug_pubnames)

.debug_info     0x00000000     0x168c
 *(.debug_info .gnu.linkonce.wi.*)
 .debug_info    0x00000000      0x572 Front Sensor Node.o
 .debug_info    0x00000572      0x49c init.o
 .debug_info    0x00000a0e      0x375 C:\Users\skir0\git\firmware\15e Firmware Archive\Library\cmr_library_64c1\Debug\libcmr_library_64c1.a(can_lib.o)
 .debug_info    0x00000d83      0x622 C:\Users\skir0\git\firmware\15e Firmware Archive\Library\cmr_library_64c1\Debug\libcmr_library_64c1.a(cmr_library_64c1.o)
 .debug_info    0x000013a5      0x2e7 C:\Users\skir0\git\firmware\15e Firmware Archive\Library\cmr_library_64c1\Debug\libcmr_library_64c1.a(can_drv.o)

.debug_abbrev   0x00000000      0x8b6
 *(.debug_abbrev)
 .debug_abbrev  0x00000000      0x219 Front Sensor Node.o
 .debug_abbrev  0x00000219      0x1c0 init.o
 .debug_abbrev  0x000003d9      0x1b9 C:\Users\skir0\git\firmware\15e Firmware Archive\Library\cmr_library_64c1\Debug\libcmr_library_64c1.a(can_lib.o)
 .debug_abbrev  0x00000592      0x1ed C:\Users\skir0\git\firmware\15e Firmware Archive\Library\cmr_library_64c1\Debug\libcmr_library_64c1.a(cmr_library_64c1.o)
 .debug_abbrev  0x0000077f      0x137 C:\Users\skir0\git\firmware\15e Firmware Archive\Library\cmr_library_64c1\Debug\libcmr_library_64c1.a(can_drv.o)

.debug_line     0x00000000      0xab9
 *(.debug_line .debug_line.* .debug_line_end)
 .debug_line    0x00000000      0x23d Front Sensor Node.o
 .debug_line    0x0000023d      0x1ae init.o
 .debug_line    0x000003eb      0x270 C:\Users\skir0\git\firmware\15e Firmware Archive\Library\cmr_library_64c1\Debug\libcmr_library_64c1.a(can_lib.o)
 .debug_line    0x0000065b      0x1d5 C:\Users\skir0\git\firmware\15e Firmware Archive\Library\cmr_library_64c1\Debug\libcmr_library_64c1.a(cmr_library_64c1.o)
 .debug_line    0x00000830      0x289 C:\Users\skir0\git\firmware\15e Firmware Archive\Library\cmr_library_64c1\Debug\libcmr_library_64c1.a(can_drv.o)

.debug_frame    0x00000000      0x3b4
 *(.debug_frame)
 .debug_frame   0x00000000       0xf0 Front Sensor Node.o
 .debug_frame   0x000000f0       0x64 init.o
 .debug_frame   0x00000154       0x7c C:\Users\skir0\git\firmware\15e Firmware Archive\Library\cmr_library_64c1\Debug\libcmr_library_64c1.a(can_lib.o)
 .debug_frame   0x000001d0      0x104 C:\Users\skir0\git\firmware\15e Firmware Archive\Library\cmr_library_64c1\Debug\libcmr_library_64c1.a(cmr_library_64c1.o)
 .debug_frame   0x000002d4       0xe0 C:\Users\skir0\git\firmware\15e Firmware Archive\Library\cmr_library_64c1\Debug\libcmr_library_64c1.a(can_drv.o)

.debug_str      0x00000000      0x79d
 *(.debug_str)
 .debug_str     0x00000000      0x36e Front Sensor Node.o
                                0x3b0 (size before relaxing)
 .debug_str     0x0000036e      0x190 init.o
                                0x38e (size before relaxing)
 .debug_str     0x000004fe       0xe4 C:\Users\skir0\git\firmware\15e Firmware Archive\Library\cmr_library_64c1\Debug\libcmr_library_64c1.a(can_lib.o)
                                0x324 (size before relaxing)
 .debug_str     0x000005e2       0xc9 C:\Users\skir0\git\firmware\15e Firmware Archive\Library\cmr_library_64c1\Debug\libcmr_library_64c1.a(cmr_library_64c1.o)
                                0x3b2 (size before relaxing)
 .debug_str     0x000006ab       0xf2 C:\Users\skir0\git\firmware\15e Firmware Archive\Library\cmr_library_64c1\Debug\libcmr_library_64c1.a(can_drv.o)
                                0x2ce (size before relaxing)

.debug_loc      0x00000000     0x132d
 *(.debug_loc)
 .debug_loc     0x00000000      0x260 Front Sensor Node.o
 .debug_loc     0x00000260      0x2e4 C:\Users\skir0\git\firmware\15e Firmware Archive\Library\cmr_library_64c1\Debug\libcmr_library_64c1.a(can_lib.o)
 .debug_loc     0x00000544      0x51e C:\Users\skir0\git\firmware\15e Firmware Archive\Library\cmr_library_64c1\Debug\libcmr_library_64c1.a(cmr_library_64c1.o)
 .debug_loc     0x00000a62      0x8cb C:\Users\skir0\git\firmware\15e Firmware Archive\Library\cmr_library_64c1\Debug\libcmr_library_64c1.a(can_drv.o)

.debug_macinfo
 *(.debug_macinfo)

.debug_weaknames
 *(.debug_weaknames)

.debug_funcnames
 *(.debug_funcnames)

.debug_typenames
 *(.debug_typenames)

.debug_varnames
 *(.debug_varnames)

.debug_pubtypes
 *(.debug_pubtypes)

.debug_ranges   0x00000000      0x138
 *(.debug_ranges)
 .debug_ranges  0x00000000       0x20 Front Sensor Node.o
 .debug_ranges  0x00000020       0x30 init.o
 .debug_ranges  0x00000050       0x20 C:\Users\skir0\git\firmware\15e Firmware Archive\Library\cmr_library_64c1\Debug\libcmr_library_64c1.a(can_lib.o)
 .debug_ranges  0x00000070       0x60 C:\Users\skir0\git\firmware\15e Firmware Archive\Library\cmr_library_64c1\Debug\libcmr_library_64c1.a(cmr_library_64c1.o)
 .debug_ranges  0x000000d0       0x68 C:\Users\skir0\git\firmware\15e Firmware Archive\Library\cmr_library_64c1\Debug\libcmr_library_64c1.a(can_drv.o)

.debug_macro
 *(.debug_macro)
OUTPUT(Front Sensor Node.elf elf32-avr)
LOAD linker stubs
