Archive member included because of file (symbol)

C:\Users\shep\Documents\15e\vehicle_software\Library\cmr_library_64c1\Debug\libcmr_library_64c1.a(can_lib.o)
                              Main MCU.o (can_init)
C:\Users\shep\Documents\15e\vehicle_software\Library\cmr_library_64c1\Debug\libcmr_library_64c1.a(cmr_library_64c1.o)
                              init.o (config_io_pin)
C:\Users\shep\Documents\15e\vehicle_software\Library\cmr_library_64c1\Debug\libcmr_library_64c1.a(can_drv.o)
                              C:\Users\shep\Documents\15e\vehicle_software\Library\cmr_library_64c1\Debug\libcmr_library_64c1.a(can_lib.o) (can_clear_all_mob)
c:/program files (x86)/atmel/atmel toolchain/avr8 gcc/native/3.4.2.939/avr8-gnu-toolchain/bin/../lib/gcc/avr/4.7.2/avr5\libgcc.a(_exit.o)
                              c:/program files (x86)/atmel/atmel toolchain/avr8 gcc/native/3.4.2.939/avr8-gnu-toolchain/bin/../lib/gcc/avr/4.7.2/../../../../avr/lib/avr5/crtm64c1.o (exit)
c:/program files (x86)/atmel/atmel toolchain/avr8 gcc/native/3.4.2.939/avr8-gnu-toolchain/bin/../lib/gcc/avr/4.7.2/avr5\libgcc.a(_clear_bss.o)
                              init.o (__do_clear_bss)

Allocating common symbols
Common symbol       size              file

can_send_buffer     0x8               init.o
fsn_heartbeat       0x4               Main MCU.o
can_rcv_buffer      0x28              init.o
heartbeat_cmd_st    0xc               init.o
dash_heartbeat      0x2               Main MCU.o
rsn_heartbeat       0x1               Main MCU.o
main_heartbeat      0x1               init.o
rcv_cmd_st          0x3c              init.o

Discarded input sections

 .bss           0x00000000        0x0 c:/program files (x86)/atmel/atmel toolchain/avr8 gcc/native/3.4.2.939/avr8-gnu-toolchain/bin/../lib/gcc/avr/4.7.2/../../../../avr/lib/avr5/crtm64c1.o
 .text          0x00000000        0x0 init.o
 .bss           0x00000000        0x0 init.o
 .text.init_adc
                0x00000000       0x42 init.o
 .text.init_watchdog
                0x00000000       0x28 init.o
 .text          0x00000000        0x0 Main MCU.o
 .bss           0x00000000        0x0 Main MCU.o
 .bss.torque    0x00000000        0x1 Main MCU.o
 .text          0x00000000        0x0 C:\Users\shep\Documents\15e\vehicle_software\Library\cmr_library_64c1\Debug\libcmr_library_64c1.a(can_lib.o)
 .bss           0x00000000        0x0 C:\Users\shep\Documents\15e\vehicle_software\Library\cmr_library_64c1\Debug\libcmr_library_64c1.a(can_lib.o)
 .text          0x00000000        0x0 C:\Users\shep\Documents\15e\vehicle_software\Library\cmr_library_64c1\Debug\libcmr_library_64c1.a(cmr_library_64c1.o)
 .bss           0x00000000        0x0 C:\Users\shep\Documents\15e\vehicle_software\Library\cmr_library_64c1\Debug\libcmr_library_64c1.a(cmr_library_64c1.o)
 .text.adc_read
                0x00000000       0x30 C:\Users\shep\Documents\15e\vehicle_software\Library\cmr_library_64c1\Debug\libcmr_library_64c1.a(cmr_library_64c1.o)
 .text.can_rx_sync
                0x00000000       0x4e C:\Users\shep\Documents\15e\vehicle_software\Library\cmr_library_64c1\Debug\libcmr_library_64c1.a(cmr_library_64c1.o)
 .text.SPI_init
                0x00000000       0x9c C:\Users\shep\Documents\15e\vehicle_software\Library\cmr_library_64c1\Debug\libcmr_library_64c1.a(cmr_library_64c1.o)
 .text.SPI_transaction
                0x00000000       0x10 C:\Users\shep\Documents\15e\vehicle_software\Library\cmr_library_64c1\Debug\libcmr_library_64c1.a(cmr_library_64c1.o)
 .text.SPI_read
                0x00000000        0xa C:\Users\shep\Documents\15e\vehicle_software\Library\cmr_library_64c1\Debug\libcmr_library_64c1.a(cmr_library_64c1.o)
 .text.SPI_write
                0x00000000        0x8 C:\Users\shep\Documents\15e\vehicle_software\Library\cmr_library_64c1\Debug\libcmr_library_64c1.a(cmr_library_64c1.o)
 .text          0x00000000        0x0 C:\Users\shep\Documents\15e\vehicle_software\Library\cmr_library_64c1\Debug\libcmr_library_64c1.a(can_drv.o)
 .bss           0x00000000        0x0 C:\Users\shep\Documents\15e\vehicle_software\Library\cmr_library_64c1\Debug\libcmr_library_64c1.a(can_drv.o)
 .text.can_auto_baudrate
                0x00000000      0x3fe C:\Users\shep\Documents\15e\vehicle_software\Library\cmr_library_64c1\Debug\libcmr_library_64c1.a(can_drv.o)
 .text          0x00000000        0x0 c:/program files (x86)/atmel/atmel toolchain/avr8 gcc/native/3.4.2.939/avr8-gnu-toolchain/bin/../lib/gcc/avr/4.7.2/avr5\libgcc.a(_exit.o)
 .bss           0x00000000        0x0 c:/program files (x86)/atmel/atmel toolchain/avr8 gcc/native/3.4.2.939/avr8-gnu-toolchain/bin/../lib/gcc/avr/4.7.2/avr5\libgcc.a(_exit.o)
 .text.libgcc.mul
                0x00000000        0x0 c:/program files (x86)/atmel/atmel toolchain/avr8 gcc/native/3.4.2.939/avr8-gnu-toolchain/bin/../lib/gcc/avr/4.7.2/avr5\libgcc.a(_exit.o)
 .text.libgcc.div
                0x00000000        0x0 c:/program files (x86)/atmel/atmel toolchain/avr8 gcc/native/3.4.2.939/avr8-gnu-toolchain/bin/../lib/gcc/avr/4.7.2/avr5\libgcc.a(_exit.o)
 .text.libgcc   0x00000000        0x0 c:/program files (x86)/atmel/atmel toolchain/avr8 gcc/native/3.4.2.939/avr8-gnu-toolchain/bin/../lib/gcc/avr/4.7.2/avr5\libgcc.a(_exit.o)
 .text.libgcc.prologue
                0x00000000        0x0 c:/program files (x86)/atmel/atmel toolchain/avr8 gcc/native/3.4.2.939/avr8-gnu-toolchain/bin/../lib/gcc/avr/4.7.2/avr5\libgcc.a(_exit.o)
 .text.libgcc.builtins
                0x00000000        0x0 c:/program files (x86)/atmel/atmel toolchain/avr8 gcc/native/3.4.2.939/avr8-gnu-toolchain/bin/../lib/gcc/avr/4.7.2/avr5\libgcc.a(_exit.o)
 .text.libgcc.fmul
                0x00000000        0x0 c:/program files (x86)/atmel/atmel toolchain/avr8 gcc/native/3.4.2.939/avr8-gnu-toolchain/bin/../lib/gcc/avr/4.7.2/avr5\libgcc.a(_exit.o)
 .text          0x00000000        0x0 c:/program files (x86)/atmel/atmel toolchain/avr8 gcc/native/3.4.2.939/avr8-gnu-toolchain/bin/../lib/gcc/avr/4.7.2/avr5\libgcc.a(_clear_bss.o)
 .bss           0x00000000        0x0 c:/program files (x86)/atmel/atmel toolchain/avr8 gcc/native/3.4.2.939/avr8-gnu-toolchain/bin/../lib/gcc/avr/4.7.2/avr5\libgcc.a(_clear_bss.o)
 .text.libgcc.mul
                0x00000000        0x0 c:/program files (x86)/atmel/atmel toolchain/avr8 gcc/native/3.4.2.939/avr8-gnu-toolchain/bin/../lib/gcc/avr/4.7.2/avr5\libgcc.a(_clear_bss.o)
 .text.libgcc.div
                0x00000000        0x0 c:/program files (x86)/atmel/atmel toolchain/avr8 gcc/native/3.4.2.939/avr8-gnu-toolchain/bin/../lib/gcc/avr/4.7.2/avr5\libgcc.a(_clear_bss.o)
 .text.libgcc   0x00000000        0x0 c:/program files (x86)/atmel/atmel toolchain/avr8 gcc/native/3.4.2.939/avr8-gnu-toolchain/bin/../lib/gcc/avr/4.7.2/avr5\libgcc.a(_clear_bss.o)
 .text.libgcc.prologue
                0x00000000        0x0 c:/program files (x86)/atmel/atmel toolchain/avr8 gcc/native/3.4.2.939/avr8-gnu-toolchain/bin/../lib/gcc/avr/4.7.2/avr5\libgcc.a(_clear_bss.o)
 .text.libgcc.builtins
                0x00000000        0x0 c:/program files (x86)/atmel/atmel toolchain/avr8 gcc/native/3.4.2.939/avr8-gnu-toolchain/bin/../lib/gcc/avr/4.7.2/avr5\libgcc.a(_clear_bss.o)
 .text.libgcc.fmul
                0x00000000        0x0 c:/program files (x86)/atmel/atmel toolchain/avr8 gcc/native/3.4.2.939/avr8-gnu-toolchain/bin/../lib/gcc/avr/4.7.2/avr5\libgcc.a(_clear_bss.o)

Memory Configuration

Name             Origin             Length             Attributes
text             0x00000000         0x00020000         xr
data             0x00800060         0x0000ffa0         rw !x
eeprom           0x00810000         0x00010000         rw !x
fuse             0x00820000         0x00000400         rw !x
lock             0x00830000         0x00000400         rw !x
signature        0x00840000         0x00000400         rw !x
user_signatures  0x00850000         0x00000400         rw !x
*default*        0x00000000         0xffffffff

Linker script and memory map

Address of section .data set to 0x800100
LOAD c:/program files (x86)/atmel/atmel toolchain/avr8 gcc/native/3.4.2.939/avr8-gnu-toolchain/bin/../lib/gcc/avr/4.7.2/../../../../avr/lib/avr5/crtm64c1.o
LOAD init.o
LOAD Main MCU.o
START GROUP
LOAD c:/program files (x86)/atmel/atmel toolchain/avr8 gcc/native/3.4.2.939/avr8-gnu-toolchain/bin/../lib/gcc/avr/4.7.2/../../../../avr/lib/avr5\libm.a
LOAD C:\Users\shep\Documents\15e\vehicle_software\Library\cmr_library_64c1\Debug\libcmr_library_64c1.a
END GROUP
LOAD c:/program files (x86)/atmel/atmel toolchain/avr8 gcc/native/3.4.2.939/avr8-gnu-toolchain/bin/../lib/gcc/avr/4.7.2/avr5\libgcc.a
LOAD c:/program files (x86)/atmel/atmel toolchain/avr8 gcc/native/3.4.2.939/avr8-gnu-toolchain/bin/../lib/gcc/avr/4.7.2/../../../../avr/lib/avr5\libc.a
LOAD c:/program files (x86)/atmel/atmel toolchain/avr8 gcc/native/3.4.2.939/avr8-gnu-toolchain/bin/../lib/gcc/avr/4.7.2/avr5\libgcc.a

.hash
 *(.hash)

.dynsym
 *(.dynsym)

.dynstr
 *(.dynstr)

.gnu.version
 *(.gnu.version)

.gnu.version_d
 *(.gnu.version_d)

.gnu.version_r
 *(.gnu.version_r)

.rel.init
 *(.rel.init)

.rela.init
 *(.rela.init)

.rel.text
 *(.rel.text)
 *(.rel.text.*)
 *(.rel.gnu.linkonce.t*)

.rela.text
 *(.rela.text)
 *(.rela.text.*)
 *(.rela.gnu.linkonce.t*)

.rel.fini
 *(.rel.fini)

.rela.fini
 *(.rela.fini)

.rel.rodata
 *(.rel.rodata)
 *(.rel.rodata.*)
 *(.rel.gnu.linkonce.r*)

.rela.rodata
 *(.rela.rodata)
 *(.rela.rodata.*)
 *(.rela.gnu.linkonce.r*)

.rel.data
 *(.rel.data)
 *(.rel.data.*)
 *(.rel.gnu.linkonce.d*)

.rela.data
 *(.rela.data)
 *(.rela.data.*)
 *(.rela.gnu.linkonce.d*)

.rel.ctors
 *(.rel.ctors)

.rela.ctors
 *(.rela.ctors)

.rel.dtors
 *(.rel.dtors)

.rela.dtors
 *(.rela.dtors)

.rel.got
 *(.rel.got)

.rela.got
 *(.rela.got)

.rel.bss
 *(.rel.bss)

.rela.bss
 *(.rela.bss)

.rel.plt
 *(.rel.plt)

.rela.plt
 *(.rela.plt)

.text           0x00000000     0x1218
 *(.vectors)
 .vectors       0x00000000       0x7c c:/program files (x86)/atmel/atmel toolchain/avr8 gcc/native/3.4.2.939/avr8-gnu-toolchain/bin/../lib/gcc/avr/4.7.2/../../../../avr/lib/avr5/crtm64c1.o
                0x00000000                __vector_default
                0x00000000                __vectors
 *(.vectors)
 *(.progmem.gcc*)
 *(.progmem*)
                0x0000007c                . = ALIGN (0x2)
                0x0000007c                __trampolines_start = .
 *(.trampolines)
 .trampolines   0x0000007c        0x0 linker stubs
 *(.trampolines*)
                0x0000007c                __trampolines_end = .
 *(.jumptables)
 *(.jumptables*)
 *(.lowtext)
 *(.lowtext*)
                0x0000007c                __ctors_start = .
 *(.ctors)
                0x0000007c                __ctors_end = .
                0x0000007c                __dtors_start = .
 *(.dtors)
                0x0000007c                __dtors_end = .
 SORT(*)(.ctors)
 SORT(*)(.dtors)
 *(.init0)
 .init0         0x0000007c        0x0 c:/program files (x86)/atmel/atmel toolchain/avr8 gcc/native/3.4.2.939/avr8-gnu-toolchain/bin/../lib/gcc/avr/4.7.2/../../../../avr/lib/avr5/crtm64c1.o
                0x0000007c                __init
 *(.init0)
 *(.init1)
 *(.init1)
 *(.init2)
 .init2         0x0000007c        0xc c:/program files (x86)/atmel/atmel toolchain/avr8 gcc/native/3.4.2.939/avr8-gnu-toolchain/bin/../lib/gcc/avr/4.7.2/../../../../avr/lib/avr5/crtm64c1.o
 *(.init2)
 *(.init3)
 *(.init3)
 *(.init4)
 .init4         0x00000088       0x10 c:/program files (x86)/atmel/atmel toolchain/avr8 gcc/native/3.4.2.939/avr8-gnu-toolchain/bin/../lib/gcc/avr/4.7.2/avr5\libgcc.a(_clear_bss.o)
                0x00000088                __do_clear_bss
 *(.init4)
 *(.init5)
 *(.init5)
 *(.init6)
 *(.init6)
 *(.init7)
 *(.init7)
 *(.init8)
 *(.init8)
 *(.init9)
 .init9         0x00000098        0x8 c:/program files (x86)/atmel/atmel toolchain/avr8 gcc/native/3.4.2.939/avr8-gnu-toolchain/bin/../lib/gcc/avr/4.7.2/../../../../avr/lib/avr5/crtm64c1.o
 *(.init9)
 *(.text)
 .text          0x000000a0        0x4 c:/program files (x86)/atmel/atmel toolchain/avr8 gcc/native/3.4.2.939/avr8-gnu-toolchain/bin/../lib/gcc/avr/4.7.2/../../../../avr/lib/avr5/crtm64c1.o
                0x000000a0                __vector_22
                0x000000a0                __vector_28
                0x000000a0                __vector_1
                0x000000a0                __vector_24
                0x000000a0                __bad_interrupt
                0x000000a0                __vector_6
                0x000000a0                __vector_3
                0x000000a0                __vector_23
                0x000000a0                __vector_30
                0x000000a0                __vector_25
                0x000000a0                __vector_11
                0x000000a0                __vector_17
                0x000000a0                __vector_19
                0x000000a0                __vector_7
                0x000000a0                __vector_27
                0x000000a0                __vector_5
                0x000000a0                __vector_4
                0x000000a0                __vector_9
                0x000000a0                __vector_2
                0x000000a0                __vector_21
                0x000000a0                __vector_15
                0x000000a0                __vector_29
                0x000000a0                __vector_8
                0x000000a0                __vector_26
                0x000000a0                __vector_14
                0x000000a0                __vector_10
                0x000000a0                __vector_16
                0x000000a0                __vector_18
                0x000000a0                __vector_20
                0x000000a4                . = ALIGN (0x2)
 *(.text.*)
 .text.init_interrupts
                0x000000a4       0x3e init.o
                0x000000a4                init_interrupts
 .text.init_io  0x000000e2        0xc init.o
                0x000000e2                init_io
 .text.init_can_mailboxes
                0x000000ee       0x4a init.o
                0x000000ee                init_can_mailboxes
 .text.__vector_13
                0x00000138       0x14 Main MCU.o
                0x00000138                __vector_13
 .text.heartbeat_reset
                0x0000014c       0x26 Main MCU.o
                0x0000014c                heartbeat_reset
 .text.__vector_12
                0x00000172      0x216 Main MCU.o
                0x00000172                __vector_12
 .text.main     0x00000388       0x2a Main MCU.o
                0x00000388                main
 .text.can_init
                0x000003b2       0x1e C:\Users\shep\Documents\15e\vehicle_software\Library\cmr_library_64c1\Debug\libcmr_library_64c1.a(can_lib.o)
                0x000003b2                can_init
 .text.can_cmd  0x000003d0      0xa98 C:\Users\shep\Documents\15e\vehicle_software\Library\cmr_library_64c1\Debug\libcmr_library_64c1.a(can_lib.o)
                0x000003d0                can_cmd
 .text.can_get_status
                0x00000e68      0x150 C:\Users\shep\Documents\15e\vehicle_software\Library\cmr_library_64c1\Debug\libcmr_library_64c1.a(can_lib.o)
                0x00000e68                can_get_status
 .text.config_io_pin
                0x00000fb8       0x72 C:\Users\shep\Documents\15e\vehicle_software\Library\cmr_library_64c1\Debug\libcmr_library_64c1.a(cmr_library_64c1.o)
                0x00000fb8                config_io_pin
 .text.set_io_pin
                0x0000102a       0x72 C:\Users\shep\Documents\15e\vehicle_software\Library\cmr_library_64c1\Debug\libcmr_library_64c1.a(cmr_library_64c1.o)
                0x0000102a                set_io_pin
 .text.can_tx_sync
                0x0000109c       0x4e C:\Users\shep\Documents\15e\vehicle_software\Library\cmr_library_64c1\Debug\libcmr_library_64c1.a(cmr_library_64c1.o)
                0x0000109c                can_tx_sync
 .text.setup_can_rcv
                0x000010ea       0x26 C:\Users\shep\Documents\15e\vehicle_software\Library\cmr_library_64c1\Debug\libcmr_library_64c1.a(cmr_library_64c1.o)
                0x000010ea                setup_can_rcv
 .text.setup_can_send
                0x00001110       0x26 C:\Users\shep\Documents\15e\vehicle_software\Library\cmr_library_64c1\Debug\libcmr_library_64c1.a(cmr_library_64c1.o)
                0x00001110                setup_can_send
 .text.can_clear_all_mob
                0x00001136       0x24 C:\Users\shep\Documents\15e\vehicle_software\Library\cmr_library_64c1\Debug\libcmr_library_64c1.a(can_drv.o)
                0x00001136                can_clear_all_mob
 .text.can_get_mob_free
                0x0000115a       0x40 C:\Users\shep\Documents\15e\vehicle_software\Library\cmr_library_64c1\Debug\libcmr_library_64c1.a(can_drv.o)
                0x0000115a                can_get_mob_free
 .text.can_get_mob_status
                0x0000119a       0x26 C:\Users\shep\Documents\15e\vehicle_software\Library\cmr_library_64c1\Debug\libcmr_library_64c1.a(can_drv.o)
                0x0000119a                can_get_mob_status
 .text.can_get_data
                0x000011c0       0x38 C:\Users\shep\Documents\15e\vehicle_software\Library\cmr_library_64c1\Debug\libcmr_library_64c1.a(can_drv.o)
                0x000011c0                can_get_data
 .text.can_fixed_baudrate
                0x000011f8       0x1c C:\Users\shep\Documents\15e\vehicle_software\Library\cmr_library_64c1\Debug\libcmr_library_64c1.a(can_drv.o)
                0x000011f8                can_fixed_baudrate
                0x00001214                . = ALIGN (0x2)
 *(.fini9)
 .fini9         0x00001214        0x0 c:/program files (x86)/atmel/atmel toolchain/avr8 gcc/native/3.4.2.939/avr8-gnu-toolchain/bin/../lib/gcc/avr/4.7.2/avr5\libgcc.a(_exit.o)
                0x00001214                _exit
                0x00001214                exit
 *(.fini9)
 *(.fini8)
 *(.fini8)
 *(.fini7)
 *(.fini7)
 *(.fini6)
 *(.fini6)
 *(.fini5)
 *(.fini5)
 *(.fini4)
 *(.fini4)
 *(.fini3)
 *(.fini3)
 *(.fini2)
 *(.fini2)
 *(.fini1)
 *(.fini1)
 *(.fini0)
 .fini0         0x00001214        0x4 c:/program files (x86)/atmel/atmel toolchain/avr8 gcc/native/3.4.2.939/avr8-gnu-toolchain/bin/../lib/gcc/avr/4.7.2/avr5\libgcc.a(_exit.o)
 *(.fini0)
                0x00001218                _etext = .

.data           0x00800100        0x0 load address 0x00001218
                0x00800100                PROVIDE (__data_start, .)
 *(.data)
 .data          0x00800100        0x0 c:/program files (x86)/atmel/atmel toolchain/avr8 gcc/native/3.4.2.939/avr8-gnu-toolchain/bin/../lib/gcc/avr/4.7.2/../../../../avr/lib/avr5/crtm64c1.o
 .data          0x00800100        0x0 init.o
 .data          0x00800100        0x0 Main MCU.o
 .data          0x00800100        0x0 C:\Users\shep\Documents\15e\vehicle_software\Library\cmr_library_64c1\Debug\libcmr_library_64c1.a(can_lib.o)
 .data          0x00800100        0x0 C:\Users\shep\Documents\15e\vehicle_software\Library\cmr_library_64c1\Debug\libcmr_library_64c1.a(cmr_library_64c1.o)
 .data          0x00800100        0x0 C:\Users\shep\Documents\15e\vehicle_software\Library\cmr_library_64c1\Debug\libcmr_library_64c1.a(can_drv.o)
 .data          0x00800100        0x0 c:/program files (x86)/atmel/atmel toolchain/avr8 gcc/native/3.4.2.939/avr8-gnu-toolchain/bin/../lib/gcc/avr/4.7.2/avr5\libgcc.a(_exit.o)
 .data          0x00800100        0x0 c:/program files (x86)/atmel/atmel toolchain/avr8 gcc/native/3.4.2.939/avr8-gnu-toolchain/bin/../lib/gcc/avr/4.7.2/avr5\libgcc.a(_clear_bss.o)
 *(.data*)
 *(.rodata)
 *(.rodata*)
 *(.gnu.linkonce.d*)
                0x00800100                . = ALIGN (0x2)
                0x00800100                _edata = .
                0x00800100                PROVIDE (__data_end, .)

.bss            0x00800100       0x84
                0x00800100                PROVIDE (__bss_start, .)
 *(.bss)
 *(.bss*)
 .bss.dash_wrong_state
                0x00800100        0x1 Main MCU.o
                0x00800100                dash_wrong_state
 .bss.fsn_wrong_state
                0x00800101        0x1 Main MCU.o
                0x00800101                fsn_wrong_state
 .bss.rsn_wrong_state
                0x00800102        0x1 Main MCU.o
                0x00800102                rsn_wrong_state
 .bss.state     0x00800103        0x1 Main MCU.o
                0x00800103                state
 *(COMMON)
 COMMON         0x00800104       0x79 init.o
                0x00800104                can_send_buffer
                0x0080010c                can_rcv_buffer
                0x00800134                heartbeat_cmd_st
                0x00800140                main_heartbeat
                0x00800141                rcv_cmd_st
 COMMON         0x0080017d        0x7 Main MCU.o
                0x0080017d                fsn_heartbeat
                0x00800181                dash_heartbeat
                0x00800183                rsn_heartbeat
                0x00800184                PROVIDE (__bss_end, .)
                0x00001218                __data_load_start = LOADADDR (.data)
                0x00001218                __data_load_end = (__data_load_start + SIZEOF (.data))

.noinit         0x00800184        0x0
                0x00800184                PROVIDE (__noinit_start, .)
 *(.noinit*)
                0x00800184                PROVIDE (__noinit_end, .)
                0x00800184                _end = .
                0x00800184                PROVIDE (__heap_start, .)

.eeprom         0x00810000        0x0
 *(.eeprom*)
                0x00810000                __eeprom_end = .

.fuse
 *(.fuse)
 *(.lfuse)
 *(.hfuse)
 *(.efuse)

.lock
 *(.lock*)

.signature
 *(.signature*)

.user_signatures
 *(.user_signatures*)

.stab           0x00000000      0x6cc
 *(.stab)
 .stab          0x00000000      0x6cc c:/program files (x86)/atmel/atmel toolchain/avr8 gcc/native/3.4.2.939/avr8-gnu-toolchain/bin/../lib/gcc/avr/4.7.2/../../../../avr/lib/avr5/crtm64c1.o

.stabstr        0x00000000       0x97
 *(.stabstr)
 .stabstr       0x00000000       0x97 c:/program files (x86)/atmel/atmel toolchain/avr8 gcc/native/3.4.2.939/avr8-gnu-toolchain/bin/../lib/gcc/avr/4.7.2/../../../../avr/lib/avr5/crtm64c1.o

.stab.excl
 *(.stab.excl)

.stab.exclstr
 *(.stab.exclstr)

.stab.index
 *(.stab.index)

.stab.indexstr
 *(.stab.indexstr)

.comment        0x00000000       0x2f
 *(.comment)
 .comment       0x00000000       0x2f init.o
                                 0x30 (size before relaxing)
 .comment       0x00000000       0x30 Main MCU.o
 .comment       0x00000000       0x30 C:\Users\shep\Documents\15e\vehicle_software\Library\cmr_library_64c1\Debug\libcmr_library_64c1.a(can_lib.o)
 .comment       0x00000000       0x30 C:\Users\shep\Documents\15e\vehicle_software\Library\cmr_library_64c1\Debug\libcmr_library_64c1.a(cmr_library_64c1.o)
 .comment       0x00000000       0x30 C:\Users\shep\Documents\15e\vehicle_software\Library\cmr_library_64c1\Debug\libcmr_library_64c1.a(can_drv.o)

.debug
 *(.debug)

.line
 *(.line)

.debug_srcinfo
 *(.debug_srcinfo)

.debug_sfnames
 *(.debug_sfnames)

.debug_aranges  0x00000000      0x160
 *(.debug_aranges)
 .debug_aranges
                0x00000000       0x40 init.o
 .debug_aranges
                0x00000040       0x38 Main MCU.o
 .debug_aranges
                0x00000078       0x30 C:\Users\shep\Documents\15e\vehicle_software\Library\cmr_library_64c1\Debug\libcmr_library_64c1.a(can_lib.o)
 .debug_aranges
                0x000000a8       0x70 C:\Users\shep\Documents\15e\vehicle_software\Library\cmr_library_64c1\Debug\libcmr_library_64c1.a(cmr_library_64c1.o)
 .debug_aranges
                0x00000118       0x48 C:\Users\shep\Documents\15e\vehicle_software\Library\cmr_library_64c1\Debug\libcmr_library_64c1.a(can_drv.o)

.debug_pubnames
 *(.debug_pubnames)

.debug_info     0x00000000     0x172d
 *(.debug_info)
 .debug_info    0x00000000      0x46d init.o
 .debug_info    0x0000046d      0x632 Main MCU.o
 .debug_info    0x00000a9f      0x376 C:\Users\shep\Documents\15e\vehicle_software\Library\cmr_library_64c1\Debug\libcmr_library_64c1.a(can_lib.o)
 .debug_info    0x00000e15      0x626 C:\Users\shep\Documents\15e\vehicle_software\Library\cmr_library_64c1\Debug\libcmr_library_64c1.a(cmr_library_64c1.o)
 .debug_info    0x0000143b      0x2f2 C:\Users\shep\Documents\15e\vehicle_software\Library\cmr_library_64c1\Debug\libcmr_library_64c1.a(can_drv.o)
 *(.gnu.linkonce.wi.*)

.debug_abbrev   0x00000000      0x8ab
 *(.debug_abbrev)
 .debug_abbrev  0x00000000      0x150 init.o
 .debug_abbrev  0x00000150      0x27c Main MCU.o
 .debug_abbrev  0x000003cc      0x1aa C:\Users\shep\Documents\15e\vehicle_software\Library\cmr_library_64c1\Debug\libcmr_library_64c1.a(can_lib.o)
 .debug_abbrev  0x00000576      0x1ed C:\Users\shep\Documents\15e\vehicle_software\Library\cmr_library_64c1\Debug\libcmr_library_64c1.a(cmr_library_64c1.o)
 .debug_abbrev  0x00000763      0x148 C:\Users\shep\Documents\15e\vehicle_software\Library\cmr_library_64c1\Debug\libcmr_library_64c1.a(can_drv.o)

.debug_line     0x00000000      0xb54
 *(.debug_line)
 .debug_line    0x00000000      0x17b init.o
 .debug_line    0x0000017b      0x274 Main MCU.o
 .debug_line    0x000003ef      0x2a3 C:\Users\shep\Documents\15e\vehicle_software\Library\cmr_library_64c1\Debug\libcmr_library_64c1.a(can_lib.o)
 .debug_line    0x00000692      0x204 C:\Users\shep\Documents\15e\vehicle_software\Library\cmr_library_64c1\Debug\libcmr_library_64c1.a(cmr_library_64c1.o)
 .debug_line    0x00000896      0x2be C:\Users\shep\Documents\15e\vehicle_software\Library\cmr_library_64c1\Debug\libcmr_library_64c1.a(can_drv.o)

.debug_frame    0x00000000      0x36c
 *(.debug_frame)
 .debug_frame   0x00000000       0x64 init.o
 .debug_frame   0x00000064       0xa8 Main MCU.o
 .debug_frame   0x0000010c       0x7c C:\Users\shep\Documents\15e\vehicle_software\Library\cmr_library_64c1\Debug\libcmr_library_64c1.a(can_lib.o)
 .debug_frame   0x00000188      0x104 C:\Users\shep\Documents\15e\vehicle_software\Library\cmr_library_64c1\Debug\libcmr_library_64c1.a(cmr_library_64c1.o)
 .debug_frame   0x0000028c       0xe0 C:\Users\shep\Documents\15e\vehicle_software\Library\cmr_library_64c1\Debug\libcmr_library_64c1.a(can_drv.o)

.debug_str      0x00000000      0x6cd
 *(.debug_str)
 .debug_str     0x00000000      0x264 init.o
                                0x2b1 (size before relaxing)
 .debug_str     0x00000264      0x1c5 Main MCU.o
                                0x408 (size before relaxing)
 .debug_str     0x00000429       0xe0 C:\Users\shep\Documents\15e\vehicle_software\Library\cmr_library_64c1\Debug\libcmr_library_64c1.a(can_lib.o)
                                0x283 (size before relaxing)
 .debug_str     0x00000509       0xd2 C:\Users\shep\Documents\15e\vehicle_software\Library\cmr_library_64c1\Debug\libcmr_library_64c1.a(cmr_library_64c1.o)
                                0x311 (size before relaxing)
 .debug_str     0x000005db       0xf2 C:\Users\shep\Documents\15e\vehicle_software\Library\cmr_library_64c1\Debug\libcmr_library_64c1.a(can_drv.o)
                                0x22d (size before relaxing)

.debug_loc      0x00000000     0x128d
 *(.debug_loc)
 .debug_loc     0x00000000      0x124 Main MCU.o
 .debug_loc     0x00000124      0x32a C:\Users\shep\Documents\15e\vehicle_software\Library\cmr_library_64c1\Debug\libcmr_library_64c1.a(can_lib.o)
 .debug_loc     0x0000044e      0x618 C:\Users\shep\Documents\15e\vehicle_software\Library\cmr_library_64c1\Debug\libcmr_library_64c1.a(cmr_library_64c1.o)
 .debug_loc     0x00000a66      0x827 C:\Users\shep\Documents\15e\vehicle_software\Library\cmr_library_64c1\Debug\libcmr_library_64c1.a(can_drv.o)

.debug_macinfo
 *(.debug_macinfo)

.debug_pubtypes
 *(.debug_pubtypes)

.debug_ranges   0x00000000      0x110
 *(.debug_ranges)
 .debug_ranges  0x00000000       0x30 init.o
 .debug_ranges  0x00000030       0x28 Main MCU.o
 .debug_ranges  0x00000058       0x20 C:\Users\shep\Documents\15e\vehicle_software\Library\cmr_library_64c1\Debug\libcmr_library_64c1.a(can_lib.o)
 .debug_ranges  0x00000078       0x60 C:\Users\shep\Documents\15e\vehicle_software\Library\cmr_library_64c1\Debug\libcmr_library_64c1.a(cmr_library_64c1.o)
 .debug_ranges  0x000000d8       0x38 C:\Users\shep\Documents\15e\vehicle_software\Library\cmr_library_64c1\Debug\libcmr_library_64c1.a(can_drv.o)

.debug_macro
 *(.debug_macro)
OUTPUT(Main MCU.elf elf32-avr)
LOAD linker stubs
