Archive member included to satisfy reference by file (symbol)

C:\Users\shep\git\firmware\GLV\Library\Library\Release\libCMRLibrary.a(cmr_64c1_lib.o)
                              node_tasks.o (config_io_pin)
c:/program files (x86)/atmel/studio/7.0/toolchain/avr8/avr8-gnu-toolchain/bin/../lib/gcc/avr/4.9.2/avr5\libgcc.a(_exit.o)
                              C:/Program Files (x86)/Atmel/Studio/7.0/Packs/atmel/ATmega_DFP/1.0.90/gcc/dev/atmega64c1/avr5/crtatmega64c1.o (exit)
c:/program files (x86)/atmel/studio/7.0/toolchain/avr8/avr8-gnu-toolchain/bin/../lib/gcc/avr/4.9.2/avr5\libgcc.a(_copy_data.o)
                              main.o (__do_copy_data)
c:/program files (x86)/atmel/studio/7.0/toolchain/avr8/avr8-gnu-toolchain/bin/../lib/gcc/avr/4.9.2/avr5\libgcc.a(_clear_bss.o)
                              Drivers/CAN/can.o (__do_clear_bss)
c:/program files (x86)/atmel/studio/7.0/toolchain/avr8/avr8-gnu-toolchain/bin/../lib/gcc/avr/4.9.2/../../../../avr/lib/avr5\libc.a(memcpy.o)
                              Source/queue.o (memcpy)
c:/program files (x86)/atmel/studio/7.0/toolchain/avr8/avr8-gnu-toolchain/bin/../lib/gcc/avr/4.9.2/../../../../avr/lib/avr5\libc.a(sprintf.o)
                              main.o (sprintf)
c:/program files (x86)/atmel/studio/7.0/toolchain/avr8/avr8-gnu-toolchain/bin/../lib/gcc/avr/4.9.2/../../../../avr/lib/avr5\libc.a(vfprintf_std.o)
                              c:/program files (x86)/atmel/studio/7.0/toolchain/avr8/avr8-gnu-toolchain/bin/../lib/gcc/avr/4.9.2/../../../../avr/lib/avr5\libc.a(sprintf.o) (vfprintf)
c:/program files (x86)/atmel/studio/7.0/toolchain/avr8/avr8-gnu-toolchain/bin/../lib/gcc/avr/4.9.2/../../../../avr/lib/avr5\libc.a(strnlen_P.o)
                              c:/program files (x86)/atmel/studio/7.0/toolchain/avr8/avr8-gnu-toolchain/bin/../lib/gcc/avr/4.9.2/../../../../avr/lib/avr5\libc.a(vfprintf_std.o) (strnlen_P)
c:/program files (x86)/atmel/studio/7.0/toolchain/avr8/avr8-gnu-toolchain/bin/../lib/gcc/avr/4.9.2/../../../../avr/lib/avr5\libc.a(strnlen.o)
                              c:/program files (x86)/atmel/studio/7.0/toolchain/avr8/avr8-gnu-toolchain/bin/../lib/gcc/avr/4.9.2/../../../../avr/lib/avr5\libc.a(vfprintf_std.o) (strnlen)
c:/program files (x86)/atmel/studio/7.0/toolchain/avr8/avr8-gnu-toolchain/bin/../lib/gcc/avr/4.9.2/../../../../avr/lib/avr5\libc.a(fputc.o)
                              c:/program files (x86)/atmel/studio/7.0/toolchain/avr8/avr8-gnu-toolchain/bin/../lib/gcc/avr/4.9.2/../../../../avr/lib/avr5\libc.a(vfprintf_std.o) (fputc)
c:/program files (x86)/atmel/studio/7.0/toolchain/avr8/avr8-gnu-toolchain/bin/../lib/gcc/avr/4.9.2/../../../../avr/lib/avr5\libc.a(ultoa_invert.o)
                              c:/program files (x86)/atmel/studio/7.0/toolchain/avr8/avr8-gnu-toolchain/bin/../lib/gcc/avr/4.9.2/../../../../avr/lib/avr5\libc.a(vfprintf_std.o) (__ultoa_invert)
c:/program files (x86)/atmel/studio/7.0/toolchain/avr8/avr8-gnu-toolchain/bin/../lib/gcc/avr/4.9.2/avr5\libgcc.a(_prologue.o)
                              c:/program files (x86)/atmel/studio/7.0/toolchain/avr8/avr8-gnu-toolchain/bin/../lib/gcc/avr/4.9.2/../../../../avr/lib/avr5\libc.a(sprintf.o) (__prologue_saves__)
c:/program files (x86)/atmel/studio/7.0/toolchain/avr8/avr8-gnu-toolchain/bin/../lib/gcc/avr/4.9.2/avr5\libgcc.a(_epilogue.o)
                              c:/program files (x86)/atmel/studio/7.0/toolchain/avr8/avr8-gnu-toolchain/bin/../lib/gcc/avr/4.9.2/../../../../avr/lib/avr5\libc.a(sprintf.o) (__epilogue_restores__)

Allocating common symbols
Common symbol       size              file

canlist             0xc               Drivers/CAN/can.o
channels            0xc               Drivers/CAN/frtos_can.o
CANdumpQueue        0x2               Drivers/CAN/frtos_can.o
statuses            0x18              main.o

Discarded input sections

 .group         0x00000000        0x8 Config/can_callbacks.o
 .group         0x00000000        0x8 Config/can_callbacks.o
 .group         0x00000000        0x8 Config/can_callbacks.o
 .group         0x00000000        0x8 Config/can_callbacks.o
 .group         0x00000000        0x8 Config/can_callbacks.o
 .group         0x00000000        0x8 Config/can_callbacks.o
 .group         0x00000000        0x8 Config/can_callbacks.o
 .group         0x00000000        0x8 Config/can_callbacks.o
 .group         0x00000000        0x8 Config/can_callbacks.o
 .group         0x00000000        0x8 Config/can_callbacks.o
 .group         0x00000000        0x8 Config/can_callbacks.o
 .group         0x00000000        0x8 Config/can_callbacks.o
 .group         0x00000000        0x8 Config/can_callbacks.o
 .group         0x00000000        0x8 Config/can_callbacks.o
 .group         0x00000000        0x8 Config/can_callbacks.o
 .group         0x00000000        0x8 Config/can_callbacks.o
 .group         0x00000000        0x8 Config/can_callbacks.o
 .group         0x00000000        0x8 Config/can_callbacks.o
 .group         0x00000000        0x8 Config/can_callbacks.o
 .group         0x00000000        0x8 Config/can_callbacks.o
 .group         0x00000000        0x8 Config/can_callbacks.o
 .group         0x00000000        0x8 Config/can_callbacks.o
 .group         0x00000000        0x8 Config/can_callbacks.o
 .group         0x00000000        0x8 Config/can_callbacks.o
 .group         0x00000000        0x8 Drivers/CAN/can.o
 .group         0x00000000        0x8 Drivers/CAN/can.o
 .group         0x00000000        0x8 Drivers/CAN/can.o
 .group         0x00000000        0x8 Drivers/CAN/can.o
 .group         0x00000000        0x8 Drivers/CAN/can.o
 .group         0x00000000        0x8 Drivers/CAN/can.o
 .group         0x00000000        0x8 Drivers/CAN/can.o
 .group         0x00000000        0x8 Drivers/CAN/can.o
 .group         0x00000000        0x8 Drivers/CAN/can.o
 .group         0x00000000        0x8 Drivers/CAN/can.o
 .group         0x00000000        0x8 Drivers/CAN/can.o
 .group         0x00000000        0x8 Drivers/CAN/can.o
 .group         0x00000000        0x8 Drivers/CAN/can.o
 .group         0x00000000        0x8 Drivers/CAN/can.o
 .group         0x00000000        0x8 Drivers/CAN/can.o
 .group         0x00000000        0x8 Drivers/CAN/can.o
 .group         0x00000000        0x8 Drivers/CAN/can.o
 .debug_macro   0x00000000      0xa4e Drivers/CAN/can.o
 .debug_macro   0x00000000       0x10 Drivers/CAN/can.o
 .debug_macro   0x00000000      0x1ad Drivers/CAN/can.o
 .debug_macro   0x00000000       0x9e Drivers/CAN/can.o
 .debug_macro   0x00000000     0x1dbe Drivers/CAN/can.o
 .debug_macro   0x00000000      0x156 Drivers/CAN/can.o
 .debug_macro   0x00000000       0xbd Drivers/CAN/can.o
 .debug_macro   0x00000000       0x34 Drivers/CAN/can.o
 .debug_macro   0x00000000       0x18 Drivers/CAN/can.o
 .debug_macro   0x00000000       0x6c Drivers/CAN/can.o
 .debug_macro   0x00000000       0x22 Drivers/CAN/can.o
 .debug_macro   0x00000000       0x1c Drivers/CAN/can.o
 .group         0x00000000        0x8 Drivers/CAN/frtos_can.o
 .group         0x00000000        0x8 Drivers/CAN/frtos_can.o
 .group         0x00000000        0x8 Drivers/CAN/frtos_can.o
 .group         0x00000000        0x8 Drivers/CAN/frtos_can.o
 .group         0x00000000        0x8 Drivers/CAN/frtos_can.o
 .group         0x00000000        0x8 Drivers/CAN/frtos_can.o
 .group         0x00000000        0x8 Drivers/CAN/frtos_can.o
 .group         0x00000000        0x8 Drivers/CAN/frtos_can.o
 .group         0x00000000        0x8 Drivers/CAN/frtos_can.o
 .group         0x00000000        0x8 Drivers/CAN/frtos_can.o
 .group         0x00000000        0x8 Drivers/CAN/frtos_can.o
 .group         0x00000000        0x8 Drivers/CAN/frtos_can.o
 .group         0x00000000        0x8 Drivers/CAN/frtos_can.o
 .group         0x00000000        0x8 Drivers/CAN/frtos_can.o
 .group         0x00000000        0x8 Drivers/CAN/frtos_can.o
 .group         0x00000000        0x8 Drivers/CAN/frtos_can.o
 .group         0x00000000        0x8 Drivers/CAN/frtos_can.o
 .group         0x00000000        0x8 Drivers/CAN/frtos_can.o
 .group         0x00000000        0x8 Drivers/CAN/frtos_can.o
 .group         0x00000000        0x8 Drivers/CAN/frtos_can.o
 .group         0x00000000        0x8 Drivers/CAN/frtos_can.o
 .group         0x00000000        0x8 Drivers/CAN/frtos_can.o
 .group         0x00000000        0x8 Drivers/CAN/frtos_can.o
 .group         0x00000000        0x8 Drivers/CAN/frtos_can.o
 .group         0x00000000        0x8 Drivers/CAN/frtos_can.o
 .group         0x00000000        0x8 Drivers/CAN/frtos_can.o
 .debug_macro   0x00000000      0xa4e Drivers/CAN/frtos_can.o
 .debug_macro   0x00000000      0x1ad Drivers/CAN/frtos_can.o
 .debug_macro   0x00000000       0x22 Drivers/CAN/frtos_can.o
 .debug_macro   0x00000000       0x1c Drivers/CAN/frtos_can.o
 .debug_macro   0x00000000      0x166 Drivers/CAN/frtos_can.o
 .debug_macro   0x00000000       0x10 Drivers/CAN/frtos_can.o
 .debug_macro   0x00000000      0x299 Drivers/CAN/frtos_can.o
 .debug_macro   0x00000000       0x9e Drivers/CAN/frtos_can.o
 .debug_macro   0x00000000     0x1dbe Drivers/CAN/frtos_can.o
 .debug_macro   0x00000000      0x156 Drivers/CAN/frtos_can.o
 .debug_macro   0x00000000       0xbd Drivers/CAN/frtos_can.o
 .debug_macro   0x00000000       0x34 Drivers/CAN/frtos_can.o
 .debug_macro   0x00000000       0x18 Drivers/CAN/frtos_can.o
 .debug_macro   0x00000000       0x6c Drivers/CAN/frtos_can.o
 .debug_macro   0x00000000       0x88 Drivers/CAN/frtos_can.o
 .debug_macro   0x00000000      0x15d Drivers/CAN/frtos_can.o
 .debug_macro   0x00000000       0x83 Drivers/CAN/frtos_can.o
 .debug_macro   0x00000000       0x10 Drivers/CAN/frtos_can.o
 .debug_macro   0x00000000       0x1f Drivers/CAN/frtos_can.o
 .debug_macro   0x00000000      0x43a Drivers/CAN/frtos_can.o
 .debug_macro   0x00000000       0xb0 Drivers/CAN/frtos_can.o
 .debug_macro   0x00000000       0xc0 Drivers/CAN/frtos_can.o
 .debug_macro   0x00000000       0x9a Drivers/CAN/frtos_can.o
 .debug_macro   0x00000000       0x1c Drivers/CAN/frtos_can.o
 .debug_macro   0x00000000       0x66 Drivers/CAN/frtos_can.o
 .group         0x00000000        0x8 main.o
 .group         0x00000000        0x8 main.o
 .group         0x00000000        0x8 main.o
 .group         0x00000000        0x8 main.o
 .group         0x00000000        0x8 main.o
 .group         0x00000000        0x8 main.o
 .group         0x00000000        0x8 main.o
 .group         0x00000000        0x8 main.o
 .group         0x00000000        0x8 main.o
 .group         0x00000000        0x8 main.o
 .group         0x00000000        0x8 main.o
 .group         0x00000000        0x8 main.o
 .group         0x00000000        0x8 main.o
 .group         0x00000000        0x8 main.o
 .group         0x00000000        0x8 main.o
 .group         0x00000000        0x8 main.o
 .group         0x00000000        0x8 main.o
 .group         0x00000000        0x8 main.o
 .group         0x00000000        0x8 main.o
 .group         0x00000000        0x8 main.o
 .group         0x00000000        0x8 main.o
 .group         0x00000000        0x8 main.o
 .group         0x00000000        0x8 main.o
 .group         0x00000000        0x8 main.o
 .group         0x00000000        0x8 main.o
 .group         0x00000000        0x8 main.o
 .group         0x00000000        0x8 main.o
 .group         0x00000000        0x8 main.o
 .group         0x00000000        0x8 main.o
 .group         0x00000000        0x8 main.o
 .group         0x00000000        0x8 main.o
 .debug_macro   0x00000000      0xa4e main.o
 .debug_macro   0x00000000       0x10 main.o
 .debug_macro   0x00000000      0x1ad main.o
 .debug_macro   0x00000000      0x293 main.o
 .debug_macro   0x00000000       0x9e main.o
 .debug_macro   0x00000000     0x1dbe main.o
 .debug_macro   0x00000000      0x156 main.o
 .debug_macro   0x00000000       0xbd main.o
 .debug_macro   0x00000000       0x34 main.o
 .debug_macro   0x00000000       0x18 main.o
 .debug_macro   0x00000000       0x6c main.o
 .debug_macro   0x00000000      0x15d main.o
 .debug_macro   0x00000000       0x83 main.o
 .debug_macro   0x00000000       0x10 main.o
 .debug_macro   0x00000000       0x1f main.o
 .debug_macro   0x00000000      0x43a main.o
 .debug_macro   0x00000000       0xc0 main.o
 .debug_macro   0x00000000       0x9a main.o
 .debug_macro   0x00000000       0x22 main.o
 .debug_macro   0x00000000       0x1c main.o
 .debug_macro   0x00000000       0xb0 main.o
 .debug_macro   0x00000000       0x10 main.o
 .group         0x00000000        0x8 Source/list.o
 .group         0x00000000        0x8 Source/list.o
 .group         0x00000000        0x8 Source/list.o
 .group         0x00000000        0x8 Source/list.o
 .group         0x00000000        0x8 Source/list.o
 .group         0x00000000        0x8 Source/list.o
 .group         0x00000000        0x8 Source/list.o
 .group         0x00000000        0x8 Source/list.o
 .group         0x00000000        0x8 Source/list.o
 .group         0x00000000        0x8 Source/list.o
 .group         0x00000000        0x8 Source/list.o
 .group         0x00000000        0x8 Source/list.o
 .group         0x00000000        0x8 Source/list.o
 .group         0x00000000        0x8 Source/list.o
 .group         0x00000000        0x8 Source/list.o
 .group         0x00000000        0x8 Source/list.o
 .group         0x00000000        0x8 Source/list.o
 .group         0x00000000        0x8 Source/list.o
 .group         0x00000000        0x8 Source/list.o
 .group         0x00000000        0x8 Source/list.o
 .group         0x00000000        0x8 Source/list.o
 .group         0x00000000        0x8 Source/list.o
 .debug_macro   0x00000000      0xa4e Source/list.o
 .debug_macro   0x00000000       0x1c Source/list.o
 .debug_macro   0x00000000      0x10e Source/list.o
 .debug_macro   0x00000000       0x66 Source/list.o
 .debug_macro   0x00000000      0x1ad Source/list.o
 .debug_macro   0x00000000       0x10 Source/list.o
 .debug_macro   0x00000000      0x299 Source/list.o
 .debug_macro   0x00000000       0x9e Source/list.o
 .debug_macro   0x00000000     0x1dbe Source/list.o
 .debug_macro   0x00000000      0x156 Source/list.o
 .debug_macro   0x00000000       0xbd Source/list.o
 .debug_macro   0x00000000       0x34 Source/list.o
 .debug_macro   0x00000000       0x18 Source/list.o
 .debug_macro   0x00000000       0x6c Source/list.o
 .debug_macro   0x00000000       0x88 Source/list.o
 .debug_macro   0x00000000      0x15d Source/list.o
 .debug_macro   0x00000000       0x83 Source/list.o
 .debug_macro   0x00000000       0x10 Source/list.o
 .debug_macro   0x00000000       0x1f Source/list.o
 .debug_macro   0x00000000      0x43a Source/list.o
 .debug_macro   0x00000000       0xc0 Source/list.o
 .group         0x00000000        0x8 Source/portable/GCC/ATmega64c1/port.o
 .group         0x00000000        0x8 Source/portable/GCC/ATmega64c1/port.o
 .group         0x00000000        0x8 Source/portable/GCC/ATmega64c1/port.o
 .group         0x00000000        0x8 Source/portable/GCC/ATmega64c1/port.o
 .group         0x00000000        0x8 Source/portable/GCC/ATmega64c1/port.o
 .group         0x00000000        0x8 Source/portable/GCC/ATmega64c1/port.o
 .group         0x00000000        0x8 Source/portable/GCC/ATmega64c1/port.o
 .group         0x00000000        0x8 Source/portable/GCC/ATmega64c1/port.o
 .group         0x00000000        0x8 Source/portable/GCC/ATmega64c1/port.o
 .group         0x00000000        0x8 Source/portable/GCC/ATmega64c1/port.o
 .group         0x00000000        0x8 Source/portable/GCC/ATmega64c1/port.o
 .group         0x00000000        0x8 Source/portable/GCC/ATmega64c1/port.o
 .group         0x00000000        0x8 Source/portable/GCC/ATmega64c1/port.o
 .group         0x00000000        0x8 Source/portable/GCC/ATmega64c1/port.o
 .group         0x00000000        0x8 Source/portable/GCC/ATmega64c1/port.o
 .group         0x00000000        0x8 Source/portable/GCC/ATmega64c1/port.o
 .group         0x00000000        0x8 Source/portable/GCC/ATmega64c1/port.o
 .group         0x00000000        0x8 Source/portable/GCC/ATmega64c1/port.o
 .group         0x00000000        0x8 Source/portable/GCC/ATmega64c1/port.o
 .group         0x00000000        0x8 Source/portable/GCC/ATmega64c1/port.o
 .group         0x00000000        0x8 Source/portable/GCC/ATmega64c1/port.o
 .group         0x00000000        0x8 Source/portable/GCC/ATmega64c1/port.o
 .group         0x00000000        0x8 Source/portable/GCC/ATmega64c1/port.o
 .group         0x00000000        0x8 Source/portable/GCC/ATmega64c1/port.o
 .debug_macro   0x00000000      0xa4e Source/portable/GCC/ATmega64c1/port.o
 .debug_macro   0x00000000       0x1c Source/portable/GCC/ATmega64c1/port.o
 .debug_macro   0x00000000      0x10e Source/portable/GCC/ATmega64c1/port.o
 .debug_macro   0x00000000       0x66 Source/portable/GCC/ATmega64c1/port.o
 .debug_macro   0x00000000       0x10 Source/portable/GCC/ATmega64c1/port.o
 .debug_macro   0x00000000      0x1ad Source/portable/GCC/ATmega64c1/port.o
 .debug_macro   0x00000000      0x293 Source/portable/GCC/ATmega64c1/port.o
 .debug_macro   0x00000000       0x9e Source/portable/GCC/ATmega64c1/port.o
 .debug_macro   0x00000000     0x1dbe Source/portable/GCC/ATmega64c1/port.o
 .debug_macro   0x00000000      0x156 Source/portable/GCC/ATmega64c1/port.o
 .debug_macro   0x00000000       0xbd Source/portable/GCC/ATmega64c1/port.o
 .debug_macro   0x00000000       0x34 Source/portable/GCC/ATmega64c1/port.o
 .debug_macro   0x00000000       0x18 Source/portable/GCC/ATmega64c1/port.o
 .debug_macro   0x00000000       0x6c Source/portable/GCC/ATmega64c1/port.o
 .debug_macro   0x00000000       0x63 Source/portable/GCC/ATmega64c1/port.o
 .debug_macro   0x00000000       0x7f Source/portable/GCC/ATmega64c1/port.o
 .debug_macro   0x00000000       0x8e Source/portable/GCC/ATmega64c1/port.o
 .debug_macro   0x00000000      0x15d Source/portable/GCC/ATmega64c1/port.o
 .debug_macro   0x00000000       0x83 Source/portable/GCC/ATmega64c1/port.o
 .debug_macro   0x00000000       0x10 Source/portable/GCC/ATmega64c1/port.o
 .debug_macro   0x00000000       0x1f Source/portable/GCC/ATmega64c1/port.o
 .debug_macro   0x00000000      0x43a Source/portable/GCC/ATmega64c1/port.o
 .debug_macro   0x00000000       0xc0 Source/portable/GCC/ATmega64c1/port.o
 .debug_macro   0x00000000       0x9a Source/portable/GCC/ATmega64c1/port.o
 .group         0x00000000        0x8 Source/portable/MemMang/heap_1.o
 .group         0x00000000        0x8 Source/portable/MemMang/heap_1.o
 .group         0x00000000        0x8 Source/portable/MemMang/heap_1.o
 .group         0x00000000        0x8 Source/portable/MemMang/heap_1.o
 .group         0x00000000        0x8 Source/portable/MemMang/heap_1.o
 .group         0x00000000        0x8 Source/portable/MemMang/heap_1.o
 .group         0x00000000        0x8 Source/portable/MemMang/heap_1.o
 .group         0x00000000        0x8 Source/portable/MemMang/heap_1.o
 .group         0x00000000        0x8 Source/portable/MemMang/heap_1.o
 .group         0x00000000        0x8 Source/portable/MemMang/heap_1.o
 .group         0x00000000        0x8 Source/portable/MemMang/heap_1.o
 .group         0x00000000        0x8 Source/portable/MemMang/heap_1.o
 .group         0x00000000        0x8 Source/portable/MemMang/heap_1.o
 .group         0x00000000        0x8 Source/portable/MemMang/heap_1.o
 .group         0x00000000        0x8 Source/portable/MemMang/heap_1.o
 .group         0x00000000        0x8 Source/portable/MemMang/heap_1.o
 .group         0x00000000        0x8 Source/portable/MemMang/heap_1.o
 .group         0x00000000        0x8 Source/portable/MemMang/heap_1.o
 .group         0x00000000        0x8 Source/portable/MemMang/heap_1.o
 .group         0x00000000        0x8 Source/portable/MemMang/heap_1.o
 .group         0x00000000        0x8 Source/portable/MemMang/heap_1.o
 .group         0x00000000        0x8 Source/portable/MemMang/heap_1.o
 .group         0x00000000        0x8 Source/portable/MemMang/heap_1.o
 .debug_macro   0x00000000      0xa4e Source/portable/MemMang/heap_1.o
 .debug_macro   0x00000000       0x1c Source/portable/MemMang/heap_1.o
 .debug_macro   0x00000000      0x10e Source/portable/MemMang/heap_1.o
 .debug_macro   0x00000000       0x66 Source/portable/MemMang/heap_1.o
 .debug_macro   0x00000000       0x7f Source/portable/MemMang/heap_1.o
 .debug_macro   0x00000000      0x1ad Source/portable/MemMang/heap_1.o
 .debug_macro   0x00000000       0x10 Source/portable/MemMang/heap_1.o
 .debug_macro   0x00000000      0x299 Source/portable/MemMang/heap_1.o
 .debug_macro   0x00000000       0x9e Source/portable/MemMang/heap_1.o
 .debug_macro   0x00000000     0x1dbe Source/portable/MemMang/heap_1.o
 .debug_macro   0x00000000      0x156 Source/portable/MemMang/heap_1.o
 .debug_macro   0x00000000       0xbd Source/portable/MemMang/heap_1.o
 .debug_macro   0x00000000       0x34 Source/portable/MemMang/heap_1.o
 .debug_macro   0x00000000       0x18 Source/portable/MemMang/heap_1.o
 .debug_macro   0x00000000       0x6c Source/portable/MemMang/heap_1.o
 .debug_macro   0x00000000       0x88 Source/portable/MemMang/heap_1.o
 .debug_macro   0x00000000      0x15d Source/portable/MemMang/heap_1.o
 .debug_macro   0x00000000       0x83 Source/portable/MemMang/heap_1.o
 .debug_macro   0x00000000       0x10 Source/portable/MemMang/heap_1.o
 .debug_macro   0x00000000       0x1f Source/portable/MemMang/heap_1.o
 .debug_macro   0x00000000      0x43a Source/portable/MemMang/heap_1.o
 .debug_macro   0x00000000       0xc0 Source/portable/MemMang/heap_1.o
 .debug_macro   0x00000000       0x9a Source/portable/MemMang/heap_1.o
 .group         0x00000000        0x8 Source/queue.o
 .group         0x00000000        0x8 Source/queue.o
 .group         0x00000000        0x8 Source/queue.o
 .group         0x00000000        0x8 Source/queue.o
 .group         0x00000000        0x8 Source/queue.o
 .group         0x00000000        0x8 Source/queue.o
 .group         0x00000000        0x8 Source/queue.o
 .group         0x00000000        0x8 Source/queue.o
 .group         0x00000000        0x8 Source/queue.o
 .group         0x00000000        0x8 Source/queue.o
 .group         0x00000000        0x8 Source/queue.o
 .group         0x00000000        0x8 Source/queue.o
 .group         0x00000000        0x8 Source/queue.o
 .group         0x00000000        0x8 Source/queue.o
 .group         0x00000000        0x8 Source/queue.o
 .group         0x00000000        0x8 Source/queue.o
 .group         0x00000000        0x8 Source/queue.o
 .group         0x00000000        0x8 Source/queue.o
 .group         0x00000000        0x8 Source/queue.o
 .group         0x00000000        0x8 Source/queue.o
 .group         0x00000000        0x8 Source/queue.o
 .group         0x00000000        0x8 Source/queue.o
 .group         0x00000000        0x8 Source/queue.o
 .group         0x00000000        0x8 Source/queue.o
 .group         0x00000000        0x8 Source/queue.o
 .group         0x00000000        0x8 Source/queue.o
 .debug_macro   0x00000000      0xa4e Source/queue.o
 .debug_macro   0x00000000       0x1c Source/queue.o
 .debug_macro   0x00000000      0x10e Source/queue.o
 .debug_macro   0x00000000       0x66 Source/queue.o
 .debug_macro   0x00000000       0x7f Source/queue.o
 .debug_macro   0x00000000      0x1ad Source/queue.o
 .debug_macro   0x00000000       0x10 Source/queue.o
 .debug_macro   0x00000000      0x299 Source/queue.o
 .debug_macro   0x00000000       0x9e Source/queue.o
 .debug_macro   0x00000000     0x1dbe Source/queue.o
 .debug_macro   0x00000000      0x156 Source/queue.o
 .debug_macro   0x00000000       0xbd Source/queue.o
 .debug_macro   0x00000000       0x34 Source/queue.o
 .debug_macro   0x00000000       0x18 Source/queue.o
 .debug_macro   0x00000000       0x6c Source/queue.o
 .debug_macro   0x00000000       0x88 Source/queue.o
 .debug_macro   0x00000000      0x15d Source/queue.o
 .debug_macro   0x00000000       0x83 Source/queue.o
 .debug_macro   0x00000000       0x10 Source/queue.o
 .debug_macro   0x00000000       0x1f Source/queue.o
 .debug_macro   0x00000000      0x43a Source/queue.o
 .debug_macro   0x00000000       0xc0 Source/queue.o
 .debug_macro   0x00000000       0x9a Source/queue.o
 .debug_macro   0x00000000       0xb0 Source/queue.o
 .group         0x00000000        0x8 Source/tasks.o
 .group         0x00000000        0x8 Source/tasks.o
 .group         0x00000000        0x8 Source/tasks.o
 .group         0x00000000        0x8 Source/tasks.o
 .group         0x00000000        0x8 Source/tasks.o
 .group         0x00000000        0x8 Source/tasks.o
 .group         0x00000000        0x8 Source/tasks.o
 .group         0x00000000        0x8 Source/tasks.o
 .group         0x00000000        0x8 Source/tasks.o
 .group         0x00000000        0x8 Source/tasks.o
 .group         0x00000000        0x8 Source/tasks.o
 .group         0x00000000        0x8 Source/tasks.o
 .group         0x00000000        0x8 Source/tasks.o
 .group         0x00000000        0x8 Source/tasks.o
 .group         0x00000000        0x8 Source/tasks.o
 .group         0x00000000        0x8 Source/tasks.o
 .group         0x00000000        0x8 Source/tasks.o
 .group         0x00000000        0x8 Source/tasks.o
 .group         0x00000000        0x8 Source/tasks.o
 .group         0x00000000        0x8 Source/tasks.o
 .group         0x00000000        0x8 Source/tasks.o
 .group         0x00000000        0x8 Source/tasks.o
 .group         0x00000000        0x8 Source/tasks.o
 .group         0x00000000        0x8 Source/tasks.o
 .group         0x00000000        0x8 Source/tasks.o
 .group         0x00000000        0x8 Source/tasks.o
 .group         0x00000000        0x8 Source/tasks.o
 .debug_macro   0x00000000      0xa4e Source/tasks.o
 .debug_macro   0x00000000       0x1c Source/tasks.o
 .debug_macro   0x00000000      0x10e Source/tasks.o
 .debug_macro   0x00000000       0x66 Source/tasks.o
 .debug_macro   0x00000000       0x16 Source/tasks.o
 .debug_macro   0x00000000       0x20 Source/tasks.o
 .debug_macro   0x00000000       0x7f Source/tasks.o
 .debug_macro   0x00000000      0x1ad Source/tasks.o
 .debug_macro   0x00000000       0x10 Source/tasks.o
 .debug_macro   0x00000000      0x299 Source/tasks.o
 .debug_macro   0x00000000       0x9e Source/tasks.o
 .debug_macro   0x00000000     0x1dbe Source/tasks.o
 .debug_macro   0x00000000      0x156 Source/tasks.o
 .debug_macro   0x00000000       0xbd Source/tasks.o
 .debug_macro   0x00000000       0x34 Source/tasks.o
 .debug_macro   0x00000000       0x18 Source/tasks.o
 .debug_macro   0x00000000       0x6c Source/tasks.o
 .debug_macro   0x00000000       0x88 Source/tasks.o
 .debug_macro   0x00000000      0x15d Source/tasks.o
 .debug_macro   0x00000000       0x83 Source/tasks.o
 .debug_macro   0x00000000       0x10 Source/tasks.o
 .debug_macro   0x00000000       0x1f Source/tasks.o
 .debug_macro   0x00000000      0x43a Source/tasks.o
 .debug_macro   0x00000000       0xc0 Source/tasks.o
 .debug_macro   0x00000000       0x9a Source/tasks.o
 .group         0x00000000        0x8 node_tasks.o
 .group         0x00000000        0x8 node_tasks.o
 .group         0x00000000        0x8 node_tasks.o
 .group         0x00000000        0x8 node_tasks.o
 .group         0x00000000        0x8 node_tasks.o
 .group         0x00000000        0x8 node_tasks.o
 .group         0x00000000        0x8 node_tasks.o
 .group         0x00000000        0x8 node_tasks.o
 .group         0x00000000        0x8 node_tasks.o
 .group         0x00000000        0x8 node_tasks.o
 .group         0x00000000        0x8 node_tasks.o
 .group         0x00000000        0x8 node_tasks.o
 .group         0x00000000        0x8 node_tasks.o
 .group         0x00000000        0x8 node_tasks.o
 .group         0x00000000        0x8 node_tasks.o
 .group         0x00000000        0x8 node_tasks.o
 .group         0x00000000        0x8 node_tasks.o
 .group         0x00000000        0x8 node_tasks.o
 .group         0x00000000        0x8 node_tasks.o
 .group         0x00000000        0x8 node_tasks.o
 .group         0x00000000        0x8 node_tasks.o
 .group         0x00000000        0x8 node_tasks.o
 .group         0x00000000        0x8 node_tasks.o
 .group         0x00000000        0x8 node_tasks.o
 .group         0x00000000        0x8 node_tasks.o
 .group         0x00000000        0x8 node_tasks.o
 .group         0x00000000        0x8 node_tasks.o
 .group         0x00000000        0x8 node_tasks.o
 .group         0x00000000        0x8 node_tasks.o
 .group         0x00000000        0x8 node_tasks.o
 .group         0x00000000        0x8 node_tasks.o
 .group         0x00000000        0x8 node_tasks.o
 .group         0x00000000        0x8 node_tasks.o
 .group         0x00000000        0x8 node_tasks.o
 .group         0x00000000        0x8 node_tasks.o
 .debug_macro   0x00000000      0xa4e node_tasks.o
 .debug_macro   0x00000000       0x10 node_tasks.o
 .debug_macro   0x00000000      0x1ad node_tasks.o
 .debug_macro   0x00000000      0x293 node_tasks.o
 .debug_macro   0x00000000       0x9e node_tasks.o
 .debug_macro   0x00000000     0x1dbe node_tasks.o
 .debug_macro   0x00000000      0x156 node_tasks.o
 .debug_macro   0x00000000       0xbd node_tasks.o
 .debug_macro   0x00000000       0x34 node_tasks.o
 .debug_macro   0x00000000       0x18 node_tasks.o
 .debug_macro   0x00000000       0x6c node_tasks.o
 .debug_macro   0x00000000       0x16 node_tasks.o
 .debug_macro   0x00000000       0x97 node_tasks.o
 .debug_macro   0x00000000       0x22 node_tasks.o
 .debug_macro   0x00000000       0xef node_tasks.o
 .debug_macro   0x00000000       0x8e node_tasks.o
 .debug_macro   0x00000000      0x15d node_tasks.o
 .debug_macro   0x00000000       0x83 node_tasks.o
 .debug_macro   0x00000000       0x10 node_tasks.o
 .debug_macro   0x00000000       0x1f node_tasks.o
 .debug_macro   0x00000000      0x43a node_tasks.o
 .debug_macro   0x00000000       0xc0 node_tasks.o
 .debug_macro   0x00000000       0x9a node_tasks.o
 .debug_macro   0x00000000       0x1c node_tasks.o
 .debug_macro   0x00000000       0x2e node_tasks.o
 .debug_macro   0x00000000       0xb0 node_tasks.o
 .debug_macro   0x00000000       0x28 node_tasks.o
 .debug_macro   0x00000000      0x118 node_tasks.o
 .debug_macro   0x00000000       0x1c node_tasks.o
 .debug_macro   0x00000000       0x35 node_tasks.o

Memory Configuration

Name             Origin             Length             Attributes
text             0x00000000         0x00020000         xr
data             0x00800060         0x0000ffa0         rw !x
eeprom           0x00810000         0x00010000         rw !x
fuse             0x00820000         0x00000400         rw !x
lock             0x00830000         0x00000400         rw !x
signature        0x00840000         0x00000400         rw !x
user_signatures  0x00850000         0x00000400         rw !x
*default*        0x00000000         0xffffffff

Linker script and memory map

Address of section .data set to 0x800100
LOAD C:/Program Files (x86)/Atmel/Studio/7.0/Packs/atmel/ATmega_DFP/1.0.90/gcc/dev/atmega64c1/avr5/crtatmega64c1.o
LOAD Config/can_callbacks.o
LOAD Drivers/CAN/can.o
LOAD Drivers/CAN/frtos_can.o
LOAD main.o
LOAD Source/list.o
LOAD Source/portable/GCC/ATmega64c1/port.o
LOAD Source/portable/MemMang/heap_1.o
LOAD Source/queue.o
LOAD Source/tasks.o
LOAD node_tasks.o
START GROUP
LOAD c:/program files (x86)/atmel/studio/7.0/toolchain/avr8/avr8-gnu-toolchain/bin/../lib/gcc/avr/4.9.2/../../../../avr/lib/avr5\libm.a
LOAD C:\Users\shep\git\firmware\GLV\Library\Library\Release\libCMRLibrary.a
END GROUP
START GROUP
LOAD c:/program files (x86)/atmel/studio/7.0/toolchain/avr8/avr8-gnu-toolchain/bin/../lib/gcc/avr/4.9.2/avr5\libgcc.a
LOAD c:/program files (x86)/atmel/studio/7.0/toolchain/avr8/avr8-gnu-toolchain/bin/../lib/gcc/avr/4.9.2/../../../../avr/lib/avr5\libm.a
LOAD c:/program files (x86)/atmel/studio/7.0/toolchain/avr8/avr8-gnu-toolchain/bin/../lib/gcc/avr/4.9.2/../../../../avr/lib/avr5\libc.a
LOAD C:/Program Files (x86)/Atmel/Studio/7.0/Packs/atmel/ATmega_DFP/1.0.90/gcc/dev/atmega64c1/avr5\libatmega64c1.a
END GROUP

.hash
 *(.hash)

.dynsym
 *(.dynsym)

.dynstr
 *(.dynstr)

.gnu.version
 *(.gnu.version)

.gnu.version_d
 *(.gnu.version_d)

.gnu.version_r
 *(.gnu.version_r)

.rel.init
 *(.rel.init)

.rela.init
 *(.rela.init)

.rel.text
 *(.rel.text)
 *(.rel.text.*)
 *(.rel.gnu.linkonce.t*)

.rela.text
 *(.rela.text)
 *(.rela.text.*)
 *(.rela.gnu.linkonce.t*)

.rel.fini
 *(.rel.fini)

.rela.fini
 *(.rela.fini)

.rel.rodata
 *(.rel.rodata)
 *(.rel.rodata.*)
 *(.rel.gnu.linkonce.r*)

.rela.rodata
 *(.rela.rodata)
 *(.rela.rodata.*)
 *(.rela.gnu.linkonce.r*)

.rel.data
 *(.rel.data)
 *(.rel.data.*)
 *(.rel.gnu.linkonce.d*)

.rela.data
 *(.rela.data)
 *(.rela.data.*)
 *(.rela.gnu.linkonce.d*)

.rel.ctors
 *(.rel.ctors)

.rela.ctors
 *(.rela.ctors)

.rel.dtors
 *(.rel.dtors)

.rela.dtors
 *(.rela.dtors)

.rel.got
 *(.rel.got)

.rela.got
 *(.rela.got)

.rel.bss
 *(.rel.bss)

.rela.bss
 *(.rela.bss)

.rel.plt
 *(.rel.plt)

.rela.plt
 *(.rela.plt)

.text           0x00000000     0x2b2e
 *(.vectors)
 .vectors       0x00000000       0x7c C:/Program Files (x86)/Atmel/Studio/7.0/Packs/atmel/ATmega_DFP/1.0.90/gcc/dev/atmega64c1/avr5/crtatmega64c1.o
                0x00000000                __vector_default
                0x00000000                __vectors
 *(.vectors)
 *(.progmem.gcc*)
                0x0000007c                . = ALIGN (0x2)
                0x0000007c                __trampolines_start = .
 *(.trampolines)
 .trampolines   0x0000007c        0x0 linker stubs
 *(.trampolines*)
                0x0000007c                __trampolines_end = .
 *(.progmem*)
                0x0000007c                . = ALIGN (0x2)
 *(.jumptables)
 *(.jumptables*)
 *(.lowtext)
 *(.lowtext*)
                0x0000007c                __ctors_start = .
 *(.ctors)
                0x0000007c                __ctors_end = .
                0x0000007c                __dtors_start = .
 *(.dtors)
                0x0000007c                __dtors_end = .
 SORT(*)(.ctors)
 SORT(*)(.dtors)
 *(.init0)
 .init0         0x0000007c        0x0 C:/Program Files (x86)/Atmel/Studio/7.0/Packs/atmel/ATmega_DFP/1.0.90/gcc/dev/atmega64c1/avr5/crtatmega64c1.o
                0x0000007c                __init
 *(.init0)
 *(.init1)
 *(.init1)
 *(.init2)
 .init2         0x0000007c        0xc C:/Program Files (x86)/Atmel/Studio/7.0/Packs/atmel/ATmega_DFP/1.0.90/gcc/dev/atmega64c1/avr5/crtatmega64c1.o
 *(.init2)
 *(.init3)
 *(.init3)
 *(.init4)
 .init4         0x00000088       0x16 c:/program files (x86)/atmel/studio/7.0/toolchain/avr8/avr8-gnu-toolchain/bin/../lib/gcc/avr/4.9.2/avr5\libgcc.a(_copy_data.o)
                0x00000088                __do_copy_data
 .init4         0x0000009e       0x10 c:/program files (x86)/atmel/studio/7.0/toolchain/avr8/avr8-gnu-toolchain/bin/../lib/gcc/avr/4.9.2/avr5\libgcc.a(_clear_bss.o)
                0x0000009e                __do_clear_bss
 *(.init4)
 *(.init5)
 *(.init5)
 *(.init6)
 *(.init6)
 *(.init7)
 *(.init7)
 *(.init8)
 *(.init8)
 *(.init9)
 .init9         0x000000ae        0x8 C:/Program Files (x86)/Atmel/Studio/7.0/Packs/atmel/ATmega_DFP/1.0.90/gcc/dev/atmega64c1/avr5/crtatmega64c1.o
 *(.init9)
 *(.text)
 .text          0x000000b6        0x4 C:/Program Files (x86)/Atmel/Studio/7.0/Packs/atmel/ATmega_DFP/1.0.90/gcc/dev/atmega64c1/avr5/crtatmega64c1.o
                0x000000b6                __vector_22
                0x000000b6                __vector_28
                0x000000b6                __vector_1
                0x000000b6                __vector_24
                0x000000b6                __bad_interrupt
                0x000000b6                __vector_6
                0x000000b6                __vector_3
                0x000000b6                __vector_23
                0x000000b6                __vector_30
                0x000000b6                __vector_25
                0x000000b6                __vector_11
                0x000000b6                __vector_13
                0x000000b6                __vector_17
                0x000000b6                __vector_19
                0x000000b6                __vector_7
                0x000000b6                __vector_27
                0x000000b6                __vector_5
                0x000000b6                __vector_4
                0x000000b6                __vector_9
                0x000000b6                __vector_2
                0x000000b6                __vector_21
                0x000000b6                __vector_15
                0x000000b6                __vector_29
                0x000000b6                __vector_8
                0x000000b6                __vector_26
                0x000000b6                __vector_14
                0x000000b6                __vector_10
                0x000000b6                __vector_16
                0x000000b6                __vector_20
 .text          0x000000ba      0x150 Config/can_callbacks.o
                0x000000ba                mb1_callback
                0x0000010e                mb2_callback
                0x00000162                mb3_callback
                0x000001b6                mb4_callback
 .text          0x0000020a      0x276 Drivers/CAN/can.o
                0x0000020a                __vector_18
                0x000002de                can_tx
                0x00000376                prepare_rx
                0x00000442                can_init
 .text          0x00000480      0x1a0 Drivers/CAN/frtos_can.o
                0x000004ea                can_dump_init
                0x00000504                xCANQueueCreate
                0x00000566                get_free_mob
                0x0000058a                can_send
 .text          0x00000620        0x0 main.o
 .text          0x00000620      0x11c Source/list.o
                0x00000620                vListInitialise
                0x0000063c                vListInitialiseItem
                0x00000644                vListInsertEnd
                0x00000686                vListInsert
                0x000006f6                uxListRemove
 .text          0x0000073c      0x2c6 Source/portable/GCC/ATmega64c1/port.o
                0x0000073c                pxPortInitialiseStack
                0x00000814                xPortStartScheduler
                0x00000890                vPortEndScheduler
                0x00000892                vPortYield
                0x00000944                vPortYieldFromTick
                0x000009fc                __vector_12
 .text          0x00000a02       0x82 Source/portable/MemMang/heap_1.o
                0x00000a02                pvPortMalloc
                0x00000a66                vPortFree
                0x00000a68                vPortInitialiseBlocks
                0x00000a72                xPortGetFreeHeapSize
 .text          0x00000a84      0x614 Source/queue.o
                0x00000bca                xQueueGenericReset
                0x00000c3e                xQueueGenericCreate
                0x00000ca6                xQueueGenericSend
                0x00000dda                xQueueGenericSendFromISR
                0x00000e36                xQueueGiveFromISR
                0x00000e80                xQueueGenericReceive
                0x00000fc8                xQueueReceiveFromISR
                0x00001022                xQueuePeekFromISR
                0x00001050                uxQueueMessagesWaiting
                0x00001060                uxQueueSpacesAvailable
                0x00001074                uxQueueMessagesWaitingFromISR
                0x0000107a                vQueueDelete
                0x0000107e                xQueueIsQueueEmptyFromISR
                0x0000108a                xQueueIsQueueFullFromISR
 .text          0x00001098     0x109e Source/tasks.o
                0x0000113e                xTaskGenericCreate
                0x0000133c                vTaskDelete
                0x000013ca                vTaskResume
                0x0000145a                xTaskResumeFromISR
                0x000014ea                vTaskStartScheduler
                0x0000155a                vTaskEndScheduler
                0x00001564                vTaskSuspendAll
                0x00001570                xTaskGetTickCount
                0x00001584                xTaskGetTickCountFromISR
                0x0000158e                uxTaskGetNumberOfTasks
                0x00001594                xTaskIncrementTick
                0x000016f2                xTaskResumeAll
                0x000017d2                vTaskDelayUntil
                0x00001848                vTaskDelay
                0x000018f2                vTaskSwitchContext
                0x0000198a                vTaskSuspend
                0x00001a2e                vTaskPlaceOnEventList
                0x00001a88                vTaskPlaceOnUnorderedEventList
                0x00001aee                xTaskRemoveFromEventList
                0x00001b6e                xTaskRemoveFromUnorderedEventList
                0x00001bd6                vTaskSetTimeOutState
                0x00001bec                xTaskCheckForTimeOut
                0x00001c50                vTaskMissedYield
                0x00001c58                uxTaskResetEventItemValue
                0x00001c86                ulTaskNotifyTake
                0x00001d6a                xTaskNotifyWait
                0x00001eb0                xTaskGenericNotify
                0x00001f82                xTaskGenericNotifyFromISR
                0x00002070                vTaskNotifyGiveFromISR
                0x0000210e                xTaskNotifyStateClear
 .text          0x00002136      0x1aa node_tasks.o
                0x00002136                vMCUStatusTask
                0x00002170                vHeartbeatTask
                0x000021e0                vCANSendTask
                0x000021e2                vCANReceiveTask
 .text          0x000022e0        0x0 C:\Users\shep\git\firmware\GLV\Library\Library\Release\libCMRLibrary.a(cmr_64c1_lib.o)
 .text          0x000022e0        0x0 c:/program files (x86)/atmel/studio/7.0/toolchain/avr8/avr8-gnu-toolchain/bin/../lib/gcc/avr/4.9.2/avr5\libgcc.a(_exit.o)
 .text          0x000022e0        0x0 c:/program files (x86)/atmel/studio/7.0/toolchain/avr8/avr8-gnu-toolchain/bin/../lib/gcc/avr/4.9.2/avr5\libgcc.a(_copy_data.o)
 .text          0x000022e0        0x0 c:/program files (x86)/atmel/studio/7.0/toolchain/avr8/avr8-gnu-toolchain/bin/../lib/gcc/avr/4.9.2/avr5\libgcc.a(_clear_bss.o)
 .text          0x000022e0        0x0 c:/program files (x86)/atmel/studio/7.0/toolchain/avr8/avr8-gnu-toolchain/bin/../lib/gcc/avr/4.9.2/../../../../avr/lib/avr5\libc.a(memcpy.o)
 .text          0x000022e0        0x0 c:/program files (x86)/atmel/studio/7.0/toolchain/avr8/avr8-gnu-toolchain/bin/../lib/gcc/avr/4.9.2/../../../../avr/lib/avr5\libc.a(sprintf.o)
 .text          0x000022e0        0x0 c:/program files (x86)/atmel/studio/7.0/toolchain/avr8/avr8-gnu-toolchain/bin/../lib/gcc/avr/4.9.2/../../../../avr/lib/avr5\libc.a(vfprintf_std.o)
 .text          0x000022e0        0x0 c:/program files (x86)/atmel/studio/7.0/toolchain/avr8/avr8-gnu-toolchain/bin/../lib/gcc/avr/4.9.2/../../../../avr/lib/avr5\libc.a(strnlen_P.o)
 .text          0x000022e0        0x0 c:/program files (x86)/atmel/studio/7.0/toolchain/avr8/avr8-gnu-toolchain/bin/../lib/gcc/avr/4.9.2/../../../../avr/lib/avr5\libc.a(strnlen.o)
 .text          0x000022e0        0x0 c:/program files (x86)/atmel/studio/7.0/toolchain/avr8/avr8-gnu-toolchain/bin/../lib/gcc/avr/4.9.2/../../../../avr/lib/avr5\libc.a(fputc.o)
 .text          0x000022e0        0x0 c:/program files (x86)/atmel/studio/7.0/toolchain/avr8/avr8-gnu-toolchain/bin/../lib/gcc/avr/4.9.2/../../../../avr/lib/avr5\libc.a(ultoa_invert.o)
 .text          0x000022e0        0x0 c:/program files (x86)/atmel/studio/7.0/toolchain/avr8/avr8-gnu-toolchain/bin/../lib/gcc/avr/4.9.2/avr5\libgcc.a(_prologue.o)
 .text          0x000022e0        0x0 c:/program files (x86)/atmel/studio/7.0/toolchain/avr8/avr8-gnu-toolchain/bin/../lib/gcc/avr/4.9.2/avr5\libgcc.a(_epilogue.o)
                0x000022e0                . = ALIGN (0x2)
 *(.text.*)
 .text.startup  0x000022e0      0x15a main.o
                0x000022e0                main
 .text.adc_read
                0x0000243a       0x32 C:\Users\shep\git\firmware\GLV\Library\Library\Release\libCMRLibrary.a(cmr_64c1_lib.o)
                0x0000243a                adc_read
 .text.config_io_pin
                0x0000246c       0x7e C:\Users\shep\git\firmware\GLV\Library\Library\Release\libCMRLibrary.a(cmr_64c1_lib.o)
                0x0000246c                config_io_pin
 .text.set_io_pin
                0x000024ea       0x7e C:\Users\shep\git\firmware\GLV\Library\Library\Release\libCMRLibrary.a(cmr_64c1_lib.o)
                0x000024ea                set_io_pin
 .text.libgcc.mul
                0x00002568        0x0 c:/program files (x86)/atmel/studio/7.0/toolchain/avr8/avr8-gnu-toolchain/bin/../lib/gcc/avr/4.9.2/avr5\libgcc.a(_exit.o)
 .text.libgcc.div
                0x00002568        0x0 c:/program files (x86)/atmel/studio/7.0/toolchain/avr8/avr8-gnu-toolchain/bin/../lib/gcc/avr/4.9.2/avr5\libgcc.a(_exit.o)
 .text.libgcc   0x00002568        0x0 c:/program files (x86)/atmel/studio/7.0/toolchain/avr8/avr8-gnu-toolchain/bin/../lib/gcc/avr/4.9.2/avr5\libgcc.a(_exit.o)
 .text.libgcc.prologue
                0x00002568        0x0 c:/program files (x86)/atmel/studio/7.0/toolchain/avr8/avr8-gnu-toolchain/bin/../lib/gcc/avr/4.9.2/avr5\libgcc.a(_exit.o)
 .text.libgcc.builtins
                0x00002568        0x0 c:/program files (x86)/atmel/studio/7.0/toolchain/avr8/avr8-gnu-toolchain/bin/../lib/gcc/avr/4.9.2/avr5\libgcc.a(_exit.o)
 .text.libgcc.fmul
                0x00002568        0x0 c:/program files (x86)/atmel/studio/7.0/toolchain/avr8/avr8-gnu-toolchain/bin/../lib/gcc/avr/4.9.2/avr5\libgcc.a(_exit.o)
 .text.libgcc.fixed
                0x00002568        0x0 c:/program files (x86)/atmel/studio/7.0/toolchain/avr8/avr8-gnu-toolchain/bin/../lib/gcc/avr/4.9.2/avr5\libgcc.a(_exit.o)
 .text.libgcc.mul
                0x00002568        0x0 c:/program files (x86)/atmel/studio/7.0/toolchain/avr8/avr8-gnu-toolchain/bin/../lib/gcc/avr/4.9.2/avr5\libgcc.a(_copy_data.o)
 .text.libgcc.div
                0x00002568        0x0 c:/program files (x86)/atmel/studio/7.0/toolchain/avr8/avr8-gnu-toolchain/bin/../lib/gcc/avr/4.9.2/avr5\libgcc.a(_copy_data.o)
 .text.libgcc   0x00002568        0x0 c:/program files (x86)/atmel/studio/7.0/toolchain/avr8/avr8-gnu-toolchain/bin/../lib/gcc/avr/4.9.2/avr5\libgcc.a(_copy_data.o)
 .text.libgcc.prologue
                0x00002568        0x0 c:/program files (x86)/atmel/studio/7.0/toolchain/avr8/avr8-gnu-toolchain/bin/../lib/gcc/avr/4.9.2/avr5\libgcc.a(_copy_data.o)
 .text.libgcc.builtins
                0x00002568        0x0 c:/program files (x86)/atmel/studio/7.0/toolchain/avr8/avr8-gnu-toolchain/bin/../lib/gcc/avr/4.9.2/avr5\libgcc.a(_copy_data.o)
 .text.libgcc.fmul
                0x00002568        0x0 c:/program files (x86)/atmel/studio/7.0/toolchain/avr8/avr8-gnu-toolchain/bin/../lib/gcc/avr/4.9.2/avr5\libgcc.a(_copy_data.o)
 .text.libgcc.fixed
                0x00002568        0x0 c:/program files (x86)/atmel/studio/7.0/toolchain/avr8/avr8-gnu-toolchain/bin/../lib/gcc/avr/4.9.2/avr5\libgcc.a(_copy_data.o)
 .text.libgcc.mul
                0x00002568        0x0 c:/program files (x86)/atmel/studio/7.0/toolchain/avr8/avr8-gnu-toolchain/bin/../lib/gcc/avr/4.9.2/avr5\libgcc.a(_clear_bss.o)
 .text.libgcc.div
                0x00002568        0x0 c:/program files (x86)/atmel/studio/7.0/toolchain/avr8/avr8-gnu-toolchain/bin/../lib/gcc/avr/4.9.2/avr5\libgcc.a(_clear_bss.o)
 .text.libgcc   0x00002568        0x0 c:/program files (x86)/atmel/studio/7.0/toolchain/avr8/avr8-gnu-toolchain/bin/../lib/gcc/avr/4.9.2/avr5\libgcc.a(_clear_bss.o)
 .text.libgcc.prologue
                0x00002568        0x0 c:/program files (x86)/atmel/studio/7.0/toolchain/avr8/avr8-gnu-toolchain/bin/../lib/gcc/avr/4.9.2/avr5\libgcc.a(_clear_bss.o)
 .text.libgcc.builtins
                0x00002568        0x0 c:/program files (x86)/atmel/studio/7.0/toolchain/avr8/avr8-gnu-toolchain/bin/../lib/gcc/avr/4.9.2/avr5\libgcc.a(_clear_bss.o)
 .text.libgcc.fmul
                0x00002568        0x0 c:/program files (x86)/atmel/studio/7.0/toolchain/avr8/avr8-gnu-toolchain/bin/../lib/gcc/avr/4.9.2/avr5\libgcc.a(_clear_bss.o)
 .text.libgcc.fixed
                0x00002568        0x0 c:/program files (x86)/atmel/studio/7.0/toolchain/avr8/avr8-gnu-toolchain/bin/../lib/gcc/avr/4.9.2/avr5\libgcc.a(_clear_bss.o)
 .text.avr-libc
                0x00002568       0x12 c:/program files (x86)/atmel/studio/7.0/toolchain/avr8/avr8-gnu-toolchain/bin/../lib/gcc/avr/4.9.2/../../../../avr/lib/avr5\libc.a(memcpy.o)
                0x00002568                memcpy
 .text.avr-libc
                0x0000257a       0x46 c:/program files (x86)/atmel/studio/7.0/toolchain/avr8/avr8-gnu-toolchain/bin/../lib/gcc/avr/4.9.2/../../../../avr/lib/avr5\libc.a(sprintf.o)
                0x0000257a                sprintf
 .text.avr-libc
                0x000025c0      0x3a4 c:/program files (x86)/atmel/studio/7.0/toolchain/avr8/avr8-gnu-toolchain/bin/../lib/gcc/avr/4.9.2/../../../../avr/lib/avr5\libc.a(vfprintf_std.o)
                0x000025c0                vfprintf
 .text.avr-libc
                0x00002964       0x16 c:/program files (x86)/atmel/studio/7.0/toolchain/avr8/avr8-gnu-toolchain/bin/../lib/gcc/avr/4.9.2/../../../../avr/lib/avr5\libc.a(strnlen_P.o)
                0x00002964                strnlen_P
 .text.avr-libc
                0x0000297a       0x16 c:/program files (x86)/atmel/studio/7.0/toolchain/avr8/avr8-gnu-toolchain/bin/../lib/gcc/avr/4.9.2/../../../../avr/lib/avr5\libc.a(strnlen.o)
                0x0000297a                strnlen
 .text.avr-libc
                0x00002990       0x70 c:/program files (x86)/atmel/studio/7.0/toolchain/avr8/avr8-gnu-toolchain/bin/../lib/gcc/avr/4.9.2/../../../../avr/lib/avr5\libc.a(fputc.o)
                0x00002990                fputc
 .text.avr-libc
                0x00002a00       0xbc c:/program files (x86)/atmel/studio/7.0/toolchain/avr8/avr8-gnu-toolchain/bin/../lib/gcc/avr/4.9.2/../../../../avr/lib/avr5\libc.a(ultoa_invert.o)
                0x00002a00                __ultoa_invert
 .text.libgcc.mul
                0x00002abc        0x0 c:/program files (x86)/atmel/studio/7.0/toolchain/avr8/avr8-gnu-toolchain/bin/../lib/gcc/avr/4.9.2/avr5\libgcc.a(_prologue.o)
 .text.libgcc.div
                0x00002abc        0x0 c:/program files (x86)/atmel/studio/7.0/toolchain/avr8/avr8-gnu-toolchain/bin/../lib/gcc/avr/4.9.2/avr5\libgcc.a(_prologue.o)
 .text.libgcc   0x00002abc        0x0 c:/program files (x86)/atmel/studio/7.0/toolchain/avr8/avr8-gnu-toolchain/bin/../lib/gcc/avr/4.9.2/avr5\libgcc.a(_prologue.o)
 .text.libgcc.prologue
                0x00002abc       0x38 c:/program files (x86)/atmel/studio/7.0/toolchain/avr8/avr8-gnu-toolchain/bin/../lib/gcc/avr/4.9.2/avr5\libgcc.a(_prologue.o)
                0x00002abc                __prologue_saves__
 .text.libgcc.builtins
                0x00002af4        0x0 c:/program files (x86)/atmel/studio/7.0/toolchain/avr8/avr8-gnu-toolchain/bin/../lib/gcc/avr/4.9.2/avr5\libgcc.a(_prologue.o)
 .text.libgcc.fmul
                0x00002af4        0x0 c:/program files (x86)/atmel/studio/7.0/toolchain/avr8/avr8-gnu-toolchain/bin/../lib/gcc/avr/4.9.2/avr5\libgcc.a(_prologue.o)
 .text.libgcc.fixed
                0x00002af4        0x0 c:/program files (x86)/atmel/studio/7.0/toolchain/avr8/avr8-gnu-toolchain/bin/../lib/gcc/avr/4.9.2/avr5\libgcc.a(_prologue.o)
 .text.libgcc.mul
                0x00002af4        0x0 c:/program files (x86)/atmel/studio/7.0/toolchain/avr8/avr8-gnu-toolchain/bin/../lib/gcc/avr/4.9.2/avr5\libgcc.a(_epilogue.o)
 .text.libgcc.div
                0x00002af4        0x0 c:/program files (x86)/atmel/studio/7.0/toolchain/avr8/avr8-gnu-toolchain/bin/../lib/gcc/avr/4.9.2/avr5\libgcc.a(_epilogue.o)
 .text.libgcc   0x00002af4        0x0 c:/program files (x86)/atmel/studio/7.0/toolchain/avr8/avr8-gnu-toolchain/bin/../lib/gcc/avr/4.9.2/avr5\libgcc.a(_epilogue.o)
 .text.libgcc.prologue
                0x00002af4       0x36 c:/program files (x86)/atmel/studio/7.0/toolchain/avr8/avr8-gnu-toolchain/bin/../lib/gcc/avr/4.9.2/avr5\libgcc.a(_epilogue.o)
                0x00002af4                __epilogue_restores__
 .text.libgcc.builtins
                0x00002b2a        0x0 c:/program files (x86)/atmel/studio/7.0/toolchain/avr8/avr8-gnu-toolchain/bin/../lib/gcc/avr/4.9.2/avr5\libgcc.a(_epilogue.o)
 .text.libgcc.fmul
                0x00002b2a        0x0 c:/program files (x86)/atmel/studio/7.0/toolchain/avr8/avr8-gnu-toolchain/bin/../lib/gcc/avr/4.9.2/avr5\libgcc.a(_epilogue.o)
 .text.libgcc.fixed
                0x00002b2a        0x0 c:/program files (x86)/atmel/studio/7.0/toolchain/avr8/avr8-gnu-toolchain/bin/../lib/gcc/avr/4.9.2/avr5\libgcc.a(_epilogue.o)
                0x00002b2a                . = ALIGN (0x2)
 *(.fini9)
 .fini9         0x00002b2a        0x0 c:/program files (x86)/atmel/studio/7.0/toolchain/avr8/avr8-gnu-toolchain/bin/../lib/gcc/avr/4.9.2/avr5\libgcc.a(_exit.o)
                0x00002b2a                _exit
                0x00002b2a                exit
 *(.fini9)
 *(.fini8)
 *(.fini8)
 *(.fini7)
 *(.fini7)
 *(.fini6)
 *(.fini6)
 *(.fini5)
 *(.fini5)
 *(.fini4)
 *(.fini4)
 *(.fini3)
 *(.fini3)
 *(.fini2)
 *(.fini2)
 *(.fini1)
 *(.fini1)
 *(.fini0)
 .fini0         0x00002b2a        0x4 c:/program files (x86)/atmel/studio/7.0/toolchain/avr8/avr8-gnu-toolchain/bin/../lib/gcc/avr/4.9.2/avr5\libgcc.a(_exit.o)
 *(.fini0)
                0x00002b2e                _etext = .

.data           0x00800100       0x6c load address 0x00002b2e
                0x00800100                PROVIDE (__data_start, .)
 *(.data)
 .data          0x00800100        0x0 C:/Program Files (x86)/Atmel/Studio/7.0/Packs/atmel/ATmega_DFP/1.0.90/gcc/dev/atmega64c1/avr5/crtatmega64c1.o
 .data          0x00800100        0x0 Config/can_callbacks.o
 .data          0x00800100        0x0 Drivers/CAN/can.o
 .data          0x00800100        0x0 Drivers/CAN/frtos_can.o
 .data          0x00800100       0x24 main.o
 .data          0x00800124        0x0 Source/list.o
 .data          0x00800124        0x0 Source/portable/GCC/ATmega64c1/port.o
 .data          0x00800124        0x0 Source/portable/MemMang/heap_1.o
 .data          0x00800124        0x0 Source/queue.o
 .data          0x00800124        0x0 Source/tasks.o
 .data          0x00800124       0x2f node_tasks.o
 .data          0x00800153        0x0 C:\Users\shep\git\firmware\GLV\Library\Library\Release\libCMRLibrary.a(cmr_64c1_lib.o)
 .data          0x00800153        0x0 c:/program files (x86)/atmel/studio/7.0/toolchain/avr8/avr8-gnu-toolchain/bin/../lib/gcc/avr/4.9.2/avr5\libgcc.a(_exit.o)
 .data          0x00800153        0x0 c:/program files (x86)/atmel/studio/7.0/toolchain/avr8/avr8-gnu-toolchain/bin/../lib/gcc/avr/4.9.2/avr5\libgcc.a(_copy_data.o)
 .data          0x00800153        0x0 c:/program files (x86)/atmel/studio/7.0/toolchain/avr8/avr8-gnu-toolchain/bin/../lib/gcc/avr/4.9.2/avr5\libgcc.a(_clear_bss.o)
 .data          0x00800153        0x0 c:/program files (x86)/atmel/studio/7.0/toolchain/avr8/avr8-gnu-toolchain/bin/../lib/gcc/avr/4.9.2/../../../../avr/lib/avr5\libc.a(memcpy.o)
 .data          0x00800153        0x0 c:/program files (x86)/atmel/studio/7.0/toolchain/avr8/avr8-gnu-toolchain/bin/../lib/gcc/avr/4.9.2/../../../../avr/lib/avr5\libc.a(sprintf.o)
 .data          0x00800153        0x0 c:/program files (x86)/atmel/studio/7.0/toolchain/avr8/avr8-gnu-toolchain/bin/../lib/gcc/avr/4.9.2/../../../../avr/lib/avr5\libc.a(vfprintf_std.o)
 .data          0x00800153        0x0 c:/program files (x86)/atmel/studio/7.0/toolchain/avr8/avr8-gnu-toolchain/bin/../lib/gcc/avr/4.9.2/../../../../avr/lib/avr5\libc.a(strnlen_P.o)
 .data          0x00800153        0x0 c:/program files (x86)/atmel/studio/7.0/toolchain/avr8/avr8-gnu-toolchain/bin/../lib/gcc/avr/4.9.2/../../../../avr/lib/avr5\libc.a(strnlen.o)
 .data          0x00800153        0x0 c:/program files (x86)/atmel/studio/7.0/toolchain/avr8/avr8-gnu-toolchain/bin/../lib/gcc/avr/4.9.2/../../../../avr/lib/avr5\libc.a(fputc.o)
 .data          0x00800153        0x0 c:/program files (x86)/atmel/studio/7.0/toolchain/avr8/avr8-gnu-toolchain/bin/../lib/gcc/avr/4.9.2/../../../../avr/lib/avr5\libc.a(ultoa_invert.o)
 .data          0x00800153        0x0 c:/program files (x86)/atmel/studio/7.0/toolchain/avr8/avr8-gnu-toolchain/bin/../lib/gcc/avr/4.9.2/avr5\libgcc.a(_prologue.o)
 .data          0x00800153        0x0 c:/program files (x86)/atmel/studio/7.0/toolchain/avr8/avr8-gnu-toolchain/bin/../lib/gcc/avr/4.9.2/avr5\libgcc.a(_epilogue.o)
 *(.data*)
 *(.rodata)
 *(.rodata*)
 .rodata.str1.1
                0x00800153       0x13 main.o
 .rodata.str1.1
                0x00800166        0x5 Source/tasks.o
 *(.gnu.linkonce.d*)
                0x0080016c                . = ALIGN (0x2)
 *fill*         0x0080016b        0x1 
                0x0080016c                _edata = .
                0x0080016c                PROVIDE (__data_end, .)

.bss            0x0080016c      0xe51
                0x0080016c                PROVIDE (__bss_start, .)
 *(.bss)
 .bss           0x0080016c        0x0 C:/Program Files (x86)/Atmel/Studio/7.0/Packs/atmel/ATmega_DFP/1.0.90/gcc/dev/atmega64c1/avr5/crtatmega64c1.o
 .bss           0x0080016c        0x0 Config/can_callbacks.o
 .bss           0x0080016c        0xb Drivers/CAN/can.o
 .bss           0x00800177        0x0 Drivers/CAN/frtos_can.o
 .bss           0x00800177        0x0 main.o
 .bss           0x00800177        0x0 Source/list.o
 .bss           0x00800177        0x0 Source/portable/GCC/ATmega64c1/port.o
 .bss           0x00800177      0xdb0 Source/portable/MemMang/heap_1.o
 .bss           0x00800f27        0x0 Source/queue.o
 .bss           0x00800f27       0x64 Source/tasks.o
                0x00800f27                pxCurrentTCB
 .bss           0x00800f8b        0x0 node_tasks.o
 .bss           0x00800f8b        0x0 C:\Users\shep\git\firmware\GLV\Library\Library\Release\libCMRLibrary.a(cmr_64c1_lib.o)
 .bss           0x00800f8b        0x0 c:/program files (x86)/atmel/studio/7.0/toolchain/avr8/avr8-gnu-toolchain/bin/../lib/gcc/avr/4.9.2/avr5\libgcc.a(_exit.o)
 .bss           0x00800f8b        0x0 c:/program files (x86)/atmel/studio/7.0/toolchain/avr8/avr8-gnu-toolchain/bin/../lib/gcc/avr/4.9.2/avr5\libgcc.a(_copy_data.o)
 .bss           0x00800f8b        0x0 c:/program files (x86)/atmel/studio/7.0/toolchain/avr8/avr8-gnu-toolchain/bin/../lib/gcc/avr/4.9.2/avr5\libgcc.a(_clear_bss.o)
 .bss           0x00800f8b        0x0 c:/program files (x86)/atmel/studio/7.0/toolchain/avr8/avr8-gnu-toolchain/bin/../lib/gcc/avr/4.9.2/../../../../avr/lib/avr5\libc.a(memcpy.o)
 .bss           0x00800f8b        0x0 c:/program files (x86)/atmel/studio/7.0/toolchain/avr8/avr8-gnu-toolchain/bin/../lib/gcc/avr/4.9.2/../../../../avr/lib/avr5\libc.a(sprintf.o)
 .bss           0x00800f8b        0x0 c:/program files (x86)/atmel/studio/7.0/toolchain/avr8/avr8-gnu-toolchain/bin/../lib/gcc/avr/4.9.2/../../../../avr/lib/avr5\libc.a(vfprintf_std.o)
 .bss           0x00800f8b        0x0 c:/program files (x86)/atmel/studio/7.0/toolchain/avr8/avr8-gnu-toolchain/bin/../lib/gcc/avr/4.9.2/../../../../avr/lib/avr5\libc.a(strnlen_P.o)
 .bss           0x00800f8b        0x0 c:/program files (x86)/atmel/studio/7.0/toolchain/avr8/avr8-gnu-toolchain/bin/../lib/gcc/avr/4.9.2/../../../../avr/lib/avr5\libc.a(strnlen.o)
 .bss           0x00800f8b        0x0 c:/program files (x86)/atmel/studio/7.0/toolchain/avr8/avr8-gnu-toolchain/bin/../lib/gcc/avr/4.9.2/../../../../avr/lib/avr5\libc.a(fputc.o)
 .bss           0x00800f8b        0x0 c:/program files (x86)/atmel/studio/7.0/toolchain/avr8/avr8-gnu-toolchain/bin/../lib/gcc/avr/4.9.2/../../../../avr/lib/avr5\libc.a(ultoa_invert.o)
 .bss           0x00800f8b        0x0 c:/program files (x86)/atmel/studio/7.0/toolchain/avr8/avr8-gnu-toolchain/bin/../lib/gcc/avr/4.9.2/avr5\libgcc.a(_prologue.o)
 .bss           0x00800f8b        0x0 c:/program files (x86)/atmel/studio/7.0/toolchain/avr8/avr8-gnu-toolchain/bin/../lib/gcc/avr/4.9.2/avr5\libgcc.a(_epilogue.o)
 *(.bss*)
 *(COMMON)
 COMMON         0x00800f8b        0xc Drivers/CAN/can.o
                0x00800f8b                canlist
 COMMON         0x00800f97        0xe Drivers/CAN/frtos_can.o
                0x00800f97                channels
                0x00800fa3                CANdumpQueue
 COMMON         0x00800fa5       0x18 main.o
                0x00800fa5                statuses
                0x00800fbd                PROVIDE (__bss_end, .)
                0x00002b2e                __data_load_start = LOADADDR (.data)
                0x00002b9a                __data_load_end = (__data_load_start + SIZEOF (.data))

.noinit         0x00800fbd        0x0
                0x00800fbd                PROVIDE (__noinit_start, .)
 *(.noinit*)
                0x00800fbd                PROVIDE (__noinit_end, .)
                0x00800fbd                _end = .
                0x00800fbd                PROVIDE (__heap_start, .)

.eeprom         0x00810000        0x0
 *(.eeprom*)
                0x00810000                __eeprom_end = .

.fuse
 *(.fuse)
 *(.lfuse)
 *(.hfuse)
 *(.efuse)

.lock
 *(.lock*)

.signature
 *(.signature*)

.user_signatures
 *(.user_signatures*)

.stab
 *(.stab)

.stabstr
 *(.stabstr)

.stab.excl
 *(.stab.excl)

.stab.exclstr
 *(.stab.exclstr)

.stab.index
 *(.stab.index)

.stab.indexstr
 *(.stab.indexstr)

.comment        0x00000000       0x5c
 *(.comment)
 .comment       0x00000000       0x30 Config/can_callbacks.o
                                 0x31 (size before relaxing)
 .comment       0x00000030       0x31 Drivers/CAN/can.o
 .comment       0x00000030       0x31 Drivers/CAN/frtos_can.o
 .comment       0x00000030       0x31 main.o
 .comment       0x00000030       0x31 Source/list.o
 .comment       0x00000030       0x31 Source/portable/GCC/ATmega64c1/port.o
 .comment       0x00000030       0x31 Source/portable/MemMang/heap_1.o
 .comment       0x00000030       0x31 Source/queue.o
 .comment       0x00000030       0x31 Source/tasks.o
 .comment       0x00000030       0x31 node_tasks.o
 .comment       0x00000030       0x31 C:\Users\shep\git\firmware\GLV\Library\Library\Release\libCMRLibrary.a(cmr_64c1_lib.o)
 .comment       0x00000030       0x31 c:/program files (x86)/atmel/studio/7.0/toolchain/avr8/avr8-gnu-toolchain/bin/../lib/gcc/avr/4.9.2/../../../../avr/lib/avr5\libc.a(sprintf.o)
 .comment       0x00000030       0x2c c:/program files (x86)/atmel/studio/7.0/toolchain/avr8/avr8-gnu-toolchain/bin/../lib/gcc/avr/4.9.2/../../../../avr/lib/avr5\libc.a(vfprintf_std.o)
                                 0x2d (size before relaxing)
 .comment       0x0000005c       0x31 c:/program files (x86)/atmel/studio/7.0/toolchain/avr8/avr8-gnu-toolchain/bin/../lib/gcc/avr/4.9.2/../../../../avr/lib/avr5\libc.a(fputc.o)

.note.gnu.avr.deviceinfo
                0x00000000       0x40
 .note.gnu.avr.deviceinfo
                0x00000000       0x40 C:/Program Files (x86)/Atmel/Studio/7.0/Packs/atmel/ATmega_DFP/1.0.90/gcc/dev/atmega64c1/avr5/crtatmega64c1.o

.note.gnu.build-id
 *(.note.gnu.build-id)

.debug
 *(.debug)

.line
 *(.line)

.debug_srcinfo
 *(.debug_srcinfo)

.debug_sfnames
 *(.debug_sfnames)

.debug_aranges  0x00000000      0x140
 *(.debug_aranges)
 .debug_aranges
                0x00000000       0x20 Config/can_callbacks.o
 .debug_aranges
                0x00000020       0x20 Drivers/CAN/can.o
 .debug_aranges
                0x00000040       0x20 Drivers/CAN/frtos_can.o
 .debug_aranges
                0x00000060       0x20 main.o
 .debug_aranges
                0x00000080       0x20 Source/list.o
 .debug_aranges
                0x000000a0       0x20 Source/portable/GCC/ATmega64c1/port.o
 .debug_aranges
                0x000000c0       0x20 Source/portable/MemMang/heap_1.o
 .debug_aranges
                0x000000e0       0x20 Source/queue.o
 .debug_aranges
                0x00000100       0x20 Source/tasks.o
 .debug_aranges
                0x00000120       0x20 node_tasks.o

.debug_pubnames
 *(.debug_pubnames)

.debug_info     0x00000000     0x44fe
 *(.debug_info .gnu.linkonce.wi.*)
 .debug_info    0x00000000      0x1c2 Config/can_callbacks.o
 .debug_info    0x000001c2      0x28a Drivers/CAN/can.o
 .debug_info    0x0000044c      0x4e0 Drivers/CAN/frtos_can.o
 .debug_info    0x0000092c      0x4bd main.o
 .debug_info    0x00000de9      0x2c0 Source/list.o
 .debug_info    0x000010a9      0x261 Source/portable/GCC/ATmega64c1/port.o
 .debug_info    0x0000130a      0x1ad Source/portable/MemMang/heap_1.o
 .debug_info    0x000014b7      0xf2d Source/queue.o
 .debug_info    0x000023e4     0x1b52 Source/tasks.o
 .debug_info    0x00003f36      0x5c8 node_tasks.o

.debug_abbrev   0x00000000     0x1195
 *(.debug_abbrev)
 .debug_abbrev  0x00000000       0xce Config/can_callbacks.o
 .debug_abbrev  0x000000ce      0x176 Drivers/CAN/can.o
 .debug_abbrev  0x00000244      0x1e4 Drivers/CAN/frtos_can.o
 .debug_abbrev  0x00000428      0x184 main.o
 .debug_abbrev  0x000005ac       0xf9 Source/list.o
 .debug_abbrev  0x000006a5      0x168 Source/portable/GCC/ATmega64c1/port.o
 .debug_abbrev  0x0000080d      0x12f Source/portable/MemMang/heap_1.o
 .debug_abbrev  0x0000093c      0x2bd Source/queue.o
 .debug_abbrev  0x00000bf9      0x376 Source/tasks.o
 .debug_abbrev  0x00000f6f      0x226 node_tasks.o

.debug_line     0x00000000     0x277e
 *(.debug_line .debug_line.* .debug_line_end)
 .debug_line    0x00000000      0x376 Config/can_callbacks.o
 .debug_line    0x00000376      0x2fc Drivers/CAN/can.o
 .debug_line    0x00000672      0x38d Drivers/CAN/frtos_can.o
 .debug_line    0x000009ff      0x3c8 main.o
 .debug_line    0x00000dc7      0x33a Source/list.o
 .debug_line    0x00001101      0x36d Source/portable/GCC/ATmega64c1/port.o
 .debug_line    0x0000146e      0x340 Source/portable/MemMang/heap_1.o
 .debug_line    0x000017ae      0x4ae Source/queue.o
 .debug_line    0x00001c5c      0x6e9 Source/tasks.o
 .debug_line    0x00002345      0x439 node_tasks.o

.debug_frame    0x00000000      0xb54
 *(.debug_frame)
 .debug_frame   0x00000000       0xe4 Config/can_callbacks.o
 .debug_frame   0x000000e4       0xa0 Drivers/CAN/can.o
 .debug_frame   0x00000184       0xdc Drivers/CAN/frtos_can.o
 .debug_frame   0x00000260       0x84 main.o
 .debug_frame   0x000002e4       0x90 Source/list.o
 .debug_frame   0x00000374       0x74 Source/portable/GCC/ATmega64c1/port.o
 .debug_frame   0x000003e8       0x60 Source/portable/MemMang/heap_1.o
 .debug_frame   0x00000448      0x224 Source/queue.o
 .debug_frame   0x0000066c      0x450 Source/tasks.o
 .debug_frame   0x00000abc       0x98 node_tasks.o

.debug_str      0x00000000     0xf205
 *(.debug_str)
 .debug_str     0x00000000     0xb621 Config/can_callbacks.o
                               0xb783 (size before relaxing)
 .debug_str     0x0000b621      0x5d0 Drivers/CAN/can.o
                               0x7ede (size before relaxing)
 .debug_str     0x0000bbf1      0x105 Drivers/CAN/frtos_can.o
                               0xba66 (size before relaxing)
 .debug_str     0x0000bcf6      0xd2e main.o
                               0xc50b (size before relaxing)
 .debug_str     0x0000ca24      0x127 Source/list.o
                               0xa81d (size before relaxing)
 .debug_str     0x0000cb4b      0x906 Source/portable/GCC/ATmega64c1/port.o
                               0xbaf5 (size before relaxing)
 .debug_str     0x0000d451      0x14f Source/portable/MemMang/heap_1.o
                               0xafa2 (size before relaxing)
 .debug_str     0x0000d5a0      0x725 Source/queue.o
                               0xc17d (size before relaxing)
 .debug_str     0x0000dcc5     0x13f3 Source/tasks.o
                               0xc788 (size before relaxing)
 .debug_str     0x0000f0b8      0x14d node_tasks.o
                               0xc483 (size before relaxing)

.debug_loc      0x00000000     0x3eaa
 *(.debug_loc)
 .debug_loc     0x00000000      0x1ec Config/can_callbacks.o
 .debug_loc     0x000001ec      0x2d6 Drivers/CAN/can.o
 .debug_loc     0x000004c2      0x400 Drivers/CAN/frtos_can.o
 .debug_loc     0x000008c2      0x13c main.o
 .debug_loc     0x000009fe      0x1d7 Source/list.o
 .debug_loc     0x00000bd5      0x2a0 Source/portable/GCC/ATmega64c1/port.o
 .debug_loc     0x00000e75       0xd3 Source/portable/MemMang/heap_1.o
 .debug_loc     0x00000f48     0x1080 Source/queue.o
 .debug_loc     0x00001fc8     0x1cd0 Source/tasks.o
 .debug_loc     0x00003c98      0x212 node_tasks.o

.debug_macinfo
 *(.debug_macinfo)

.debug_weaknames
 *(.debug_weaknames)

.debug_funcnames
 *(.debug_funcnames)

.debug_typenames
 *(.debug_typenames)

.debug_varnames
 *(.debug_varnames)

.debug_pubtypes
 *(.debug_pubtypes)

.debug_ranges   0x00000000       0x70
 *(.debug_ranges)
 .debug_ranges  0x00000000       0x28 main.o
 .debug_ranges  0x00000028       0x48 Source/tasks.o

.debug_macro    0x00000000     0x5316
 *(.debug_macro)
 .debug_macro   0x00000000      0x133 Config/can_callbacks.o
 .debug_macro   0x00000133      0xa4e Config/can_callbacks.o
 .debug_macro   0x00000b81       0x10 Config/can_callbacks.o
 .debug_macro   0x00000b91      0x1ad Config/can_callbacks.o
 .debug_macro   0x00000d3e       0x22 Config/can_callbacks.o
 .debug_macro   0x00000d60       0x1c Config/can_callbacks.o
 .debug_macro   0x00000d7c      0x166 Config/can_callbacks.o
 .debug_macro   0x00000ee2       0x10 Config/can_callbacks.o
 .debug_macro   0x00000ef2      0x299 Config/can_callbacks.o
 .debug_macro   0x0000118b       0x9e Config/can_callbacks.o
 .debug_macro   0x00001229     0x1dbe Config/can_callbacks.o
 .debug_macro   0x00002fe7      0x156 Config/can_callbacks.o
 .debug_macro   0x0000313d       0xbd Config/can_callbacks.o
 .debug_macro   0x000031fa       0x34 Config/can_callbacks.o
 .debug_macro   0x0000322e       0x18 Config/can_callbacks.o
 .debug_macro   0x00003246       0x6c Config/can_callbacks.o
 .debug_macro   0x000032b2       0x88 Config/can_callbacks.o
 .debug_macro   0x0000333a      0x15d Config/can_callbacks.o
 .debug_macro   0x00003497       0x83 Config/can_callbacks.o
 .debug_macro   0x0000351a       0x10 Config/can_callbacks.o
 .debug_macro   0x0000352a       0x1f Config/can_callbacks.o
 .debug_macro   0x00003549      0x43a Config/can_callbacks.o
 .debug_macro   0x00003983       0xb0 Config/can_callbacks.o
 .debug_macro   0x00003a33       0xc0 Config/can_callbacks.o
 .debug_macro   0x00003af3       0x9a Config/can_callbacks.o
 .debug_macro   0x00003b8d       0xcf Drivers/CAN/can.o
 .debug_macro   0x00003c5c      0x293 Drivers/CAN/can.o
 .debug_macro   0x00003eef       0x63 Drivers/CAN/can.o
 .debug_macro   0x00003f52       0x1c Drivers/CAN/can.o
 .debug_macro   0x00003f6e      0x10e Drivers/CAN/can.o
 .debug_macro   0x0000407c       0x66 Drivers/CAN/can.o
 .debug_macro   0x000040e2      0x147 Drivers/CAN/frtos_can.o
 .debug_macro   0x00004229       0x35 Drivers/CAN/frtos_can.o
 .debug_macro   0x0000425e      0x184 main.o
 .debug_macro   0x000043e2       0x58 main.o
 .debug_macro   0x0000443a       0x10 main.o
 .debug_macro   0x0000444a       0x97 main.o
 .debug_macro   0x000044e1       0xeb main.o
 .debug_macro   0x000045cc       0xef main.o
 .debug_macro   0x000046bb       0x8e main.o
 .debug_macro   0x00004749       0x2e main.o
 .debug_macro   0x00004777       0x28 main.o
 .debug_macro   0x0000479f      0x118 main.o
 .debug_macro   0x000048b7       0xfd Source/list.o
 .debug_macro   0x000049b4       0x7f Source/list.o
 .debug_macro   0x00004a33      0x146 Source/portable/GCC/ATmega64c1/port.o
 .debug_macro   0x00004b79      0x11e Source/portable/MemMang/heap_1.o
 .debug_macro   0x00004c97      0x170 Source/queue.o
 .debug_macro   0x00004e07       0x16 Source/queue.o
 .debug_macro   0x00004e1d       0x20 Source/queue.o
 .debug_macro   0x00004e3d      0x1b3 Source/tasks.o
 .debug_macro   0x00004ff0       0x91 Source/tasks.o
 .debug_macro   0x00005081       0x11 Source/tasks.o
 .debug_macro   0x00005092      0x1a2 node_tasks.o
 .debug_macro   0x00005234       0x16 node_tasks.o
 .debug_macro   0x0000524a       0x4c node_tasks.o
 .debug_macro   0x00005296       0x16 node_tasks.o
 .debug_macro   0x000052ac       0x10 node_tasks.o
 .debug_macro   0x000052bc       0x5a node_tasks.o
OUTPUT(FrontSensorModule.elf elf32-avr)
LOAD linker stubs
