Archive member included to satisfy reference by file (symbol)

c:/program files (x86)/atmel/studio/7.0/toolchain/avr8/avr8-gnu-toolchain/bin/../lib/gcc/avr/4.9.2/avr5\libgcc.a(_exit.o)
                              C:/Program Files (x86)/Atmel/Studio/7.0/Packs/atmel/ATmega_DFP/1.0.90/gcc/dev/atmega64c1/avr5/crtatmega64c1.o (exit)
c:/program files (x86)/atmel/studio/7.0/toolchain/avr8/avr8-gnu-toolchain/bin/../lib/gcc/avr/4.9.2/avr5\libgcc.a(_tablejump2.o)
                              Drivers/CAN/can_lib.o (__tablejump2__)
c:/program files (x86)/atmel/studio/7.0/toolchain/avr8/avr8-gnu-toolchain/bin/../lib/gcc/avr/4.9.2/avr5\libgcc.a(_copy_data.o)
                              main.o (__do_copy_data)
c:/program files (x86)/atmel/studio/7.0/toolchain/avr8/avr8-gnu-toolchain/bin/../lib/gcc/avr/4.9.2/avr5\libgcc.a(_clear_bss.o)
                              Source/portable/MemMang/heap_1.o (__do_clear_bss)
c:/program files (x86)/atmel/studio/7.0/toolchain/avr8/avr8-gnu-toolchain/bin/../lib/gcc/avr/4.9.2/../../../../avr/lib/avr5\libc.a(memcpy.o)
                              Source/queue.o (memcpy)

Allocating common symbols
Common symbol       size              file

can_send_buffer     0x8               node_tasks.o
heartbeat_cmd_st    0xc               node_tasks.o

Discarded input sections

 .group         0x00000000        0x8 Drivers/CAN/can_drv.o
 .group         0x00000000        0x8 Drivers/CAN/can_drv.o
 .group         0x00000000        0x8 Drivers/CAN/can_drv.o
 .group         0x00000000        0x8 Drivers/CAN/can_drv.o
 .group         0x00000000        0x8 Drivers/CAN/can_drv.o
 .group         0x00000000        0x8 Drivers/CAN/can_drv.o
 .group         0x00000000        0x8 Drivers/CAN/can_drv.o
 .group         0x00000000        0x8 Drivers/CAN/can_drv.o
 .group         0x00000000        0x8 Drivers/CAN/can_drv.o
 .group         0x00000000        0x8 Drivers/CAN/can_drv.o
 .group         0x00000000        0x8 Drivers/CAN/can_drv.o
 .group         0x00000000        0x8 Drivers/CAN/can_drv.o
 .group         0x00000000        0x8 Drivers/CAN/can_drv.o
 .group         0x00000000        0x8 Drivers/CAN/can_drv.o
 .group         0x00000000        0x8 Drivers/CAN/can_lib.o
 .group         0x00000000        0x8 Drivers/CAN/can_lib.o
 .group         0x00000000        0x8 Drivers/CAN/can_lib.o
 .group         0x00000000        0x8 Drivers/CAN/can_lib.o
 .group         0x00000000        0x8 Drivers/CAN/can_lib.o
 .group         0x00000000        0x8 Drivers/CAN/can_lib.o
 .group         0x00000000        0x8 Drivers/CAN/can_lib.o
 .group         0x00000000        0x8 Drivers/CAN/can_lib.o
 .group         0x00000000        0x8 Drivers/CAN/can_lib.o
 .group         0x00000000        0x8 Drivers/CAN/can_lib.o
 .group         0x00000000        0x8 Drivers/CAN/can_lib.o
 .group         0x00000000        0x8 Drivers/CAN/can_lib.o
 .group         0x00000000        0x8 Drivers/CAN/can_lib.o
 .group         0x00000000        0x8 Drivers/CAN/can_lib.o
 .group         0x00000000        0x8 Drivers/CAN/can_lib.o
 .debug_macro   0x00000000      0xa48 Drivers/CAN/can_lib.o
 .debug_macro   0x00000000       0x10 Drivers/CAN/can_lib.o
 .debug_macro   0x00000000      0x1ad Drivers/CAN/can_lib.o
 .debug_macro   0x00000000      0x293 Drivers/CAN/can_lib.o
 .debug_macro   0x00000000       0x9e Drivers/CAN/can_lib.o
 .debug_macro   0x00000000     0x1dbe Drivers/CAN/can_lib.o
 .debug_macro   0x00000000      0x156 Drivers/CAN/can_lib.o
 .debug_macro   0x00000000       0xbd Drivers/CAN/can_lib.o
 .debug_macro   0x00000000       0x34 Drivers/CAN/can_lib.o
 .debug_macro   0x00000000       0x18 Drivers/CAN/can_lib.o
 .debug_macro   0x00000000       0x6c Drivers/CAN/can_lib.o
 .debug_macro   0x00000000       0x69 Drivers/CAN/can_lib.o
 .debug_macro   0x00000000       0x22 Drivers/CAN/can_lib.o
 .debug_macro   0x00000000      0x2de Drivers/CAN/can_lib.o
 .group         0x00000000        0x8 main.o
 .group         0x00000000        0x8 main.o
 .group         0x00000000        0x8 main.o
 .group         0x00000000        0x8 main.o
 .group         0x00000000        0x8 main.o
 .group         0x00000000        0x8 main.o
 .group         0x00000000        0x8 main.o
 .group         0x00000000        0x8 main.o
 .group         0x00000000        0x8 main.o
 .group         0x00000000        0x8 main.o
 .group         0x00000000        0x8 main.o
 .group         0x00000000        0x8 main.o
 .group         0x00000000        0x8 main.o
 .group         0x00000000        0x8 main.o
 .group         0x00000000        0x8 main.o
 .group         0x00000000        0x8 main.o
 .group         0x00000000        0x8 main.o
 .group         0x00000000        0x8 main.o
 .group         0x00000000        0x8 main.o
 .group         0x00000000        0x8 main.o
 .group         0x00000000        0x8 main.o
 .group         0x00000000        0x8 main.o
 .group         0x00000000        0x8 main.o
 .group         0x00000000        0x8 main.o
 .group         0x00000000        0x8 main.o
 .debug_macro   0x00000000      0xa48 main.o
 .debug_macro   0x00000000       0x10 main.o
 .debug_macro   0x00000000      0x1ad main.o
 .debug_macro   0x00000000      0x293 main.o
 .debug_macro   0x00000000       0x9e main.o
 .debug_macro   0x00000000     0x1dbe main.o
 .debug_macro   0x00000000      0x156 main.o
 .debug_macro   0x00000000       0xbd main.o
 .debug_macro   0x00000000       0x34 main.o
 .debug_macro   0x00000000       0x18 main.o
 .debug_macro   0x00000000       0x6c main.o
 .debug_macro   0x00000000       0x69 main.o
 .debug_macro   0x00000000       0x22 main.o
 .debug_macro   0x00000000       0x22 main.o
 .group         0x00000000        0x8 Source/list.o
 .group         0x00000000        0x8 Source/list.o
 .group         0x00000000        0x8 Source/list.o
 .group         0x00000000        0x8 Source/list.o
 .group         0x00000000        0x8 Source/list.o
 .group         0x00000000        0x8 Source/list.o
 .group         0x00000000        0x8 Source/list.o
 .group         0x00000000        0x8 Source/list.o
 .group         0x00000000        0x8 Source/list.o
 .group         0x00000000        0x8 Source/list.o
 .group         0x00000000        0x8 Source/list.o
 .group         0x00000000        0x8 Source/list.o
 .group         0x00000000        0x8 Source/list.o
 .group         0x00000000        0x8 Source/list.o
 .group         0x00000000        0x8 Source/list.o
 .group         0x00000000        0x8 Source/list.o
 .group         0x00000000        0x8 Source/list.o
 .group         0x00000000        0x8 Source/list.o
 .group         0x00000000        0x8 Source/list.o
 .group         0x00000000        0x8 Source/list.o
 .group         0x00000000        0x8 Source/list.o
 .group         0x00000000        0x8 Source/list.o
 .debug_macro   0x00000000      0xa48 Source/list.o
 .debug_macro   0x00000000      0x1ad Source/list.o
 .debug_macro   0x00000000       0x10 Source/list.o
 .debug_macro   0x00000000       0x9e Source/list.o
 .debug_macro   0x00000000     0x1dbe Source/list.o
 .debug_macro   0x00000000      0x156 Source/list.o
 .debug_macro   0x00000000       0xbd Source/list.o
 .debug_macro   0x00000000       0x34 Source/list.o
 .debug_macro   0x00000000       0x18 Source/list.o
 .debug_macro   0x00000000       0x6c Source/list.o
 .debug_macro   0x00000000      0x15d Source/list.o
 .debug_macro   0x00000000       0x83 Source/list.o
 .debug_macro   0x00000000       0x10 Source/list.o
 .debug_macro   0x00000000       0x1f Source/list.o
 .debug_macro   0x00000000      0x43a Source/list.o
 .debug_macro   0x00000000       0xc0 Source/list.o
 .group         0x00000000        0x8 Source/portable/GCC/ATmega64c1/port.o
 .group         0x00000000        0x8 Source/portable/GCC/ATmega64c1/port.o
 .group         0x00000000        0x8 Source/portable/GCC/ATmega64c1/port.o
 .group         0x00000000        0x8 Source/portable/GCC/ATmega64c1/port.o
 .group         0x00000000        0x8 Source/portable/GCC/ATmega64c1/port.o
 .group         0x00000000        0x8 Source/portable/GCC/ATmega64c1/port.o
 .group         0x00000000        0x8 Source/portable/GCC/ATmega64c1/port.o
 .group         0x00000000        0x8 Source/portable/GCC/ATmega64c1/port.o
 .group         0x00000000        0x8 Source/portable/GCC/ATmega64c1/port.o
 .group         0x00000000        0x8 Source/portable/GCC/ATmega64c1/port.o
 .group         0x00000000        0x8 Source/portable/GCC/ATmega64c1/port.o
 .group         0x00000000        0x8 Source/portable/GCC/ATmega64c1/port.o
 .group         0x00000000        0x8 Source/portable/GCC/ATmega64c1/port.o
 .group         0x00000000        0x8 Source/portable/GCC/ATmega64c1/port.o
 .group         0x00000000        0x8 Source/portable/GCC/ATmega64c1/port.o
 .group         0x00000000        0x8 Source/portable/GCC/ATmega64c1/port.o
 .group         0x00000000        0x8 Source/portable/GCC/ATmega64c1/port.o
 .group         0x00000000        0x8 Source/portable/GCC/ATmega64c1/port.o
 .group         0x00000000        0x8 Source/portable/GCC/ATmega64c1/port.o
 .group         0x00000000        0x8 Source/portable/GCC/ATmega64c1/port.o
 .group         0x00000000        0x8 Source/portable/GCC/ATmega64c1/port.o
 .group         0x00000000        0x8 Source/portable/GCC/ATmega64c1/port.o
 .group         0x00000000        0x8 Source/portable/GCC/ATmega64c1/port.o
 .group         0x00000000        0x8 Source/portable/GCC/ATmega64c1/port.o
 .debug_macro   0x00000000      0xa48 Source/portable/GCC/ATmega64c1/port.o
 .debug_macro   0x00000000       0x1c Source/portable/GCC/ATmega64c1/port.o
 .debug_macro   0x00000000      0x10e Source/portable/GCC/ATmega64c1/port.o
 .debug_macro   0x00000000       0x66 Source/portable/GCC/ATmega64c1/port.o
 .debug_macro   0x00000000       0x10 Source/portable/GCC/ATmega64c1/port.o
 .debug_macro   0x00000000      0x1ad Source/portable/GCC/ATmega64c1/port.o
 .debug_macro   0x00000000      0x293 Source/portable/GCC/ATmega64c1/port.o
 .debug_macro   0x00000000       0x9e Source/portable/GCC/ATmega64c1/port.o
 .debug_macro   0x00000000     0x1dbe Source/portable/GCC/ATmega64c1/port.o
 .debug_macro   0x00000000      0x156 Source/portable/GCC/ATmega64c1/port.o
 .debug_macro   0x00000000       0xbd Source/portable/GCC/ATmega64c1/port.o
 .debug_macro   0x00000000       0x34 Source/portable/GCC/ATmega64c1/port.o
 .debug_macro   0x00000000       0x18 Source/portable/GCC/ATmega64c1/port.o
 .debug_macro   0x00000000       0x6c Source/portable/GCC/ATmega64c1/port.o
 .debug_macro   0x00000000       0x7f Source/portable/GCC/ATmega64c1/port.o
 .debug_macro   0x00000000       0x8e Source/portable/GCC/ATmega64c1/port.o
 .debug_macro   0x00000000      0x15d Source/portable/GCC/ATmega64c1/port.o
 .debug_macro   0x00000000       0x83 Source/portable/GCC/ATmega64c1/port.o
 .debug_macro   0x00000000       0x10 Source/portable/GCC/ATmega64c1/port.o
 .debug_macro   0x00000000       0x1f Source/portable/GCC/ATmega64c1/port.o
 .debug_macro   0x00000000      0x43a Source/portable/GCC/ATmega64c1/port.o
 .debug_macro   0x00000000       0xc0 Source/portable/GCC/ATmega64c1/port.o
 .debug_macro   0x00000000       0x9a Source/portable/GCC/ATmega64c1/port.o
 .group         0x00000000        0x8 Source/portable/MemMang/heap_1.o
 .group         0x00000000        0x8 Source/portable/MemMang/heap_1.o
 .group         0x00000000        0x8 Source/portable/MemMang/heap_1.o
 .group         0x00000000        0x8 Source/portable/MemMang/heap_1.o
 .group         0x00000000        0x8 Source/portable/MemMang/heap_1.o
 .group         0x00000000        0x8 Source/portable/MemMang/heap_1.o
 .group         0x00000000        0x8 Source/portable/MemMang/heap_1.o
 .group         0x00000000        0x8 Source/portable/MemMang/heap_1.o
 .group         0x00000000        0x8 Source/portable/MemMang/heap_1.o
 .group         0x00000000        0x8 Source/portable/MemMang/heap_1.o
 .group         0x00000000        0x8 Source/portable/MemMang/heap_1.o
 .group         0x00000000        0x8 Source/portable/MemMang/heap_1.o
 .group         0x00000000        0x8 Source/portable/MemMang/heap_1.o
 .group         0x00000000        0x8 Source/portable/MemMang/heap_1.o
 .group         0x00000000        0x8 Source/portable/MemMang/heap_1.o
 .group         0x00000000        0x8 Source/portable/MemMang/heap_1.o
 .group         0x00000000        0x8 Source/portable/MemMang/heap_1.o
 .group         0x00000000        0x8 Source/portable/MemMang/heap_1.o
 .group         0x00000000        0x8 Source/portable/MemMang/heap_1.o
 .group         0x00000000        0x8 Source/portable/MemMang/heap_1.o
 .group         0x00000000        0x8 Source/portable/MemMang/heap_1.o
 .group         0x00000000        0x8 Source/portable/MemMang/heap_1.o
 .group         0x00000000        0x8 Source/portable/MemMang/heap_1.o
 .debug_macro   0x00000000      0xa48 Source/portable/MemMang/heap_1.o
 .debug_macro   0x00000000       0x1c Source/portable/MemMang/heap_1.o
 .debug_macro   0x00000000      0x10e Source/portable/MemMang/heap_1.o
 .debug_macro   0x00000000       0x66 Source/portable/MemMang/heap_1.o
 .debug_macro   0x00000000       0x7f Source/portable/MemMang/heap_1.o
 .debug_macro   0x00000000      0x1ad Source/portable/MemMang/heap_1.o
 .debug_macro   0x00000000       0x10 Source/portable/MemMang/heap_1.o
 .debug_macro   0x00000000      0x299 Source/portable/MemMang/heap_1.o
 .debug_macro   0x00000000       0x9e Source/portable/MemMang/heap_1.o
 .debug_macro   0x00000000     0x1dbe Source/portable/MemMang/heap_1.o
 .debug_macro   0x00000000      0x156 Source/portable/MemMang/heap_1.o
 .debug_macro   0x00000000       0xbd Source/portable/MemMang/heap_1.o
 .debug_macro   0x00000000       0x34 Source/portable/MemMang/heap_1.o
 .debug_macro   0x00000000       0x18 Source/portable/MemMang/heap_1.o
 .debug_macro   0x00000000       0x6c Source/portable/MemMang/heap_1.o
 .debug_macro   0x00000000       0x88 Source/portable/MemMang/heap_1.o
 .debug_macro   0x00000000      0x15d Source/portable/MemMang/heap_1.o
 .debug_macro   0x00000000       0x83 Source/portable/MemMang/heap_1.o
 .debug_macro   0x00000000       0x10 Source/portable/MemMang/heap_1.o
 .debug_macro   0x00000000       0x1f Source/portable/MemMang/heap_1.o
 .debug_macro   0x00000000      0x43a Source/portable/MemMang/heap_1.o
 .debug_macro   0x00000000       0xc0 Source/portable/MemMang/heap_1.o
 .debug_macro   0x00000000       0x9a Source/portable/MemMang/heap_1.o
 .group         0x00000000        0x8 Source/queue.o
 .group         0x00000000        0x8 Source/queue.o
 .group         0x00000000        0x8 Source/queue.o
 .group         0x00000000        0x8 Source/queue.o
 .group         0x00000000        0x8 Source/queue.o
 .group         0x00000000        0x8 Source/queue.o
 .group         0x00000000        0x8 Source/queue.o
 .group         0x00000000        0x8 Source/queue.o
 .group         0x00000000        0x8 Source/queue.o
 .group         0x00000000        0x8 Source/queue.o
 .group         0x00000000        0x8 Source/queue.o
 .group         0x00000000        0x8 Source/queue.o
 .group         0x00000000        0x8 Source/queue.o
 .group         0x00000000        0x8 Source/queue.o
 .group         0x00000000        0x8 Source/queue.o
 .group         0x00000000        0x8 Source/queue.o
 .group         0x00000000        0x8 Source/queue.o
 .group         0x00000000        0x8 Source/queue.o
 .group         0x00000000        0x8 Source/queue.o
 .group         0x00000000        0x8 Source/queue.o
 .group         0x00000000        0x8 Source/queue.o
 .group         0x00000000        0x8 Source/queue.o
 .group         0x00000000        0x8 Source/queue.o
 .group         0x00000000        0x8 Source/queue.o
 .group         0x00000000        0x8 Source/queue.o
 .group         0x00000000        0x8 Source/queue.o
 .debug_macro   0x00000000      0xa48 Source/queue.o
 .debug_macro   0x00000000       0x1c Source/queue.o
 .debug_macro   0x00000000      0x10e Source/queue.o
 .debug_macro   0x00000000       0x66 Source/queue.o
 .debug_macro   0x00000000       0x7f Source/queue.o
 .debug_macro   0x00000000      0x1ad Source/queue.o
 .debug_macro   0x00000000       0x10 Source/queue.o
 .debug_macro   0x00000000      0x299 Source/queue.o
 .debug_macro   0x00000000       0x9e Source/queue.o
 .debug_macro   0x00000000     0x1dbe Source/queue.o
 .debug_macro   0x00000000      0x156 Source/queue.o
 .debug_macro   0x00000000       0xbd Source/queue.o
 .debug_macro   0x00000000       0x34 Source/queue.o
 .debug_macro   0x00000000       0x18 Source/queue.o
 .debug_macro   0x00000000       0x6c Source/queue.o
 .debug_macro   0x00000000       0x88 Source/queue.o
 .debug_macro   0x00000000      0x15d Source/queue.o
 .debug_macro   0x00000000       0x83 Source/queue.o
 .debug_macro   0x00000000       0x10 Source/queue.o
 .debug_macro   0x00000000       0x1f Source/queue.o
 .debug_macro   0x00000000      0x43a Source/queue.o
 .debug_macro   0x00000000       0xc0 Source/queue.o
 .debug_macro   0x00000000       0x9a Source/queue.o
 .group         0x00000000        0x8 Source/tasks.o
 .group         0x00000000        0x8 Source/tasks.o
 .group         0x00000000        0x8 Source/tasks.o
 .group         0x00000000        0x8 Source/tasks.o
 .group         0x00000000        0x8 Source/tasks.o
 .group         0x00000000        0x8 Source/tasks.o
 .group         0x00000000        0x8 Source/tasks.o
 .group         0x00000000        0x8 Source/tasks.o
 .group         0x00000000        0x8 Source/tasks.o
 .group         0x00000000        0x8 Source/tasks.o
 .group         0x00000000        0x8 Source/tasks.o
 .group         0x00000000        0x8 Source/tasks.o
 .group         0x00000000        0x8 Source/tasks.o
 .group         0x00000000        0x8 Source/tasks.o
 .group         0x00000000        0x8 Source/tasks.o
 .group         0x00000000        0x8 Source/tasks.o
 .group         0x00000000        0x8 Source/tasks.o
 .group         0x00000000        0x8 Source/tasks.o
 .group         0x00000000        0x8 Source/tasks.o
 .group         0x00000000        0x8 Source/tasks.o
 .group         0x00000000        0x8 Source/tasks.o
 .group         0x00000000        0x8 Source/tasks.o
 .group         0x00000000        0x8 Source/tasks.o
 .group         0x00000000        0x8 Source/tasks.o
 .group         0x00000000        0x8 Source/tasks.o
 .group         0x00000000        0x8 Source/tasks.o
 .group         0x00000000        0x8 Source/tasks.o
 .debug_macro   0x00000000      0xa48 Source/tasks.o
 .debug_macro   0x00000000       0x1c Source/tasks.o
 .debug_macro   0x00000000      0x10e Source/tasks.o
 .debug_macro   0x00000000       0x66 Source/tasks.o
 .debug_macro   0x00000000       0x16 Source/tasks.o
 .debug_macro   0x00000000       0x20 Source/tasks.o
 .debug_macro   0x00000000       0x7f Source/tasks.o
 .debug_macro   0x00000000      0x1ad Source/tasks.o
 .debug_macro   0x00000000       0x10 Source/tasks.o
 .debug_macro   0x00000000      0x299 Source/tasks.o
 .debug_macro   0x00000000       0x9e Source/tasks.o
 .debug_macro   0x00000000     0x1dbe Source/tasks.o
 .debug_macro   0x00000000      0x156 Source/tasks.o
 .debug_macro   0x00000000       0xbd Source/tasks.o
 .debug_macro   0x00000000       0x34 Source/tasks.o
 .debug_macro   0x00000000       0x18 Source/tasks.o
 .debug_macro   0x00000000       0x6c Source/tasks.o
 .debug_macro   0x00000000       0x88 Source/tasks.o
 .debug_macro   0x00000000      0x15d Source/tasks.o
 .debug_macro   0x00000000       0x83 Source/tasks.o
 .debug_macro   0x00000000       0x10 Source/tasks.o
 .debug_macro   0x00000000       0x1f Source/tasks.o
 .debug_macro   0x00000000      0x43a Source/tasks.o
 .debug_macro   0x00000000       0xc0 Source/tasks.o
 .debug_macro   0x00000000       0x9a Source/tasks.o
 .group         0x00000000        0x8 node_tasks.o
 .group         0x00000000        0x8 node_tasks.o
 .group         0x00000000        0x8 node_tasks.o
 .group         0x00000000        0x8 node_tasks.o
 .group         0x00000000        0x8 node_tasks.o
 .group         0x00000000        0x8 node_tasks.o
 .group         0x00000000        0x8 node_tasks.o
 .group         0x00000000        0x8 node_tasks.o
 .group         0x00000000        0x8 node_tasks.o
 .group         0x00000000        0x8 node_tasks.o
 .group         0x00000000        0x8 node_tasks.o
 .group         0x00000000        0x8 node_tasks.o
 .group         0x00000000        0x8 node_tasks.o
 .group         0x00000000        0x8 node_tasks.o
 .group         0x00000000        0x8 node_tasks.o
 .group         0x00000000        0x8 node_tasks.o
 .group         0x00000000        0x8 node_tasks.o
 .group         0x00000000        0x8 node_tasks.o
 .group         0x00000000        0x8 node_tasks.o
 .group         0x00000000        0x8 node_tasks.o
 .group         0x00000000        0x8 node_tasks.o
 .group         0x00000000        0x8 node_tasks.o
 .group         0x00000000        0x8 node_tasks.o
 .group         0x00000000        0x8 node_tasks.o
 .group         0x00000000        0x8 node_tasks.o
 .group         0x00000000        0x8 node_tasks.o
 .debug_macro   0x00000000      0xa48 node_tasks.o
 .debug_macro   0x00000000      0x166 node_tasks.o
 .debug_macro   0x00000000      0x1ad node_tasks.o
 .debug_macro   0x00000000       0x10 node_tasks.o
 .debug_macro   0x00000000      0x299 node_tasks.o
 .debug_macro   0x00000000       0x9e node_tasks.o
 .debug_macro   0x00000000     0x1dbe node_tasks.o
 .debug_macro   0x00000000      0x156 node_tasks.o
 .debug_macro   0x00000000       0xbd node_tasks.o
 .debug_macro   0x00000000       0x34 node_tasks.o
 .debug_macro   0x00000000       0x18 node_tasks.o
 .debug_macro   0x00000000       0x6c node_tasks.o
 .debug_macro   0x00000000       0x88 node_tasks.o
 .debug_macro   0x00000000      0x15d node_tasks.o
 .debug_macro   0x00000000       0x83 node_tasks.o
 .debug_macro   0x00000000       0x10 node_tasks.o
 .debug_macro   0x00000000       0x1f node_tasks.o
 .debug_macro   0x00000000      0x43a node_tasks.o
 .debug_macro   0x00000000       0xc0 node_tasks.o
 .debug_macro   0x00000000       0x9a node_tasks.o
 .debug_macro   0x00000000       0x69 node_tasks.o
 .debug_macro   0x00000000       0x22 node_tasks.o
 .debug_macro   0x00000000      0x2d8 node_tasks.o
 .debug_macro   0x00000000       0x22 node_tasks.o
 .debug_macro   0x00000000       0x28 node_tasks.o

Memory Configuration

Name             Origin             Length             Attributes
text             0x00000000         0x00020000         xr
data             0x00800060         0x0000ffa0         rw !x
eeprom           0x00810000         0x00010000         rw !x
fuse             0x00820000         0x00000400         rw !x
lock             0x00830000         0x00000400         rw !x
signature        0x00840000         0x00000400         rw !x
user_signatures  0x00850000         0x00000400         rw !x
*default*        0x00000000         0xffffffff

Linker script and memory map

Address of section .data set to 0x800100
LOAD C:/Program Files (x86)/Atmel/Studio/7.0/Packs/atmel/ATmega_DFP/1.0.90/gcc/dev/atmega64c1/avr5/crtatmega64c1.o
LOAD Drivers/CAN/can_drv.o
LOAD Drivers/CAN/can_lib.o
LOAD main.o
LOAD Source/list.o
LOAD Source/portable/GCC/ATmega64c1/port.o
LOAD Source/portable/MemMang/heap_1.o
LOAD Source/queue.o
LOAD Source/tasks.o
LOAD node_tasks.o
START GROUP
LOAD c:/program files (x86)/atmel/studio/7.0/toolchain/avr8/avr8-gnu-toolchain/bin/../lib/gcc/avr/4.9.2/../../../../avr/lib/avr5\libm.a
END GROUP
START GROUP
LOAD c:/program files (x86)/atmel/studio/7.0/toolchain/avr8/avr8-gnu-toolchain/bin/../lib/gcc/avr/4.9.2/avr5\libgcc.a
LOAD c:/program files (x86)/atmel/studio/7.0/toolchain/avr8/avr8-gnu-toolchain/bin/../lib/gcc/avr/4.9.2/../../../../avr/lib/avr5\libm.a
LOAD c:/program files (x86)/atmel/studio/7.0/toolchain/avr8/avr8-gnu-toolchain/bin/../lib/gcc/avr/4.9.2/../../../../avr/lib/avr5\libc.a
LOAD C:/Program Files (x86)/Atmel/Studio/7.0/Packs/atmel/ATmega_DFP/1.0.90/gcc/dev/atmega64c1/avr5\libatmega64c1.a
END GROUP

.hash
 *(.hash)

.dynsym
 *(.dynsym)

.dynstr
 *(.dynstr)

.gnu.version
 *(.gnu.version)

.gnu.version_d
 *(.gnu.version_d)

.gnu.version_r
 *(.gnu.version_r)

.rel.init
 *(.rel.init)

.rela.init
 *(.rela.init)

.rel.text
 *(.rel.text)
 *(.rel.text.*)
 *(.rel.gnu.linkonce.t*)

.rela.text
 *(.rela.text)
 *(.rela.text.*)
 *(.rela.gnu.linkonce.t*)

.rel.fini
 *(.rel.fini)

.rela.fini
 *(.rela.fini)

.rel.rodata
 *(.rel.rodata)
 *(.rel.rodata.*)
 *(.rel.gnu.linkonce.r*)

.rela.rodata
 *(.rela.rodata)
 *(.rela.rodata.*)
 *(.rela.gnu.linkonce.r*)

.rel.data
 *(.rel.data)
 *(.rel.data.*)
 *(.rel.gnu.linkonce.d*)

.rela.data
 *(.rela.data)
 *(.rela.data.*)
 *(.rela.gnu.linkonce.d*)

.rel.ctors
 *(.rel.ctors)

.rela.ctors
 *(.rela.ctors)

.rel.dtors
 *(.rel.dtors)

.rela.dtors
 *(.rela.dtors)

.rel.got
 *(.rel.got)

.rela.got
 *(.rela.got)

.rel.bss
 *(.rel.bss)

.rela.bss
 *(.rela.bss)

.rel.plt
 *(.rel.plt)

.rela.plt
 *(.rela.plt)

.text           0x00000000     0x50ae
 *(.vectors)
 .vectors       0x00000000       0x7c C:/Program Files (x86)/Atmel/Studio/7.0/Packs/atmel/ATmega_DFP/1.0.90/gcc/dev/atmega64c1/avr5/crtatmega64c1.o
                0x00000000                __vector_default
                0x00000000                __vectors
 *(.vectors)
 *(.progmem.gcc*)
 .progmem.gcc_sw_table
                0x0000007c       0x16 Drivers/CAN/can_lib.o
                0x00000092                . = ALIGN (0x2)
                0x00000092                __trampolines_start = .
 *(.trampolines)
 .trampolines   0x00000092        0x0 linker stubs
 *(.trampolines*)
                0x00000092                __trampolines_end = .
 *(.progmem*)
                0x00000092                . = ALIGN (0x2)
 *(.jumptables)
 *(.jumptables*)
 *(.lowtext)
 *(.lowtext*)
                0x00000092                __ctors_start = .
 *(.ctors)
                0x00000092                __ctors_end = .
                0x00000092                __dtors_start = .
 *(.dtors)
                0x00000092                __dtors_end = .
 SORT(*)(.ctors)
 SORT(*)(.dtors)
 *(.init0)
 .init0         0x00000092        0x0 C:/Program Files (x86)/Atmel/Studio/7.0/Packs/atmel/ATmega_DFP/1.0.90/gcc/dev/atmega64c1/avr5/crtatmega64c1.o
                0x00000092                __init
 *(.init0)
 *(.init1)
 *(.init1)
 *(.init2)
 .init2         0x00000092        0xc C:/Program Files (x86)/Atmel/Studio/7.0/Packs/atmel/ATmega_DFP/1.0.90/gcc/dev/atmega64c1/avr5/crtatmega64c1.o
 *(.init2)
 *(.init3)
 *(.init3)
 *(.init4)
 .init4         0x0000009e       0x16 c:/program files (x86)/atmel/studio/7.0/toolchain/avr8/avr8-gnu-toolchain/bin/../lib/gcc/avr/4.9.2/avr5\libgcc.a(_copy_data.o)
                0x0000009e                __do_copy_data
 .init4         0x000000b4       0x10 c:/program files (x86)/atmel/studio/7.0/toolchain/avr8/avr8-gnu-toolchain/bin/../lib/gcc/avr/4.9.2/avr5\libgcc.a(_clear_bss.o)
                0x000000b4                __do_clear_bss
 *(.init4)
 *(.init5)
 *(.init5)
 *(.init6)
 *(.init6)
 *(.init7)
 *(.init7)
 *(.init8)
 *(.init8)
 *(.init9)
 .init9         0x000000c4        0x8 C:/Program Files (x86)/Atmel/Studio/7.0/Packs/atmel/ATmega_DFP/1.0.90/gcc/dev/atmega64c1/avr5/crtatmega64c1.o
 *(.init9)
 *(.text)
 .text          0x000000cc        0x4 C:/Program Files (x86)/Atmel/Studio/7.0/Packs/atmel/ATmega_DFP/1.0.90/gcc/dev/atmega64c1/avr5/crtatmega64c1.o
                0x000000cc                __vector_22
                0x000000cc                __vector_28
                0x000000cc                __vector_1
                0x000000cc                __vector_24
                0x000000cc                __bad_interrupt
                0x000000cc                __vector_6
                0x000000cc                __vector_3
                0x000000cc                __vector_23
                0x000000cc                __vector_30
                0x000000cc                __vector_25
                0x000000cc                __vector_11
                0x000000cc                __vector_13
                0x000000cc                __vector_17
                0x000000cc                __vector_19
                0x000000cc                __vector_7
                0x000000cc                __vector_27
                0x000000cc                __vector_5
                0x000000cc                __vector_4
                0x000000cc                __vector_9
                0x000000cc                __vector_2
                0x000000cc                __vector_21
                0x000000cc                __vector_15
                0x000000cc                __vector_29
                0x000000cc                __vector_8
                0x000000cc                __vector_26
                0x000000cc                __vector_14
                0x000000cc                __vector_10
                0x000000cc                __vector_16
                0x000000cc                __vector_18
                0x000000cc                __vector_20
 .text          0x000000d0      0x6a6 Drivers/CAN/can_drv.o
                0x000000d0                can_clear_all_mob
                0x0000012c                can_get_mob_free
                0x00000196                can_get_mob_status
                0x000001fa                can_get_data
                0x00000256                can_auto_baudrate
                0x00000738                can_fixed_baudrate
 .text          0x00000776     0x17c6 Drivers/CAN/can_lib.o
                0x00000776                can_init
                0x000007b0                can_cmd
                0x00001cdc                can_get_status
 .text          0x00001f3c       0x86 main.o
                0x00001f3c                main
 .text          0x00001fc2      0x2c4 Source/list.o
                0x00001fc2                vListInitialise
                0x0000202c                vListInitialiseItem
                0x0000204e                vListInsertEnd
                0x000020ea                vListInsert
                0x000021d8                uxListRemove
 .text          0x00002286      0x608 Source/portable/GCC/ATmega64c1/port.o
                0x00002286                pxPortInitialiseStack
                0x000025d8                xPortStartScheduler
                0x00002642                vPortEndScheduler
                0x00002650                vPortYield
                0x00002702                vPortYieldFromTick
                0x00002888                __vector_12
 .text          0x0000288e       0xfa Source/portable/MemMang/heap_1.o
                0x0000288e                pvPortMalloc
                0x00002938                vPortFree
                0x00002950                vPortInitialiseBlocks
                0x00002966                xPortGetFreeHeapSize
 .text          0x00002988      0xc4e Source/queue.o
                0x00002988                xQueueGenericReset
                0x00002ab0                xQueueGenericCreate
                0x00002b78                xQueueGenericSend
                0x00002cdc                xQueueGenericSendFromISR
                0x00002d9c                xQueueGiveFromISR
                0x00002e54                xQueueGenericReceive
                0x00002ff2                xQueueReceiveFromISR
                0x000030b4                xQueuePeekFromISR
                0x0000312c                uxQueueMessagesWaiting
                0x0000315e                uxQueueSpacesAvailable
                0x000031ac                uxQueueMessagesWaitingFromISR
                0x000031d4                vQueueDelete
                0x00003526                xQueueIsQueueEmptyFromISR
                0x0000359c                xQueueIsQueueFullFromISR
 .text          0x000035d6     0x1854 Source/tasks.o
                0x000035d6                xTaskGenericCreate
                0x000037a2                vTaskDelete
                0x00003858                vTaskDelayUntil
                0x0000394a                vTaskDelay
                0x000039b4                vTaskStartScheduler
                0x00003a2c                vTaskEndScheduler
                0x00003a44                vTaskSuspendAll
                0x00003a5c                xTaskResumeAll
                0x00003b78                xTaskGetTickCount
                0x00003ba6                xTaskGetTickCountFromISR
                0x00003bd0                uxTaskGetNumberOfTasks
                0x00003be2                xTaskIncrementTick
                0x00003dbe                vTaskSwitchContext
                0x00003e9c                vTaskPlaceOnEventList
                0x00003f06                vTaskPlaceOnUnorderedEventList
                0x00003f8e                xTaskRemoveFromEventList
                0x00004068                xTaskRemoveFromUnorderedEventList
                0x0000413e                vTaskSetTimeOutState
                0x00004174                xTaskCheckForTimeOut
                0x00004244                vTaskMissedYield
                0x0000461e                uxTaskResetEventItemValue
                0x00004672                ulTaskNotifyTake
                0x0000478e                xTaskNotifyWait
                0x000048fa                xTaskGenericNotify
                0x00004abc                xTaskGenericNotifyFromISR
                0x00004cac                vTaskNotifyGiveFromISR
                0x00004dbe                xTaskNotifyStateClear
 .text          0x00004e2a      0x262 node_tasks.o
                0x00004e2a                config_io_pin
                0x00004f52                setup_can_send
                0x00004fcc                can_tx
                0x00005032                vLEDFlashTask
                0x0000505e                vHeartbeatTask
 .text          0x0000508c        0x0 c:/program files (x86)/atmel/studio/7.0/toolchain/avr8/avr8-gnu-toolchain/bin/../lib/gcc/avr/4.9.2/avr5\libgcc.a(_exit.o)
 .text          0x0000508c        0x0 c:/program files (x86)/atmel/studio/7.0/toolchain/avr8/avr8-gnu-toolchain/bin/../lib/gcc/avr/4.9.2/avr5\libgcc.a(_tablejump2.o)
 .text          0x0000508c        0x0 c:/program files (x86)/atmel/studio/7.0/toolchain/avr8/avr8-gnu-toolchain/bin/../lib/gcc/avr/4.9.2/avr5\libgcc.a(_copy_data.o)
 .text          0x0000508c        0x0 c:/program files (x86)/atmel/studio/7.0/toolchain/avr8/avr8-gnu-toolchain/bin/../lib/gcc/avr/4.9.2/avr5\libgcc.a(_clear_bss.o)
 .text          0x0000508c        0x0 c:/program files (x86)/atmel/studio/7.0/toolchain/avr8/avr8-gnu-toolchain/bin/../lib/gcc/avr/4.9.2/../../../../avr/lib/avr5\libc.a(memcpy.o)
                0x0000508c                . = ALIGN (0x2)
 *(.text.*)
 .text.libgcc.mul
                0x0000508c        0x0 c:/program files (x86)/atmel/studio/7.0/toolchain/avr8/avr8-gnu-toolchain/bin/../lib/gcc/avr/4.9.2/avr5\libgcc.a(_exit.o)
 .text.libgcc.div
                0x0000508c        0x0 c:/program files (x86)/atmel/studio/7.0/toolchain/avr8/avr8-gnu-toolchain/bin/../lib/gcc/avr/4.9.2/avr5\libgcc.a(_exit.o)
 .text.libgcc   0x0000508c        0x0 c:/program files (x86)/atmel/studio/7.0/toolchain/avr8/avr8-gnu-toolchain/bin/../lib/gcc/avr/4.9.2/avr5\libgcc.a(_exit.o)
 .text.libgcc.prologue
                0x0000508c        0x0 c:/program files (x86)/atmel/studio/7.0/toolchain/avr8/avr8-gnu-toolchain/bin/../lib/gcc/avr/4.9.2/avr5\libgcc.a(_exit.o)
 .text.libgcc.builtins
                0x0000508c        0x0 c:/program files (x86)/atmel/studio/7.0/toolchain/avr8/avr8-gnu-toolchain/bin/../lib/gcc/avr/4.9.2/avr5\libgcc.a(_exit.o)
 .text.libgcc.fmul
                0x0000508c        0x0 c:/program files (x86)/atmel/studio/7.0/toolchain/avr8/avr8-gnu-toolchain/bin/../lib/gcc/avr/4.9.2/avr5\libgcc.a(_exit.o)
 .text.libgcc.fixed
                0x0000508c        0x0 c:/program files (x86)/atmel/studio/7.0/toolchain/avr8/avr8-gnu-toolchain/bin/../lib/gcc/avr/4.9.2/avr5\libgcc.a(_exit.o)
 .text.libgcc.mul
                0x0000508c        0x0 c:/program files (x86)/atmel/studio/7.0/toolchain/avr8/avr8-gnu-toolchain/bin/../lib/gcc/avr/4.9.2/avr5\libgcc.a(_tablejump2.o)
 .text.libgcc.div
                0x0000508c        0x0 c:/program files (x86)/atmel/studio/7.0/toolchain/avr8/avr8-gnu-toolchain/bin/../lib/gcc/avr/4.9.2/avr5\libgcc.a(_tablejump2.o)
 .text.libgcc   0x0000508c        0xc c:/program files (x86)/atmel/studio/7.0/toolchain/avr8/avr8-gnu-toolchain/bin/../lib/gcc/avr/4.9.2/avr5\libgcc.a(_tablejump2.o)
                0x0000508c                __tablejump2__
 .text.libgcc.prologue
                0x00005098        0x0 c:/program files (x86)/atmel/studio/7.0/toolchain/avr8/avr8-gnu-toolchain/bin/../lib/gcc/avr/4.9.2/avr5\libgcc.a(_tablejump2.o)
 .text.libgcc.builtins
                0x00005098        0x0 c:/program files (x86)/atmel/studio/7.0/toolchain/avr8/avr8-gnu-toolchain/bin/../lib/gcc/avr/4.9.2/avr5\libgcc.a(_tablejump2.o)
 .text.libgcc.fmul
                0x00005098        0x0 c:/program files (x86)/atmel/studio/7.0/toolchain/avr8/avr8-gnu-toolchain/bin/../lib/gcc/avr/4.9.2/avr5\libgcc.a(_tablejump2.o)
 .text.libgcc.fixed
                0x00005098        0x0 c:/program files (x86)/atmel/studio/7.0/toolchain/avr8/avr8-gnu-toolchain/bin/../lib/gcc/avr/4.9.2/avr5\libgcc.a(_tablejump2.o)
 .text.libgcc.mul
                0x00005098        0x0 c:/program files (x86)/atmel/studio/7.0/toolchain/avr8/avr8-gnu-toolchain/bin/../lib/gcc/avr/4.9.2/avr5\libgcc.a(_copy_data.o)
 .text.libgcc.div
                0x00005098        0x0 c:/program files (x86)/atmel/studio/7.0/toolchain/avr8/avr8-gnu-toolchain/bin/../lib/gcc/avr/4.9.2/avr5\libgcc.a(_copy_data.o)
 .text.libgcc   0x00005098        0x0 c:/program files (x86)/atmel/studio/7.0/toolchain/avr8/avr8-gnu-toolchain/bin/../lib/gcc/avr/4.9.2/avr5\libgcc.a(_copy_data.o)
 .text.libgcc.prologue
                0x00005098        0x0 c:/program files (x86)/atmel/studio/7.0/toolchain/avr8/avr8-gnu-toolchain/bin/../lib/gcc/avr/4.9.2/avr5\libgcc.a(_copy_data.o)
 .text.libgcc.builtins
                0x00005098        0x0 c:/program files (x86)/atmel/studio/7.0/toolchain/avr8/avr8-gnu-toolchain/bin/../lib/gcc/avr/4.9.2/avr5\libgcc.a(_copy_data.o)
 .text.libgcc.fmul
                0x00005098        0x0 c:/program files (x86)/atmel/studio/7.0/toolchain/avr8/avr8-gnu-toolchain/bin/../lib/gcc/avr/4.9.2/avr5\libgcc.a(_copy_data.o)
 .text.libgcc.fixed
                0x00005098        0x0 c:/program files (x86)/atmel/studio/7.0/toolchain/avr8/avr8-gnu-toolchain/bin/../lib/gcc/avr/4.9.2/avr5\libgcc.a(_copy_data.o)
 .text.libgcc.mul
                0x00005098        0x0 c:/program files (x86)/atmel/studio/7.0/toolchain/avr8/avr8-gnu-toolchain/bin/../lib/gcc/avr/4.9.2/avr5\libgcc.a(_clear_bss.o)
 .text.libgcc.div
                0x00005098        0x0 c:/program files (x86)/atmel/studio/7.0/toolchain/avr8/avr8-gnu-toolchain/bin/../lib/gcc/avr/4.9.2/avr5\libgcc.a(_clear_bss.o)
 .text.libgcc   0x00005098        0x0 c:/program files (x86)/atmel/studio/7.0/toolchain/avr8/avr8-gnu-toolchain/bin/../lib/gcc/avr/4.9.2/avr5\libgcc.a(_clear_bss.o)
 .text.libgcc.prologue
                0x00005098        0x0 c:/program files (x86)/atmel/studio/7.0/toolchain/avr8/avr8-gnu-toolchain/bin/../lib/gcc/avr/4.9.2/avr5\libgcc.a(_clear_bss.o)
 .text.libgcc.builtins
                0x00005098        0x0 c:/program files (x86)/atmel/studio/7.0/toolchain/avr8/avr8-gnu-toolchain/bin/../lib/gcc/avr/4.9.2/avr5\libgcc.a(_clear_bss.o)
 .text.libgcc.fmul
                0x00005098        0x0 c:/program files (x86)/atmel/studio/7.0/toolchain/avr8/avr8-gnu-toolchain/bin/../lib/gcc/avr/4.9.2/avr5\libgcc.a(_clear_bss.o)
 .text.libgcc.fixed
                0x00005098        0x0 c:/program files (x86)/atmel/studio/7.0/toolchain/avr8/avr8-gnu-toolchain/bin/../lib/gcc/avr/4.9.2/avr5\libgcc.a(_clear_bss.o)
 .text.avr-libc
                0x00005098       0x12 c:/program files (x86)/atmel/studio/7.0/toolchain/avr8/avr8-gnu-toolchain/bin/../lib/gcc/avr/4.9.2/../../../../avr/lib/avr5\libc.a(memcpy.o)
                0x00005098                memcpy
                0x000050aa                . = ALIGN (0x2)
 *(.fini9)
 .fini9         0x000050aa        0x0 c:/program files (x86)/atmel/studio/7.0/toolchain/avr8/avr8-gnu-toolchain/bin/../lib/gcc/avr/4.9.2/avr5\libgcc.a(_exit.o)
                0x000050aa                _exit
                0x000050aa                exit
 *(.fini9)
 *(.fini8)
 *(.fini8)
 *(.fini7)
 *(.fini7)
 *(.fini6)
 *(.fini6)
 *(.fini5)
 *(.fini5)
 *(.fini4)
 *(.fini4)
 *(.fini3)
 *(.fini3)
 *(.fini2)
 *(.fini2)
 *(.fini1)
 *(.fini1)
 *(.fini0)
 .fini0         0x000050aa        0x4 c:/program files (x86)/atmel/studio/7.0/toolchain/avr8/avr8-gnu-toolchain/bin/../lib/gcc/avr/4.9.2/avr5\libgcc.a(_exit.o)
 *(.fini0)
                0x000050ae                _etext = .

.data           0x00800100        0xe load address 0x000050ae
                0x00800100                PROVIDE (__data_start, .)
 *(.data)
 .data          0x00800100        0x0 C:/Program Files (x86)/Atmel/Studio/7.0/Packs/atmel/ATmega_DFP/1.0.90/gcc/dev/atmega64c1/avr5/crtatmega64c1.o
 .data          0x00800100        0x0 Drivers/CAN/can_drv.o
 .data          0x00800100        0x0 Drivers/CAN/can_lib.o
 .data          0x00800100        0x0 main.o
 .data          0x00800100        0x0 Source/list.o
 .data          0x00800100        0x0 Source/portable/GCC/ATmega64c1/port.o
 .data          0x00800100        0x0 Source/portable/MemMang/heap_1.o
 .data          0x00800100        0x0 Source/queue.o
 .data          0x00800100        0x0 Source/tasks.o
 .data          0x00800100        0x0 node_tasks.o
 .data          0x00800100        0x0 c:/program files (x86)/atmel/studio/7.0/toolchain/avr8/avr8-gnu-toolchain/bin/../lib/gcc/avr/4.9.2/avr5\libgcc.a(_exit.o)
 .data          0x00800100        0x0 c:/program files (x86)/atmel/studio/7.0/toolchain/avr8/avr8-gnu-toolchain/bin/../lib/gcc/avr/4.9.2/avr5\libgcc.a(_tablejump2.o)
 .data          0x00800100        0x0 c:/program files (x86)/atmel/studio/7.0/toolchain/avr8/avr8-gnu-toolchain/bin/../lib/gcc/avr/4.9.2/avr5\libgcc.a(_copy_data.o)
 .data          0x00800100        0x0 c:/program files (x86)/atmel/studio/7.0/toolchain/avr8/avr8-gnu-toolchain/bin/../lib/gcc/avr/4.9.2/avr5\libgcc.a(_clear_bss.o)
 .data          0x00800100        0x0 c:/program files (x86)/atmel/studio/7.0/toolchain/avr8/avr8-gnu-toolchain/bin/../lib/gcc/avr/4.9.2/../../../../avr/lib/avr5\libc.a(memcpy.o)
 *(.data*)
 *(.rodata)
 .rodata        0x00800100        0x8 main.o
 .rodata        0x00800108        0x5 Source/tasks.o
 *(.rodata*)
 *(.gnu.linkonce.d*)
                0x0080010e                . = ALIGN (0x2)
 *fill*         0x0080010d        0x1 
                0x0080010e                _edata = .
                0x0080010e                PROVIDE (__data_end, .)

.bss            0x0080010e      0x45b
                0x0080010e                PROVIDE (__bss_start, .)
 *(.bss)
 .bss           0x0080010e        0x0 C:/Program Files (x86)/Atmel/Studio/7.0/Packs/atmel/ATmega_DFP/1.0.90/gcc/dev/atmega64c1/avr5/crtatmega64c1.o
 .bss           0x0080010e        0x0 Drivers/CAN/can_drv.o
 .bss           0x0080010e        0x0 Drivers/CAN/can_lib.o
 .bss           0x0080010e        0x0 main.o
 .bss           0x0080010e        0x0 Source/list.o
 .bss           0x0080010e        0x0 Source/portable/GCC/ATmega64c1/port.o
 .bss           0x0080010e      0x3ec Source/portable/MemMang/heap_1.o
 .bss           0x008004fa        0x0 Source/queue.o
 .bss           0x008004fa       0x5b Source/tasks.o
                0x008004fa                pxCurrentTCB
 .bss           0x00800555        0x0 node_tasks.o
 .bss           0x00800555        0x0 c:/program files (x86)/atmel/studio/7.0/toolchain/avr8/avr8-gnu-toolchain/bin/../lib/gcc/avr/4.9.2/avr5\libgcc.a(_exit.o)
 .bss           0x00800555        0x0 c:/program files (x86)/atmel/studio/7.0/toolchain/avr8/avr8-gnu-toolchain/bin/../lib/gcc/avr/4.9.2/avr5\libgcc.a(_tablejump2.o)
 .bss           0x00800555        0x0 c:/program files (x86)/atmel/studio/7.0/toolchain/avr8/avr8-gnu-toolchain/bin/../lib/gcc/avr/4.9.2/avr5\libgcc.a(_copy_data.o)
 .bss           0x00800555        0x0 c:/program files (x86)/atmel/studio/7.0/toolchain/avr8/avr8-gnu-toolchain/bin/../lib/gcc/avr/4.9.2/avr5\libgcc.a(_clear_bss.o)
 .bss           0x00800555        0x0 c:/program files (x86)/atmel/studio/7.0/toolchain/avr8/avr8-gnu-toolchain/bin/../lib/gcc/avr/4.9.2/../../../../avr/lib/avr5\libc.a(memcpy.o)
 *(.bss*)
 *(COMMON)
 COMMON         0x00800555       0x14 node_tasks.o
                0x00800555                can_send_buffer
                0x0080055d                heartbeat_cmd_st
                0x00800569                PROVIDE (__bss_end, .)
                0x000050ae                __data_load_start = LOADADDR (.data)
                0x000050bc                __data_load_end = (__data_load_start + SIZEOF (.data))

.noinit         0x00800569        0x0
                0x00800569                PROVIDE (__noinit_start, .)
 *(.noinit*)
                0x00800569                PROVIDE (__noinit_end, .)
                0x00800569                _end = .
                0x00800569                PROVIDE (__heap_start, .)

.eeprom         0x00810000        0x0
 *(.eeprom*)
                0x00810000                __eeprom_end = .

.fuse
 *(.fuse)
 *(.lfuse)
 *(.hfuse)
 *(.efuse)

.lock
 *(.lock*)

.signature
 *(.signature*)

.user_signatures
 *(.user_signatures*)

.stab
 *(.stab)

.stabstr
 *(.stabstr)

.stab.excl
 *(.stab.excl)

.stab.exclstr
 *(.stab.exclstr)

.stab.index
 *(.stab.index)

.stab.indexstr
 *(.stab.indexstr)

.comment        0x00000000       0x30
 *(.comment)
 .comment       0x00000000       0x30 Drivers/CAN/can_drv.o
                                 0x31 (size before relaxing)
 .comment       0x00000030       0x31 Drivers/CAN/can_lib.o
 .comment       0x00000030       0x31 main.o
 .comment       0x00000030       0x31 Source/list.o
 .comment       0x00000030       0x31 Source/portable/GCC/ATmega64c1/port.o
 .comment       0x00000030       0x31 Source/portable/MemMang/heap_1.o
 .comment       0x00000030       0x31 Source/queue.o
 .comment       0x00000030       0x31 Source/tasks.o
 .comment       0x00000030       0x31 node_tasks.o

.note.gnu.avr.deviceinfo
                0x00000000       0x40
 .note.gnu.avr.deviceinfo
                0x00000000       0x40 C:/Program Files (x86)/Atmel/Studio/7.0/Packs/atmel/ATmega_DFP/1.0.90/gcc/dev/atmega64c1/avr5/crtatmega64c1.o

.note.gnu.build-id
 *(.note.gnu.build-id)

.debug
 *(.debug)

.line
 *(.line)

.debug_srcinfo
 *(.debug_srcinfo)

.debug_sfnames
 *(.debug_sfnames)

.debug_aranges  0x00000000      0x120
 *(.debug_aranges)
 .debug_aranges
                0x00000000       0x20 Drivers/CAN/can_drv.o
 .debug_aranges
                0x00000020       0x20 Drivers/CAN/can_lib.o
 .debug_aranges
                0x00000040       0x20 main.o
 .debug_aranges
                0x00000060       0x20 Source/list.o
 .debug_aranges
                0x00000080       0x20 Source/portable/GCC/ATmega64c1/port.o
 .debug_aranges
                0x000000a0       0x20 Source/portable/MemMang/heap_1.o
 .debug_aranges
                0x000000c0       0x20 Source/queue.o
 .debug_aranges
                0x000000e0       0x20 Source/tasks.o
 .debug_aranges
                0x00000100       0x20 node_tasks.o

.debug_pubnames
 *(.debug_pubnames)

.debug_info     0x00000000     0x2933
 *(.debug_info .gnu.linkonce.wi.*)
 .debug_info    0x00000000      0x2d8 Drivers/CAN/can_drv.o
 .debug_info    0x000002d8      0x2d9 Drivers/CAN/can_lib.o
 .debug_info    0x000005b1       0x8a main.o
 .debug_info    0x0000063b      0x2a9 Source/list.o
 .debug_info    0x000008e4      0x1ed Source/portable/GCC/ATmega64c1/port.o
 .debug_info    0x00000ad1      0x170 Source/portable/MemMang/heap_1.o
 .debug_info    0x00000c41      0x9ae Source/queue.o
 .debug_info    0x000015ef      0xfca Source/tasks.o
 .debug_info    0x000025b9      0x37a node_tasks.o

.debug_abbrev   0x00000000      0x9d3
 *(.debug_abbrev)
 .debug_abbrev  0x00000000       0xf5 Drivers/CAN/can_drv.o
 .debug_abbrev  0x000000f5      0x132 Drivers/CAN/can_lib.o
 .debug_abbrev  0x00000227       0x47 main.o
 .debug_abbrev  0x0000026e       0xc1 Source/list.o
 .debug_abbrev  0x0000032f      0x105 Source/portable/GCC/ATmega64c1/port.o
 .debug_abbrev  0x00000434       0xf1 Source/portable/MemMang/heap_1.o
 .debug_abbrev  0x00000525      0x17a Source/queue.o
 .debug_abbrev  0x0000069f      0x20b Source/tasks.o
 .debug_abbrev  0x000008aa      0x129 node_tasks.o

.debug_line     0x00000000     0x24bb
 *(.debug_line .debug_line.* .debug_line_end)
 .debug_line    0x00000000      0x414 Drivers/CAN/can_drv.o
 .debug_line    0x00000414      0x3d8 Drivers/CAN/can_lib.o
 .debug_line    0x000007ec      0x35c main.o
 .debug_line    0x00000b48      0x33d Source/list.o
 .debug_line    0x00000e85      0x39e Source/portable/GCC/ATmega64c1/port.o
 .debug_line    0x00001223      0x340 Source/portable/MemMang/heap_1.o
 .debug_line    0x00001563      0x4d5 Source/queue.o
 .debug_line    0x00001a38      0x6bf Source/tasks.o
 .debug_line    0x000020f7      0x3c4 node_tasks.o

.debug_frame    0x00000000      0xbd0
 *(.debug_frame)
 .debug_frame   0x00000000       0xd4 Drivers/CAN/can_drv.o
 .debug_frame   0x000000d4       0x74 Drivers/CAN/can_lib.o
 .debug_frame   0x00000148       0x54 main.o
 .debug_frame   0x0000019c       0xb4 Source/list.o
 .debug_frame   0x00000250       0xc4 Source/portable/GCC/ATmega64c1/port.o
 .debug_frame   0x00000314       0x94 Source/portable/MemMang/heap_1.o
 .debug_frame   0x000003a8      0x274 Source/queue.o
 .debug_frame   0x0000061c      0x500 Source/tasks.o
 .debug_frame   0x00000b1c       0xb4 node_tasks.o

.debug_str      0x00000000     0xff7b
 *(.debug_str)
 .debug_str     0x00000000     0x8d4e Drivers/CAN/can_drv.o
                               0x8e48 (size before relaxing)
 .debug_str     0x00008d4e      0x1cc Drivers/CAN/can_lib.o
                               0x8ece (size before relaxing)
 .debug_str     0x00008f1a     0x3602 main.o
                               0xc3d5 (size before relaxing)
 .debug_str     0x0000c51c      0x31f Source/list.o
                               0xa80f (size before relaxing)
 .debug_str     0x0000c83b      0x8f7 Source/portable/GCC/ATmega64c1/port.o
                               0xbac1 (size before relaxing)
 .debug_str     0x0000d132      0x130 Source/portable/MemMang/heap_1.o
                               0xaf6a (size before relaxing)
 .debug_str     0x0000d262     0x1118 Source/queue.o
                               0xc0ad (size before relaxing)
 .debug_str     0x0000e37a     0x149b Source/tasks.o
                               0xc64e (size before relaxing)
 .debug_str     0x0000f815      0x766 node_tasks.o
                               0xcc1a (size before relaxing)

.debug_loc      0x00000000     0x183b
 *(.debug_loc)
 .debug_loc     0x00000000      0x1af Drivers/CAN/can_drv.o
 .debug_loc     0x000001af       0xd7 Drivers/CAN/can_lib.o
 .debug_loc     0x00000286       0x96 main.o
 .debug_loc     0x0000031c      0x167 Source/list.o
 .debug_loc     0x00000483      0x105 Source/portable/GCC/ATmega64c1/port.o
 .debug_loc     0x00000588      0x106 Source/portable/MemMang/heap_1.o
 .debug_loc     0x0000068e      0x551 Source/queue.o
 .debug_loc     0x00000bdf      0xaf6 Source/tasks.o
 .debug_loc     0x000016d5      0x166 node_tasks.o

.debug_macinfo
 *(.debug_macinfo)

.debug_weaknames
 *(.debug_weaknames)

.debug_funcnames
 *(.debug_funcnames)

.debug_typenames
 *(.debug_typenames)

.debug_varnames
 *(.debug_varnames)

.debug_pubtypes
 *(.debug_pubtypes)

.debug_ranges   0x00000000       0x18
 *(.debug_ranges)
 .debug_ranges  0x00000000       0x18 Source/tasks.o

.debug_macro    0x00000000     0x526e
 *(.debug_macro)
 .debug_macro   0x00000000       0xa8 Drivers/CAN/can_drv.o
 .debug_macro   0x000000a8      0xa48 Drivers/CAN/can_drv.o
 .debug_macro   0x00000af0       0x10 Drivers/CAN/can_drv.o
 .debug_macro   0x00000b00      0x1ad Drivers/CAN/can_drv.o
 .debug_macro   0x00000cad      0x293 Drivers/CAN/can_drv.o
 .debug_macro   0x00000f40       0x9e Drivers/CAN/can_drv.o
 .debug_macro   0x00000fde     0x1dbe Drivers/CAN/can_drv.o
 .debug_macro   0x00002d9c      0x156 Drivers/CAN/can_drv.o
 .debug_macro   0x00002ef2       0xbd Drivers/CAN/can_drv.o
 .debug_macro   0x00002faf       0x34 Drivers/CAN/can_drv.o
 .debug_macro   0x00002fe3       0x18 Drivers/CAN/can_drv.o
 .debug_macro   0x00002ffb       0x6c Drivers/CAN/can_drv.o
 .debug_macro   0x00003067       0x69 Drivers/CAN/can_drv.o
 .debug_macro   0x000030d0       0x22 Drivers/CAN/can_drv.o
 .debug_macro   0x000030f2      0x2de Drivers/CAN/can_drv.o
 .debug_macro   0x000033d0       0xb7 Drivers/CAN/can_lib.o
 .debug_macro   0x00003487       0x22 Drivers/CAN/can_lib.o
 .debug_macro   0x000034a9      0x140 main.o
 .debug_macro   0x000035e9      0x166 main.o
 .debug_macro   0x0000374f       0x8e main.o
 .debug_macro   0x000037dd      0x15d main.o
 .debug_macro   0x0000393a       0x83 main.o
 .debug_macro   0x000039bd       0x10 main.o
 .debug_macro   0x000039cd       0x1f main.o
 .debug_macro   0x000039ec      0x43a main.o
 .debug_macro   0x00003e26       0xc0 main.o
 .debug_macro   0x00003ee6       0x9a main.o
 .debug_macro   0x00003f80      0x2d8 main.o
 .debug_macro   0x00004258       0x28 main.o
 .debug_macro   0x00004280       0xfd Source/list.o
 .debug_macro   0x0000437d       0x1c Source/list.o
 .debug_macro   0x00004399      0x10e Source/list.o
 .debug_macro   0x000044a7       0x66 Source/list.o
 .debug_macro   0x0000450d       0x7f Source/list.o
 .debug_macro   0x0000458c      0x299 Source/list.o
 .debug_macro   0x00004825       0x88 Source/list.o
 .debug_macro   0x000048ad      0x146 Source/portable/GCC/ATmega64c1/port.o
 .debug_macro   0x000049f3       0x63 Source/portable/GCC/ATmega64c1/port.o
 .debug_macro   0x00004a56      0x11e Source/portable/MemMang/heap_1.o
 .debug_macro   0x00004b74      0x170 Source/queue.o
 .debug_macro   0x00004ce4       0x16 Source/queue.o
 .debug_macro   0x00004cfa       0x20 Source/queue.o
 .debug_macro   0x00004d1a       0xb0 Source/queue.o
 .debug_macro   0x00004dca      0x1b3 Source/tasks.o
 .debug_macro   0x00004f7d       0x91 Source/tasks.o
 .debug_macro   0x0000500e       0x11 Source/tasks.o
 .debug_macro   0x0000501f      0x13d node_tasks.o
 .debug_macro   0x0000515c      0x112 node_tasks.o
OUTPUT(FrontSensorModule.elf elf32-avr)
LOAD linker stubs
